Archive member included to satisfy reference by file (symbol)

c:/st/stm32cubeide_1.11.0/stm32cubeide/plugins/com.st.stm32cube.ide.mcu.externaltools.gnu-tools-for-stm32.10.3-2021.10.win32_1.0.100.202210260954/tools/bin/../lib/gcc/arm-none-eabi/10.3.1/../../../../arm-none-eabi/lib/thumb/v7-m/nofp\libm.a(lib_a-sf_cos.o)
                              ./Core/Src/ssd1306.o (cosf)
c:/st/stm32cubeide_1.11.0/stm32cubeide/plugins/com.st.stm32cube.ide.mcu.externaltools.gnu-tools-for-stm32.10.3-2021.10.win32_1.0.100.202210260954/tools/bin/../lib/gcc/arm-none-eabi/10.3.1/../../../../arm-none-eabi/lib/thumb/v7-m/nofp\libm.a(lib_a-sf_floor.o)
                              ./Core/Src/ARGB.o (floorf)
c:/st/stm32cubeide_1.11.0/stm32cubeide/plugins/com.st.stm32cube.ide.mcu.externaltools.gnu-tools-for-stm32.10.3-2021.10.win32_1.0.100.202210260954/tools/bin/../lib/gcc/arm-none-eabi/10.3.1/../../../../arm-none-eabi/lib/thumb/v7-m/nofp\libm.a(lib_a-sf_sin.o)
                              ./Core/Src/ssd1306.o (sinf)
c:/st/stm32cubeide_1.11.0/stm32cubeide/plugins/com.st.stm32cube.ide.mcu.externaltools.gnu-tools-for-stm32.10.3-2021.10.win32_1.0.100.202210260954/tools/bin/../lib/gcc/arm-none-eabi/10.3.1/../../../../arm-none-eabi/lib/thumb/v7-m/nofp\libm.a(lib_a-ef_rem_pio2.o)
                              c:/st/stm32cubeide_1.11.0/stm32cubeide/plugins/com.st.stm32cube.ide.mcu.externaltools.gnu-tools-for-stm32.10.3-2021.10.win32_1.0.100.202210260954/tools/bin/../lib/gcc/arm-none-eabi/10.3.1/../../../../arm-none-eabi/lib/thumb/v7-m/nofp\libm.a(lib_a-sf_cos.o) (__ieee754_rem_pio2f)
c:/st/stm32cubeide_1.11.0/stm32cubeide/plugins/com.st.stm32cube.ide.mcu.externaltools.gnu-tools-for-stm32.10.3-2021.10.win32_1.0.100.202210260954/tools/bin/../lib/gcc/arm-none-eabi/10.3.1/../../../../arm-none-eabi/lib/thumb/v7-m/nofp\libm.a(lib_a-kf_cos.o)
                              c:/st/stm32cubeide_1.11.0/stm32cubeide/plugins/com.st.stm32cube.ide.mcu.externaltools.gnu-tools-for-stm32.10.3-2021.10.win32_1.0.100.202210260954/tools/bin/../lib/gcc/arm-none-eabi/10.3.1/../../../../arm-none-eabi/lib/thumb/v7-m/nofp\libm.a(lib_a-sf_cos.o) (__kernel_cosf)
c:/st/stm32cubeide_1.11.0/stm32cubeide/plugins/com.st.stm32cube.ide.mcu.externaltools.gnu-tools-for-stm32.10.3-2021.10.win32_1.0.100.202210260954/tools/bin/../lib/gcc/arm-none-eabi/10.3.1/../../../../arm-none-eabi/lib/thumb/v7-m/nofp\libm.a(lib_a-kf_rem_pio2.o)
                              c:/st/stm32cubeide_1.11.0/stm32cubeide/plugins/com.st.stm32cube.ide.mcu.externaltools.gnu-tools-for-stm32.10.3-2021.10.win32_1.0.100.202210260954/tools/bin/../lib/gcc/arm-none-eabi/10.3.1/../../../../arm-none-eabi/lib/thumb/v7-m/nofp\libm.a(lib_a-ef_rem_pio2.o) (__kernel_rem_pio2f)
c:/st/stm32cubeide_1.11.0/stm32cubeide/plugins/com.st.stm32cube.ide.mcu.externaltools.gnu-tools-for-stm32.10.3-2021.10.win32_1.0.100.202210260954/tools/bin/../lib/gcc/arm-none-eabi/10.3.1/../../../../arm-none-eabi/lib/thumb/v7-m/nofp\libm.a(lib_a-kf_sin.o)
                              c:/st/stm32cubeide_1.11.0/stm32cubeide/plugins/com.st.stm32cube.ide.mcu.externaltools.gnu-tools-for-stm32.10.3-2021.10.win32_1.0.100.202210260954/tools/bin/../lib/gcc/arm-none-eabi/10.3.1/../../../../arm-none-eabi/lib/thumb/v7-m/nofp\libm.a(lib_a-sf_cos.o) (__kernel_sinf)
c:/st/stm32cubeide_1.11.0/stm32cubeide/plugins/com.st.stm32cube.ide.mcu.externaltools.gnu-tools-for-stm32.10.3-2021.10.win32_1.0.100.202210260954/tools/bin/../lib/gcc/arm-none-eabi/10.3.1/../../../../arm-none-eabi/lib/thumb/v7-m/nofp\libm.a(lib_a-sf_fabs.o)
                              c:/st/stm32cubeide_1.11.0/stm32cubeide/plugins/com.st.stm32cube.ide.mcu.externaltools.gnu-tools-for-stm32.10.3-2021.10.win32_1.0.100.202210260954/tools/bin/../lib/gcc/arm-none-eabi/10.3.1/../../../../arm-none-eabi/lib/thumb/v7-m/nofp\libm.a(lib_a-ef_rem_pio2.o) (fabsf)
c:/st/stm32cubeide_1.11.0/stm32cubeide/plugins/com.st.stm32cube.ide.mcu.externaltools.gnu-tools-for-stm32.10.3-2021.10.win32_1.0.100.202210260954/tools/bin/../lib/gcc/arm-none-eabi/10.3.1/../../../../arm-none-eabi/lib/thumb/v7-m/nofp\libm.a(lib_a-sf_scalbn.o)
                              c:/st/stm32cubeide_1.11.0/stm32cubeide/plugins/com.st.stm32cube.ide.mcu.externaltools.gnu-tools-for-stm32.10.3-2021.10.win32_1.0.100.202210260954/tools/bin/../lib/gcc/arm-none-eabi/10.3.1/../../../../arm-none-eabi/lib/thumb/v7-m/nofp\libm.a(lib_a-kf_rem_pio2.o) (scalbnf)
c:/st/stm32cubeide_1.11.0/stm32cubeide/plugins/com.st.stm32cube.ide.mcu.externaltools.gnu-tools-for-stm32.10.3-2021.10.win32_1.0.100.202210260954/tools/bin/../lib/gcc/arm-none-eabi/10.3.1/../../../../arm-none-eabi/lib/thumb/v7-m/nofp\libc_nano.a(lib_a-errno.o)
                              ./Core/Src/syscalls.o (__errno)
c:/st/stm32cubeide_1.11.0/stm32cubeide/plugins/com.st.stm32cube.ide.mcu.externaltools.gnu-tools-for-stm32.10.3-2021.10.win32_1.0.100.202210260954/tools/bin/../lib/gcc/arm-none-eabi/10.3.1/../../../../arm-none-eabi/lib/thumb/v7-m/nofp\libc_nano.a(lib_a-exit.o)
[...]
Memory Configuration

Name             Origin             Length             Attributes
RAM              0x0000000020000000 0x0000000000002800 xrw
FLASH            0x0000000008000000 0x0000000000008000 xr
*default*        0x0000000000000000 0xffffffffffffffff

Linker script and memory map

LOAD c:/st/stm32cubeide_1.11.0/stm32cubeide/plugins/com.st.stm32cube.ide.mcu.externaltools.gnu-tools-for-stm32.10.3-2021.10.win32_1.0.100.202210260954/tools/bin/../lib/gcc/arm-none-eabi/10.3.1/thumb/v7-m/nofp/crti.o
LOAD c:/st/stm32cubeide_1.11.0/stm32cubeide/plugins/com.st.stm32cube.ide.mcu.externaltools.gnu-tools-for-stm32.10.3-2021.10.win32_1.0.100.202210260954/tools/bin/../lib/gcc/arm-none-eabi/10.3.1/thumb/v7-m/nofp/crtbegin.o
LOAD c:/st/stm32cubeide_1.11.0/stm32cubeide/plugins/com.st.stm32cube.ide.mcu.externaltools.gnu-tools-for-stm32.10.3-2021.10.win32_1.0.100.202210260954/tools/bin/../lib/gcc/arm-none-eabi/10.3.1/../../../../arm-none-eabi/lib/thumb/v7-m/nofp/crt0.o
LOAD ./Core/Src/ARGB.o
LOAD ./Core/Src/DFPLAYER_MINI.o
LOAD ./Core/Src/dma.o
LOAD ./Core/Src/gpio.o
LOAD ./Core/Src/i2c.o
LOAD ./Core/Src/logic.o
LOAD ./Core/Src/main.o
LOAD ./Core/Src/ssd1306.o
LOAD ./Core/Src/ssd1306_fonts.o
LOAD ./Core/Src/ssd1306_tests.o
LOAD ./Core/Src/stm32f1xx_hal_msp.o
LOAD ./Core/Src/stm32f1xx_it.o
LOAD ./Core/Src/syscalls.o
LOAD ./Core/Src/sysmem.o
LOAD ./Core/Src/system_stm32f1xx.o
LOAD ./Core/Src/tim.o
LOAD ./Core/Src/usart.o
LOAD ./Core/Startup/startup_stm32f103c6tx.o
LOAD ./Drivers/STM32F1xx_HAL_Driver/Src/stm32f1xx_hal.o
LOAD ./Drivers/STM32F1xx_HAL_Driver/Src/stm32f1xx_hal_cortex.o
LOAD ./Drivers/STM32F1xx_HAL_Driver/Src/stm32f1xx_hal_dma.o
LOAD ./Drivers/STM32F1xx_HAL_Driver/Src/stm32f1xx_hal_exti.o
LOAD ./Drivers/STM32F1xx_HAL_Driver/Src/stm32f1xx_hal_flash.o
LOAD ./Drivers/STM32F1xx_HAL_Driver/Src/stm32f1xx_hal_flash_ex.o
LOAD ./Drivers/STM32F1xx_HAL_Driver/Src/stm32f1xx_hal_gpio.o
LOAD ./Drivers/STM32F1xx_HAL_Driver/Src/stm32f1xx_hal_gpio_ex.o
LOAD ./Drivers/STM32F1xx_HAL_Driver/Src/stm32f1xx_hal_i2c.o
LOAD ./Drivers/STM32F1xx_HAL_Driver/Src/stm32f1xx_hal_pwr.o
LOAD ./Drivers/STM32F1xx_HAL_Driver/Src/stm32f1xx_hal_rcc.o
LOAD ./Drivers/STM32F1xx_HAL_Driver/Src/stm32f1xx_hal_rcc_ex.o
LOAD ./Drivers/STM32F1xx_HAL_Driver/Src/stm32f1xx_hal_tim.o
LOAD ./Drivers/STM32F1xx_HAL_Driver/Src/stm32f1xx_hal_tim_ex.o
LOAD ./Drivers/STM32F1xx_HAL_Driver/Src/stm32f1xx_hal_uart.o
START GROUP
LOAD c:/st/stm32cubeide_1.11.0/stm32cubeide/plugins/com.st.stm32cube.ide.mcu.externaltools.gnu-tools-for-stm32.10.3-2021.10.win32_1.0.100.202210260954/tools/bin/../lib/gcc/arm-none-eabi/10.3.1/../../../../arm-none-eabi/lib/thumb/v7-m/nofp\libstdc++_nano.a
LOAD c:/st/stm32cubeide_1.11.0/stm32cubeide/plugins/com.st.stm32cube.ide.mcu.externaltools.gnu-tools-for-stm32.10.3-2021.10.win32_1.0.100.202210260954/tools/bin/../lib/gcc/arm-none-eabi/10.3.1/../../../../arm-none-eabi/lib/thumb/v7-m/nofp\libsupc++_nano.a
END GROUP
LOAD c:/st/stm32cubeide_1.11.0/stm32cubeide/plugins/com.st.stm32cube.ide.mcu.externaltools.gnu-tools-for-stm32.10.3-2021.10.win32_1.0.100.202210260954/tools/bin/../lib/gcc/arm-none-eabi/10.3.1/../../../../arm-none-eabi/lib/thumb/v7-m/nofp\libstdc++_nano.a
LOAD c:/st/stm32cubeide_1.11.0/stm32cubeide/plugins/com.st.stm32cube.ide.mcu.externaltools.gnu-tools-for-stm32.10.3-2021.10.win32_1.0.100.202210260954/tools/bin/../lib/gcc/arm-none-eabi/10.3.1/../../../../arm-none-eabi/lib/thumb/v7-m/nofp\libm.a
LOAD c:/st/stm32cubeide_1.11.0/stm32cubeide/plugins/com.st.stm32cube.ide.mcu.externaltools.gnu-tools-for-stm32.10.3-2021.10.win32_1.0.100.202210260954/tools/bin/../lib/gcc/arm-none-eabi/10.3.1/../../../../arm-none-eabi/lib/thumb/v7-m/nofp\libc_nano.a
START GROUP
LOAD c:/st/stm32cubeide_1.11.0/stm32cubeide/plugins/com.st.stm32cube.ide.mcu.externaltools.gnu-tools-for-stm32.10.3-2021.10.win32_1.0.100.202210260954/tools/bin/../lib/gcc/arm-none-eabi/10.3.1/thumb/v7-m/nofp\libgcc.a
LOAD c:/st/stm32cubeide_1.11.0/stm32cubeide/plugins/com.st.stm32cube.ide.mcu.externaltools.gnu-tools-for-stm32.10.3-2021.10.win32_1.0.100.202210260954/tools/bin/../lib/gcc/arm-none-eabi/10.3.1/../../../../arm-none-eabi/lib/thumb/v7-m/nofp\libc_nano.a
END GROUP
START GROUP
LOAD c:/st/stm32cubeide_1.11.0/stm32cubeide/plugins/com.st.stm32cube.ide.mcu.externaltools.gnu-tools-for-stm32.10.3-2021.10.win32_1.0.100.202210260954/tools/bin/../lib/gcc/arm-none-eabi/10.3.1/thumb/v7-m/nofp\libgcc.a
LOAD c:/st/stm32cubeide_1.11.0/stm32cubeide/plugins/com.st.stm32cube.ide.mcu.externaltools.gnu-tools-for-stm32.10.3-2021.10.win32_1.0.100.202210260954/tools/bin/../lib/gcc/arm-none-eabi/10.3.1/../../../../arm-none-eabi/lib/thumb/v7-m/nofp\libc_nano.a
LOAD c:/st/stm32cubeide_1.11.0/stm32cubeide/plugins/com.st.stm32cube.ide.mcu.externaltools.gnu-tools-for-stm32.10.3-2021.10.win32_1.0.100.202210260954/tools/bin/../lib/gcc/arm-none-eabi/10.3.1/../../../../arm-none-eabi/lib/thumb/v7-m/nofp\libnosys.a
END GROUP
START GROUP
LOAD c:/st/stm32cubeide_1.11.0/stm32cubeide/plugins/com.st.stm32cube.ide.mcu.externaltools.gnu-tools-for-stm32.10.3-2021.10.win32_1.0.100.202210260954/tools/bin/../lib/gcc/arm-none-eabi/10.3.1/thumb/v7-m/nofp\libgcc.a
LOAD c:/st/stm32cubeide_1.11.0/stm32cubeide/plugins/com.st.stm32cube.ide.mcu.externaltools.gnu-tools-for-stm32.10.3-2021.10.win32_1.0.100.202210260954/tools/bin/../lib/gcc/arm-none-eabi/10.3.1/../../../../arm-none-eabi/lib/thumb/v7-m/nofp\libc_nano.a
LOAD c:/st/stm32cubeide_1.11.0/stm32cubeide/plugins/com.st.stm32cube.ide.mcu.externaltools.gnu-tools-for-stm32.10.3-2021.10.win32_1.0.100.202210260954/tools/bin/../lib/gcc/arm-none-eabi/10.3.1/../../../../arm-none-eabi/lib/thumb/v7-m/nofp\libnosys.a
END GROUP
LOAD c:/st/stm32cubeide_1.11.0/stm32cubeide/plugins/com.st.stm32cube.ide.mcu.externaltools.gnu-tools-for-stm32.10.3-2021.10.win32_1.0.100.202210260954/tools/bin/../lib/gcc/arm-none-eabi/10.3.1/thumb/v7-m/nofp/crtend.o
LOAD c:/st/stm32cubeide_1.11.0/stm32cubeide/plugins/com.st.stm32cube.ide.mcu.externaltools.gnu-tools-for-stm32.10.3-2021.10.win32_1.0.100.202210260954/tools/bin/../lib/gcc/arm-none-eabi/10.3.1/thumb/v7-m/nofp/crtn.o
                0x0000000020002800                _estack = (ORIGIN (RAM) + LENGTH (RAM))
                0x0000000000000200                _Min_Heap_Size = 0x200
                0x0000000000000400                _Min_Stack_Size = 0x400

.isr_vector     0x0000000008000000      0x10c
                0x0000000008000000                . = ALIGN (0x4)
 *(.isr_vector)
 .isr_vector    0x0000000008000000      0x10c ./Core/Startup/startup_stm32f103c6tx.o
                0x0000000008000000                g_pfnVectors
                0x000000000800010c                . = ALIGN (0x4)

.text           0x0000000008000110     0x58a4
                0x0000000008000110                . = ALIGN (0x4)
 *(.text)
 .text          0x0000000008000110       0x40 c:/st/stm32cubeide_1.11.0/stm32cubeide/plugins/com.st.stm32cube.ide.mcu.externaltools.gnu-tools-for-stm32.10.3-2021.10.win32_1.0.100.202210260954/tools/bin/../lib/gcc/arm-none-eabi/10.3.1/thumb/v7-m/nofp/crtbegin.o
 .text          0x0000000008000150      0x378 c:/st/stm32cubeide_1.11.0/stm32cubeide/plugins/com.st.stm32cube.ide.mcu.externaltools.gnu-tools-for-stm32.10.3-2021.10.win32_1.0.100.202210260954/tools/bin/../lib/gcc/arm-none-eabi/10.3.1/thumb/v7-m/nofp\libgcc.a(_arm_addsubdf3.o)
                0x0000000008000150                __aeabi_drsub
                0x0000000008000158                __aeabi_dsub
                0x0000000008000158                __subdf3
                0x000000000800015c                __aeabi_dadd
                0x000000000800015c                __adddf3
                0x00000000080003d4                __floatunsidf
                0x00000000080003d4                __aeabi_ui2d
                0x00000000080003f4                __floatsidf
                0x00000000080003f4                __aeabi_i2d
                0x0000000008000418                __aeabi_f2d
                0x0000000008000418                __extendsfdf2
                0x000000000800045c                __floatundidf
                0x000000000800045c                __aeabi_ul2d
                0x000000000800046c                __floatdidf
                0x000000000800046c                __aeabi_l2d
 .text          0x00000000080004c8      0x424 c:/st/stm32cubeide_1.11.0/stm32cubeide/plugins/com.st.stm32cube.ide.mcu.externaltools.gnu-tools-for-stm32.10.3-2021.10.win32_1.0.100.202210260954/tools/bin/../lib/gcc/arm-none-eabi/10.3.1/thumb/v7-m/nofp\libgcc.a(_arm_muldivdf3.o)
                0x00000000080004c8                __aeabi_dmul
                0x00000000080004c8                __muldf3
                0x000000000800071c                __divdf3
                0x000000000800071c                __aeabi_ddiv
 .text          0x00000000080008ec       0x40 c:/st/stm32cubeide_1.11.0/stm32cubeide/plugins/com.st.stm32cube.ide.mcu.externaltools.gnu-tools-for-stm32.10.3-2021.10.win32_1.0.100.202210260954/tools/bin/../lib/gcc/arm-none-eabi/10.3.1/thumb/v7-m/nofp\libgcc.a(_arm_fixunsdfsi.o)
                0x00000000080008ec                __aeabi_d2uiz
                0x00000000080008ec                __fixunsdfsi
 *(.text*)
 *fill*         0x000000000800092c        0x4 
 .text._Z9ARGB_Initv
                0x0000000008000930       0xf0 ./Core/Src/ARGB.o
                0x0000000008000930                ARGB_Init()
 .text._Z10ARGB_Clearv
                0x0000000008000a20       0x12 ./Core/Src/ARGB.o
                0x0000000008000a20                ARGB_Clear()
 *fill*         0x0000000008000a32        0x2 
 .text._Z11ARGB_SetRGBthhh
                0x0000000008000a34       0xc4 ./Core/Src/ARGB.o
                0x0000000008000a34                ARGB_SetRGB(unsigned short, unsigned char, unsigned char, unsigned char)
 .text._Z12ARGB_FillRGBhhh
                0x0000000008000af8       0x4a ./Core/Src/ARGB.o
                0x0000000008000af8                ARGB_FillRGB(unsigned char, unsigned char, unsigned char)
 *fill*         0x0000000008000b42        0x2 
 .text._Z9ARGB_Showv
                0x0000000008000b44      0x304 ./Core/Src/ARGB.o
                0x0000000008000b44                ARGB_Show()
 .text._ZL26ARGB_TIM_DMADelayPulseCpltP19__DMA_HandleTypeDef
                0x0000000008000e48      0x310 ./Core/Src/ARGB.o
 .text._ZL30ARGB_TIM_DMADelayPulseHalfCpltP19__DMA_HandleTypeDef
                0x0000000008001158      0x1a8 ./Core/Src/ARGB.o
 .text._Z8Send_cmdhhh
                0x0000000008001300       0x88 ./Core/Src/DFPLAYER_MINI.o
                0x0000000008001300                Send_cmd(unsigned char, unsigned char, unsigned char)
 .text._Z15DF_PlaySelectedt
                0x0000000008001388       0x30 ./Core/Src/DFPLAYER_MINI.o
                0x0000000008001388                DF_PlaySelected(unsigned short)
 .text._Z7DF_Inith
                0x00000000080013b8       0x34 ./Core/Src/DFPLAYER_MINI.o
                0x00000000080013b8                DF_Init(unsigned char)
 .text.MX_DMA_Init
                0x00000000080013ec       0x3c ./Core/Src/dma.o
                0x00000000080013ec                MX_DMA_Init
 .text.MX_GPIO_Init
                0x0000000008001428      0x140 ./Core/Src/gpio.o
                0x0000000008001428                MX_GPIO_Init
 .text.MX_I2C1_Init
                0x0000000008001568       0x5c ./Core/Src/i2c.o
                0x0000000008001568                MX_I2C1_Init
 .text.HAL_I2C_MspInit
                0x00000000080015c4       0x80 ./Core/Src/i2c.o
                0x00000000080015c4                HAL_I2C_MspInit
 .text.logic    0x0000000008001644       0xb4 ./Core/Src/logic.o
                0x0000000008001644                logic
 .text.handleInterrupt
                0x00000000080016f8       0x38 ./Core/Src/logic.o
                0x00000000080016f8                handleInterrupt
 .text.delay    0x0000000008001730       0x36 ./Core/Src/logic.o
                0x0000000008001730                delay
 *fill*         0x0000000008001766        0x2 
 .text.main     0x0000000008001768       0x38 ./Core/Src/main.o
                0x0000000008001768                main
 .text.SystemClock_Config
                0x00000000080017a0       0x8a ./Core/Src/main.o
                0x00000000080017a0                SystemClock_Config
 *fill*         0x000000000800182a        0x2 
 .text.HAL_TIM_PeriodElapsedCallback
                0x000000000800182c       0x20 ./Core/Src/main.o
                0x000000000800182c                HAL_TIM_PeriodElapsedCallback
 .text.Error_Handler
                0x000000000800184c        0xa ./Core/Src/main.o
                0x000000000800184c                Error_Handler
 .text.ssd1306_Reset
                0x0000000008001856        0xc ./Core/Src/ssd1306.o
                0x0000000008001856                ssd1306_Reset
 *fill*         0x0000000008001862        0x2 
 .text.ssd1306_WriteCommand
                0x0000000008001864       0x30 ./Core/Src/ssd1306.o
                0x0000000008001864                ssd1306_WriteCommand
 .text.ssd1306_WriteData
                0x0000000008001894       0x34 ./Core/Src/ssd1306.o
                0x0000000008001894                ssd1306_WriteData
 .text.ssd1306_Init
                0x00000000080018c8       0xd4 ./Core/Src/ssd1306.o
                0x00000000080018c8                ssd1306_Init
 .text.ssd1306_Fill
                0x000000000800199c       0x44 ./Core/Src/ssd1306.o
                0x000000000800199c                ssd1306_Fill
 .text.ssd1306_UpdateScreen
                0x00000000080019e0       0x4c ./Core/Src/ssd1306.o
                0x00000000080019e0                ssd1306_UpdateScreen
 .text.ssd1306_DrawPixel
                0x0000000008001a2c       0xa4 ./Core/Src/ssd1306.o
                0x0000000008001a2c                ssd1306_DrawPixel
 .text.ssd1306_WriteChar
                0x0000000008001ad0      0x110 ./Core/Src/ssd1306.o
                0x0000000008001ad0                ssd1306_WriteChar
 .text.ssd1306_WriteString
                0x0000000008001be0       0x56 ./Core/Src/ssd1306.o
                0x0000000008001be0                ssd1306_WriteString
 *fill*         0x0000000008001c36        0x2 
 .text.ssd1306_SetCursor
                0x0000000008001c38       0x30 ./Core/Src/ssd1306.o
                0x0000000008001c38                ssd1306_SetCursor
 .text.ssd1306_SetContrast
                0x0000000008001c68       0x24 ./Core/Src/ssd1306.o
                0x0000000008001c68                ssd1306_SetContrast
 .text.ssd1306_SetDisplayOn
                0x0000000008001c8c       0x3c ./Core/Src/ssd1306.o
                0x0000000008001c8c                ssd1306_SetDisplayOn
 .text.HAL_MspInit
                0x0000000008001cc8       0x44 ./Core/Src/stm32f1xx_hal_msp.o
                0x0000000008001cc8                HAL_MspInit
 .text.NMI_Handler
                0x0000000008001d0c        0x6 ./Core/Src/stm32f1xx_it.o
                0x0000000008001d0c                NMI_Handler
 .text.HardFault_Handler
                0x0000000008001d12        0x6 ./Core/Src/stm32f1xx_it.o
                0x0000000008001d12                HardFault_Handler
 .text.MemManage_Handler
                0x0000000008001d18        0x6 ./Core/Src/stm32f1xx_it.o
                0x0000000008001d18                MemManage_Handler
 .text.BusFault_Handler
                0x0000000008001d1e        0x6 ./Core/Src/stm32f1xx_it.o
                0x0000000008001d1e                BusFault_Handler
 .text.UsageFault_Handler
                0x0000000008001d24        0x6 ./Core/Src/stm32f1xx_it.o
                0x0000000008001d24                UsageFault_Handler
 .text.SVC_Handler
                0x0000000008001d2a        0xc ./Core/Src/stm32f1xx_it.o
                0x0000000008001d2a                SVC_Handler
 .text.DebugMon_Handler
                0x0000000008001d36        0xc ./Core/Src/stm32f1xx_it.o
                0x0000000008001d36                DebugMon_Handler
 .text.PendSV_Handler
                0x0000000008001d42        0xc ./Core/Src/stm32f1xx_it.o
                0x0000000008001d42                PendSV_Handler
 .text.SysTick_Handler
                0x0000000008001d4e        0xc ./Core/Src/stm32f1xx_it.o
                0x0000000008001d4e                SysTick_Handler
 *fill*         0x0000000008001d5a        0x2 
 .text.DMA1_Channel6_IRQHandler
                0x0000000008001d5c       0x14 ./Core/Src/stm32f1xx_it.o
                0x0000000008001d5c                DMA1_Channel6_IRQHandler
 .text.TIM3_IRQHandler
                0x0000000008001d70       0x14 ./Core/Src/stm32f1xx_it.o
                0x0000000008001d70                TIM3_IRQHandler
 .text.USART2_IRQHandler
                0x0000000008001d84       0x14 ./Core/Src/stm32f1xx_it.o
                0x0000000008001d84                USART2_IRQHandler
 .text.SystemInit
                0x0000000008001d98        0xc ./Core/Src/system_stm32f1xx.o
                0x0000000008001d98                SystemInit
 .text.MX_TIM1_Init
                0x0000000008001da4      0x140 ./Core/Src/tim.o
                0x0000000008001da4                MX_TIM1_Init
 .text.MX_TIM2_Init
                0x0000000008001ee4       0xa8 ./Core/Src/tim.o
                0x0000000008001ee4                MX_TIM2_Init
 .text.MX_TIM3_Init
                0x0000000008001f8c       0x9c ./Core/Src/tim.o
                0x0000000008001f8c                MX_TIM3_Init
 .text.HAL_TIM_Base_MspInit
                0x0000000008002028       0xcc ./Core/Src/tim.o
                0x0000000008002028                HAL_TIM_Base_MspInit
 .text.HAL_TIM_Encoder_MspInit
                0x00000000080020f4       0x78 ./Core/Src/tim.o
                0x00000000080020f4                HAL_TIM_Encoder_MspInit
 .text.HAL_TIM_MspPostInit
                0x000000000800216c       0x68 ./Core/Src/tim.o
                0x000000000800216c                HAL_TIM_MspPostInit
 .text.MX_USART2_UART_Init
                0x00000000080021d4       0x54 ./Core/Src/usart.o
                0x00000000080021d4                MX_USART2_UART_Init
 .text.HAL_UART_MspInit
                0x0000000008002228       0xa4 ./Core/Src/usart.o
                0x0000000008002228                HAL_UART_MspInit
 .text.Reset_Handler
                0x00000000080022cc       0x48 ./Core/Startup/startup_stm32f103c6tx.o
                0x00000000080022cc                Reset_Handler
 .text.Default_Handler
                0x0000000008002314        0x2 ./Core/Startup/startup_stm32f103c6tx.o
                0x0000000008002314                RTC_Alarm_IRQHandler
                0x0000000008002314                EXTI2_IRQHandler
                0x0000000008002314                TIM1_CC_IRQHandler
                0x0000000008002314                PVD_IRQHandler
                0x0000000008002314                EXTI3_IRQHandler
                0x0000000008002314                EXTI0_IRQHandler
                0x0000000008002314                ADC1_2_IRQHandler
                0x0000000008002314                SPI1_IRQHandler
                0x0000000008002314                TAMPER_IRQHandler
                0x0000000008002314                DMA1_Channel4_IRQHandler
                0x0000000008002314                RTC_IRQHandler
                0x0000000008002314                DMA1_Channel7_IRQHandler
                0x0000000008002314                CAN1_RX1_IRQHandler
                0x0000000008002314                I2C1_EV_IRQHandler
                0x0000000008002314                RCC_IRQHandler
                0x0000000008002314                TIM1_TRG_COM_IRQHandler
                0x0000000008002314                DMA1_Channel1_IRQHandler
                0x0000000008002314                Default_Handler
                0x0000000008002314                EXTI15_10_IRQHandler
                0x0000000008002314                EXTI9_5_IRQHandler
                0x0000000008002314                DMA1_Channel5_IRQHandler
                0x0000000008002314                EXTI4_IRQHandler
                0x0000000008002314                USB_LP_CAN1_RX0_IRQHandler
                0x0000000008002314                USB_HP_CAN1_TX_IRQHandler
                0x0000000008002314                DMA1_Channel3_IRQHandler
                0x0000000008002314                TIM1_UP_IRQHandler
                0x0000000008002314                WWDG_IRQHandler
                0x0000000008002314                TIM2_IRQHandler
                0x0000000008002314                TIM1_BRK_IRQHandler
                0x0000000008002314                EXTI1_IRQHandler
                0x0000000008002314                DMA1_Channel2_IRQHandler
                0x0000000008002314                CAN1_SCE_IRQHandler
                0x0000000008002314                FLASH_IRQHandler
                0x0000000008002314                USART1_IRQHandler
                0x0000000008002314                I2C1_ER_IRQHandler
                0x0000000008002314                USBWakeUp_IRQHandler
 *fill*         0x0000000008002316        0x2 
 .text.HAL_Init
                0x0000000008002318       0x2c ./Drivers/STM32F1xx_HAL_Driver/Src/stm32f1xx_hal.o
                0x0000000008002318                HAL_Init
 .text.HAL_InitTick
                0x0000000008002344       0x60 ./Drivers/STM32F1xx_HAL_Driver/Src/stm32f1xx_hal.o
                0x0000000008002344                HAL_InitTick
 .text.HAL_IncTick
                0x00000000080023a4       0x24 ./Drivers/STM32F1xx_HAL_Driver/Src/stm32f1xx_hal.o
                0x00000000080023a4                HAL_IncTick
 .text.HAL_GetTick
                0x00000000080023c8       0x14 ./Drivers/STM32F1xx_HAL_Driver/Src/stm32f1xx_hal.o
                0x00000000080023c8                HAL_GetTick
 .text.HAL_Delay
                0x00000000080023dc       0x48 ./Drivers/STM32F1xx_HAL_Driver/Src/stm32f1xx_hal.o
                0x00000000080023dc                HAL_Delay
 .text.__NVIC_SetPriorityGrouping
                0x0000000008002424       0x48 ./Drivers/STM32F1xx_HAL_Driver/Src/stm32f1xx_hal_cortex.o
 .text.__NVIC_GetPriorityGrouping
                0x000000000800246c       0x1c ./Drivers/STM32F1xx_HAL_Driver/Src/stm32f1xx_hal_cortex.o
 .text.__NVIC_EnableIRQ
                0x0000000008002488       0x38 ./Drivers/STM32F1xx_HAL_Driver/Src/stm32f1xx_hal_cortex.o
 .text.__NVIC_SetPriority
                0x00000000080024c0       0x54 ./Drivers/STM32F1xx_HAL_Driver/Src/stm32f1xx_hal_cortex.o
 .text.NVIC_EncodePriority
                0x0000000008002514       0x64 ./Drivers/STM32F1xx_HAL_Driver/Src/stm32f1xx_hal_cortex.o
 .text.SysTick_Config
                0x0000000008002578       0x44 ./Drivers/STM32F1xx_HAL_Driver/Src/stm32f1xx_hal_cortex.o
 .text.HAL_NVIC_SetPriorityGrouping
                0x00000000080025bc       0x16 ./Drivers/STM32F1xx_HAL_Driver/Src/stm32f1xx_hal_cortex.o
                0x00000000080025bc                HAL_NVIC_SetPriorityGrouping
 .text.HAL_NVIC_SetPriority
                0x00000000080025d2       0x38 ./Drivers/STM32F1xx_HAL_Driver/Src/stm32f1xx_hal_cortex.o
                0x00000000080025d2                HAL_NVIC_SetPriority
 .text.HAL_NVIC_EnableIRQ
                0x000000000800260a       0x1c ./Drivers/STM32F1xx_HAL_Driver/Src/stm32f1xx_hal_cortex.o
                0x000000000800260a                HAL_NVIC_EnableIRQ
 .text.HAL_SYSTICK_Config
                0x0000000008002626       0x18 ./Drivers/STM32F1xx_HAL_Driver/Src/stm32f1xx_hal_cortex.o
                0x0000000008002626                HAL_SYSTICK_Config
 *fill*         0x000000000800263e        0x2 
 .text.HAL_DMA_Init
                0x0000000008002640       0xb4 ./Drivers/STM32F1xx_HAL_Driver/Src/stm32f1xx_hal_dma.o
                0x0000000008002640                HAL_DMA_Init
 .text.HAL_DMA_Start_IT
                0x00000000080026f4       0xbe ./Drivers/STM32F1xx_HAL_Driver/Src/stm32f1xx_hal_dma.o
                0x00000000080026f4                HAL_DMA_Start_IT
 .text.HAL_DMA_Abort
                0x00000000080027b2       0x74 ./Drivers/STM32F1xx_HAL_Driver/Src/stm32f1xx_hal_dma.o
                0x00000000080027b2                HAL_DMA_Abort
 *fill*         0x0000000008002826        0x2 
 .text.HAL_DMA_Abort_IT
                0x0000000008002828       0xec ./Drivers/STM32F1xx_HAL_Driver/Src/stm32f1xx_hal_dma.o
                0x0000000008002828                HAL_DMA_Abort_IT
 .text.HAL_DMA_IRQHandler
                0x0000000008002914      0x20c ./Drivers/STM32F1xx_HAL_Driver/Src/stm32f1xx_hal_dma.o
                0x0000000008002914                HAL_DMA_IRQHandler
 .text.DMA_SetConfig
                0x0000000008002b20       0x5a ./Drivers/STM32F1xx_HAL_Driver/Src/stm32f1xx_hal_dma.o
 *fill*         0x0000000008002b7a        0x2 
 .text.HAL_GPIO_Init
                0x0000000008002b7c      0x2f8 ./Drivers/STM32F1xx_HAL_Driver/Src/stm32f1xx_hal_gpio.o
                0x0000000008002b7c                HAL_GPIO_Init
 .text.HAL_GPIO_WritePin
                0x0000000008002e74       0x30 ./Drivers/STM32F1xx_HAL_Driver/Src/stm32f1xx_hal_gpio.o
                0x0000000008002e74                HAL_GPIO_WritePin
 .text.HAL_GPIO_TogglePin
                0x0000000008002ea4       0x32 ./Drivers/STM32F1xx_HAL_Driver/Src/stm32f1xx_hal_gpio.o
                0x0000000008002ea4                HAL_GPIO_TogglePin
 *fill*         0x0000000008002ed6        0x2 
 .text.HAL_I2C_Init
                0x0000000008002ed8      0x288 ./Drivers/STM32F1xx_HAL_Driver/Src/stm32f1xx_hal_i2c.o
                0x0000000008002ed8                HAL_I2C_Init
 .text.HAL_I2C_Mem_Write
                0x0000000008003160      0x1f4 ./Drivers/STM32F1xx_HAL_Driver/Src/stm32f1xx_hal_i2c.o
                0x0000000008003160                HAL_I2C_Mem_Write
 .text.I2C_RequestMemoryWrite
                0x0000000008003354      0x12c ./Drivers/STM32F1xx_HAL_Driver/Src/stm32f1xx_hal_i2c.o
 .text.I2C_WaitOnFlagUntilTimeout
                0x0000000008003480       0xae ./Drivers/STM32F1xx_HAL_Driver/Src/stm32f1xx_hal_i2c.o
 .text.I2C_WaitOnMasterAddressFlagUntilTimeout
                0x000000000800352e       0xfe ./Drivers/STM32F1xx_HAL_Driver/Src/stm32f1xx_hal_i2c.o
 .text.I2C_WaitOnTXEFlagUntilTimeout
                0x000000000800362c       0x82 ./Drivers/STM32F1xx_HAL_Driver/Src/stm32f1xx_hal_i2c.o
 .text.I2C_WaitOnBTFFlagUntilTimeout
                0x00000000080036ae       0x82 ./Drivers/STM32F1xx_HAL_Driver/Src/stm32f1xx_hal_i2c.o
 .text.I2C_IsAcknowledgeFailed
                0x0000000008003730       0x5c ./Drivers/STM32F1xx_HAL_Driver/Src/stm32f1xx_hal_i2c.o
 .text.HAL_RCC_OscConfig
                0x000000000800378c      0x504 ./Drivers/STM32F1xx_HAL_Driver/Src/stm32f1xx_hal_rcc.o
                0x000000000800378c                HAL_RCC_OscConfig
 .text.HAL_RCC_ClockConfig
                0x0000000008003c90      0x1d4 ./Drivers/STM32F1xx_HAL_Driver/Src/stm32f1xx_hal_rcc.o
                0x0000000008003c90                HAL_RCC_ClockConfig
 .text.HAL_RCC_GetSysClockFreq
                0x0000000008003e64       0xbc ./Drivers/STM32F1xx_HAL_Driver/Src/stm32f1xx_hal_rcc.o
                0x0000000008003e64                HAL_RCC_GetSysClockFreq
 .text.HAL_RCC_GetHCLKFreq
                0x0000000008003f20       0x14 ./Drivers/STM32F1xx_HAL_Driver/Src/stm32f1xx_hal_rcc.o
                0x0000000008003f20                HAL_RCC_GetHCLKFreq
 .text.HAL_RCC_GetPCLK1Freq
                0x0000000008003f34       0x28 ./Drivers/STM32F1xx_HAL_Driver/Src/stm32f1xx_hal_rcc.o
                0x0000000008003f34                HAL_RCC_GetPCLK1Freq
 .text.HAL_RCC_GetPCLK2Freq
                0x0000000008003f5c       0x28 ./Drivers/STM32F1xx_HAL_Driver/Src/stm32f1xx_hal_rcc.o
                0x0000000008003f5c                HAL_RCC_GetPCLK2Freq
 .text.RCC_Delay
                0x0000000008003f84       0x3c ./Drivers/STM32F1xx_HAL_Driver/Src/stm32f1xx_hal_rcc.o
 .text.HAL_TIM_Base_Init
                0x0000000008003fc0       0x9e ./Drivers/STM32F1xx_HAL_Driver/Src/stm32f1xx_hal_tim.o
                0x0000000008003fc0                HAL_TIM_Base_Init
 *fill*         0x000000000800405e        0x2 
 .text.HAL_TIM_Base_Start_IT
                0x0000000008004060       0x98 ./Drivers/STM32F1xx_HAL_Driver/Src/stm32f1xx_hal_tim.o
                0x0000000008004060                HAL_TIM_Base_Start_IT
 .text.HAL_TIM_PWM_Init
                0x00000000080040f8       0x9e ./Drivers/STM32F1xx_HAL_Driver/Src/stm32f1xx_hal_tim.o
                0x00000000080040f8                HAL_TIM_PWM_Init
 .text.HAL_TIM_PWM_MspInit
                0x0000000008004196       0x12 ./Drivers/STM32F1xx_HAL_Driver/Src/stm32f1xx_hal_tim.o
                0x0000000008004196                HAL_TIM_PWM_MspInit
 .text.HAL_TIM_Encoder_Init
                0x00000000080041a8      0x144 ./Drivers/STM32F1xx_HAL_Driver/Src/stm32f1xx_hal_tim.o
                0x00000000080041a8                HAL_TIM_Encoder_Init
 .text.HAL_TIM_IRQHandler
                0x00000000080042ec      0x210 ./Drivers/STM32F1xx_HAL_Driver/Src/stm32f1xx_hal_tim.o
                0x00000000080042ec                HAL_TIM_IRQHandler
 .text.HAL_TIM_PWM_ConfigChannel
                0x00000000080044fc      0x17c ./Drivers/STM32F1xx_HAL_Driver/Src/stm32f1xx_hal_tim.o
                0x00000000080044fc                HAL_TIM_PWM_ConfigChannel
 .text.HAL_TIM_ConfigClockSource
                0x0000000008004678      0x188 ./Drivers/STM32F1xx_HAL_Driver/Src/stm32f1xx_hal_tim.o
                0x0000000008004678                HAL_TIM_ConfigClockSource
 .text.HAL_TIM_OC_DelayElapsedCallback
                0x0000000008004800       0x12 ./Drivers/STM32F1xx_HAL_Driver/Src/stm32f1xx_hal_tim.o
                0x0000000008004800                HAL_TIM_OC_DelayElapsedCallback
 .text.HAL_TIM_IC_CaptureCallback
                0x0000000008004812       0x12 ./Drivers/STM32F1xx_HAL_Driver/Src/stm32f1xx_hal_tim.o
                0x0000000008004812                HAL_TIM_IC_CaptureCallback
 .text.HAL_TIM_PWM_PulseFinishedCallback
                0x0000000008004824       0x12 ./Drivers/STM32F1xx_HAL_Driver/Src/stm32f1xx_hal_tim.o
                0x0000000008004824                HAL_TIM_PWM_PulseFinishedCallback
 .text.HAL_TIM_TriggerCallback
                0x0000000008004836       0x12 ./Drivers/STM32F1xx_HAL_Driver/Src/stm32f1xx_hal_tim.o
                0x0000000008004836                HAL_TIM_TriggerCallback
 .text.HAL_TIM_ErrorCallback
                0x0000000008004848       0x12 ./Drivers/STM32F1xx_HAL_Driver/Src/stm32f1xx_hal_tim.o
                0x0000000008004848                HAL_TIM_ErrorCallback
 .text.TIM_DMAError
                0x000000000800485a       0x92 ./Drivers/STM32F1xx_HAL_Driver/Src/stm32f1xx_hal_tim.o
                0x000000000800485a                TIM_DMAError
 .text.TIM_Base_SetConfig
                0x00000000080048ec       0xb0 ./Drivers/STM32F1xx_HAL_Driver/Src/stm32f1xx_hal_tim.o
                0x00000000080048ec                TIM_Base_SetConfig
 .text.TIM_OC1_SetConfig
                0x000000000800499c       0xcc ./Drivers/STM32F1xx_HAL_Driver/Src/stm32f1xx_hal_tim.o
 .text.TIM_OC2_SetConfig
                0x0000000008004a68       0xd4 ./Drivers/STM32F1xx_HAL_Driver/Src/stm32f1xx_hal_tim.o
                0x0000000008004a68                TIM_OC2_SetConfig
 .text.TIM_OC3_SetConfig
                0x0000000008004b3c       0xd4 ./Drivers/STM32F1xx_HAL_Driver/Src/stm32f1xx_hal_tim.o
 .text.TIM_OC4_SetConfig
                0x0000000008004c10       0x9c ./Drivers/STM32F1xx_HAL_Driver/Src/stm32f1xx_hal_tim.o
 .text.TIM_TI1_ConfigInputStage
                0x0000000008004cac       0x5c ./Drivers/STM32F1xx_HAL_Driver/Src/stm32f1xx_hal_tim.o
 .text.TIM_TI2_ConfigInputStage
                0x0000000008004d08       0x5e ./Drivers/STM32F1xx_HAL_Driver/Src/stm32f1xx_hal_tim.o
 .text.TIM_ITRx_SetConfig
                0x0000000008004d66       0x34 ./Drivers/STM32F1xx_HAL_Driver/Src/stm32f1xx_hal_tim.o
 .text.TIM_ETR_SetConfig
                0x0000000008004d9a       0x3e ./Drivers/STM32F1xx_HAL_Driver/Src/stm32f1xx_hal_tim.o
                0x0000000008004d9a                TIM_ETR_SetConfig
 .text.TIM_CCxChannelCmd
                0x0000000008004dd8       0x48 ./Drivers/STM32F1xx_HAL_Driver/Src/stm32f1xx_hal_tim.o
                0x0000000008004dd8                TIM_CCxChannelCmd
 .text.HAL_TIMEx_MasterConfigSynchronization
                0x0000000008004e20       0xb0 ./Drivers/STM32F1xx_HAL_Driver/Src/stm32f1xx_hal_tim_ex.o
                0x0000000008004e20                HAL_TIMEx_MasterConfigSynchronization
 .text.HAL_TIMEx_ConfigBreakDeadTime
                0x0000000008004ed0       0xa2 ./Drivers/STM32F1xx_HAL_Driver/Src/stm32f1xx_hal_tim_ex.o
                0x0000000008004ed0                HAL_TIMEx_ConfigBreakDeadTime
 .text.HAL_TIMEx_CommutCallback
                0x0000000008004f72       0x12 ./Drivers/STM32F1xx_HAL_Driver/Src/stm32f1xx_hal_tim_ex.o
                0x0000000008004f72                HAL_TIMEx_CommutCallback
 .text.HAL_TIMEx_BreakCallback
                0x0000000008004f84       0x12 ./Drivers/STM32F1xx_HAL_Driver/Src/stm32f1xx_hal_tim_ex.o
                0x0000000008004f84                HAL_TIMEx_BreakCallback
 .text.HAL_UART_Init
                0x0000000008004f96       0x9a ./Drivers/STM32F1xx_HAL_Driver/Src/stm32f1xx_hal_uart.o
                0x0000000008004f96                HAL_UART_Init
 .text.HAL_UART_Transmit
                0x0000000008005030      0x124 ./Drivers/STM32F1xx_HAL_Driver/Src/stm32f1xx_hal_uart.o
                0x0000000008005030                HAL_UART_Transmit
 .text.HAL_UART_IRQHandler
                0x0000000008005154      0x354 ./Drivers/STM32F1xx_HAL_Driver/Src/stm32f1xx_hal_uart.o
                0x0000000008005154                HAL_UART_IRQHandler
 .text.HAL_UART_TxCpltCallback
                0x00000000080054a8       0x12 ./Drivers/STM32F1xx_HAL_Driver/Src/stm32f1xx_hal_uart.o
                0x00000000080054a8                HAL_UART_TxCpltCallback
 .text.HAL_UART_RxCpltCallback
                0x00000000080054ba       0x12 ./Drivers/STM32F1xx_HAL_Driver/Src/stm32f1xx_hal_uart.o
                0x00000000080054ba                HAL_UART_RxCpltCallback
 .text.HAL_UART_ErrorCallback
                0x00000000080054cc       0x12 ./Drivers/STM32F1xx_HAL_Driver/Src/stm32f1xx_hal_uart.o
                0x00000000080054cc                HAL_UART_ErrorCallback
 .text.HAL_UARTEx_RxEventCallback
                0x00000000080054de       0x16 ./Drivers/STM32F1xx_HAL_Driver/Src/stm32f1xx_hal_uart.o
                0x00000000080054de                HAL_UARTEx_RxEventCallback
 .text.UART_WaitOnFlagUntilTimeout
                0x00000000080054f4       0x94 ./Drivers/STM32F1xx_HAL_Driver/Src/stm32f1xx_hal_uart.o
 .text.UART_EndRxTransfer
                0x0000000008005588       0x58 ./Drivers/STM32F1xx_HAL_Driver/Src/stm32f1xx_hal_uart.o
 .text.UART_DMAAbortOnError
                0x00000000080055e0       0x28 ./Drivers/STM32F1xx_HAL_Driver/Src/stm32f1xx_hal_uart.o
 .text.UART_Transmit_IT
                0x0000000008005608       0x9e ./Drivers/STM32F1xx_HAL_Driver/Src/stm32f1xx_hal_uart.o
 .text.UART_EndTransmit_IT
                0x00000000080056a6       0x30 ./Drivers/STM32F1xx_HAL_Driver/Src/stm32f1xx_hal_uart.o
 .text.UART_Receive_IT
                0x00000000080056d6      0x152 ./Drivers/STM32F1xx_HAL_Driver/Src/stm32f1xx_hal_uart.o
 .text.UART_SetConfig
                0x0000000008005828      0x11c ./Drivers/STM32F1xx_HAL_Driver/Src/stm32f1xx_hal_uart.o
 .text.__libc_init_array
                0x0000000008005944       0x48 c:/st/stm32cubeide_1.11.0/stm32cubeide/plugins/com.st.stm32cube.ide.mcu.externaltools.gnu-tools-for-stm32.10.3-2021.10.win32_1.0.100.202210260954/tools/bin/../lib/gcc/arm-none-eabi/10.3.1/../../../../arm-none-eabi/lib/thumb/v7-m/nofp\libc_nano.a(lib_a-init.o)
                0x0000000008005944                __libc_init_array
 .text.memset   0x000000000800598c       0x10 c:/st/stm32cubeide_1.11.0/stm32cubeide/plugins/com.st.stm32cube.ide.mcu.externaltools.gnu-tools-for-stm32.10.3-2021.10.win32_1.0.100.202210260954/tools/bin/../lib/gcc/arm-none-eabi/10.3.1/../../../../arm-none-eabi/lib/thumb/v7-m/nofp\libc_nano.a(lib_a-memset.o)
                0x000000000800598c                memset
 *(.glue_7)
 .glue_7        0x000000000800599c        0x0 linker stubs
 *(.glue_7t)
 .glue_7t       0x000000000800599c        0x0 linker stubs
 *(.eh_frame)
 .eh_frame      0x000000000800599c        0x0 c:/st/stm32cubeide_1.11.0/stm32cubeide/plugins/com.st.stm32cube.ide.mcu.externaltools.gnu-tools-for-stm32.10.3-2021.10.win32_1.0.100.202210260954/tools/bin/../lib/gcc/arm-none-eabi/10.3.1/thumb/v7-m/nofp/crtbegin.o
 *(.init)
 .init          0x000000000800599c        0x4 c:/st/stm32cubeide_1.11.0/stm32cubeide/plugins/com.st.stm32cube.ide.mcu.externaltools.gnu-tools-for-stm32.10.3-2021.10.win32_1.0.100.202210260954/tools/bin/../lib/gcc/arm-none-eabi/10.3.1/thumb/v7-m/nofp/crti.o
                0x000000000800599c                _init
 .init          0x00000000080059a0        0x8 c:/st/stm32cubeide_1.11.0/stm32cubeide/plugins/com.st.stm32cube.ide.mcu.externaltools.gnu-tools-for-stm32.10.3-2021.10.win32_1.0.100.202210260954/tools/bin/../lib/gcc/arm-none-eabi/10.3.1/thumb/v7-m/nofp/crtn.o
 *(.fini)
 .fini          0x00000000080059a8        0x4 c:/st/stm32cubeide_1.11.0/stm32cubeide/plugins/com.st.stm32cube.ide.mcu.externaltools.gnu-tools-for-stm32.10.3-2021.10.win32_1.0.100.202210260954/tools/bin/../lib/gcc/arm-none-eabi/10.3.1/thumb/v7-m/nofp/crti.o
                0x00000000080059a8                _fini
 .fini          0x00000000080059ac        0x8 c:/st/stm32cubeide_1.11.0/stm32cubeide/plugins/com.st.stm32cube.ide.mcu.externaltools.gnu-tools-for-stm32.10.3-2021.10.win32_1.0.100.202210260954/tools/bin/../lib/gcc/arm-none-eabi/10.3.1/thumb/v7-m/nofp/crtn.o
                0x00000000080059b4                . = ALIGN (0x4)
                0x00000000080059b4                _etext = .

.vfp11_veneer   0x00000000080059b4        0x0
 .vfp11_veneer  0x00000000080059b4        0x0 linker stubs

.v4_bx          0x00000000080059b4        0x0
 .v4_bx         0x00000000080059b4        0x0 linker stubs

.iplt           0x00000000080059b4        0x0
 .iplt          0x00000000080059b4        0x0 c:/st/stm32cubeide_1.11.0/stm32cubeide/plugins/com.st.stm32cube.ide.mcu.externaltools.gnu-tools-for-stm32.10.3-2021.10.win32_1.0.100.202210260954/tools/bin/../lib/gcc/arm-none-eabi/10.3.1/thumb/v7-m/nofp/crtbegin.o

.rodata         0x00000000080059b4      0x79c
                0x00000000080059b4                . = ALIGN (0x4)
 *(.rodata)
 .rodata        0x00000000080059b4        0x7 ./Core/Src/logic.o
 *fill*         0x00000000080059bb        0x1 
 .rodata        0x00000000080059bc       0x10 ./Drivers/STM32F1xx_HAL_Driver/Src/stm32f1xx_hal_rcc.o
 *(.rodata*)
 .rodata._ZL8Font7x10
                0x00000000080059cc      0x76c ./Core/Src/ssd1306_fonts.o
 .rodata.AHBPrescTable
                0x0000000008006138       0x10 ./Core/Src/system_stm32f1xx.o
                0x0000000008006138                AHBPrescTable
 .rodata.APBPrescTable
                0x0000000008006148        0x8 ./Core/Src/system_stm32f1xx.o
                0x0000000008006148                APBPrescTable
                0x0000000008006150                . = ALIGN (0x4)

.rel.dyn        0x0000000008006150        0x0
 .rel.iplt      0x0000000008006150        0x0 c:/st/stm32cubeide_1.11.0/stm32cubeide/plugins/com.st.stm32cube.ide.mcu.externaltools.gnu-tools-for-stm32.10.3-2021.10.win32_1.0.100.202210260954/tools/bin/../lib/gcc/arm-none-eabi/10.3.1/thumb/v7-m/nofp/crtbegin.o

.ARM.extab      0x0000000008006150        0x0
                0x0000000008006150                . = ALIGN (0x4)
 *(.ARM.extab* .gnu.linkonce.armextab.*)
                0x0000000008006150                . = ALIGN (0x4)

.ARM            0x0000000008006150        0x0
                0x0000000008006150                . = ALIGN (0x4)
                0x0000000008006150                __exidx_start = .
 *(.ARM.exidx*)
                0x0000000008006150                __exidx_end = .
                0x0000000008006150                . = ALIGN (0x4)

.preinit_array  0x0000000008006150        0x0
                0x0000000008006150                . = ALIGN (0x4)
                0x0000000008006150                PROVIDE (__preinit_array_start = .)
 *(.preinit_array*)
                0x0000000008006150                PROVIDE (__preinit_array_end = .)
                0x0000000008006150                . = ALIGN (0x4)

.init_array     0x0000000008006150        0x4
                0x0000000008006150                . = ALIGN (0x4)
                0x0000000008006150                PROVIDE (__init_array_start = .)
 *(SORT_BY_NAME(.init_array.*))
 *(.init_array*)
 .init_array    0x0000000008006150        0x4 c:/st/stm32cubeide_1.11.0/stm32cubeide/plugins/com.st.stm32cube.ide.mcu.externaltools.gnu-tools-for-stm32.10.3-2021.10.win32_1.0.100.202210260954/tools/bin/../lib/gcc/arm-none-eabi/10.3.1/thumb/v7-m/nofp/crtbegin.o
                0x0000000008006154                PROVIDE (__init_array_end = .)
                0x0000000008006154                . = ALIGN (0x4)

.fini_array     0x0000000008006154        0x4
                0x0000000008006154                . = ALIGN (0x4)
                [!provide]                        PROVIDE (__fini_array_start = .)
 *(SORT_BY_NAME(.fini_array.*))
 *(.fini_array*)
 .fini_array    0x0000000008006154        0x4 c:/st/stm32cubeide_1.11.0/stm32cubeide/plugins/com.st.stm32cube.ide.mcu.externaltools.gnu-tools-for-stm32.10.3-2021.10.win32_1.0.100.202210260954/tools/bin/../lib/gcc/arm-none-eabi/10.3.1/thumb/v7-m/nofp/crtbegin.o
                [!provide]                        PROVIDE (__fini_array_end = .)
                0x0000000008006158                . = ALIGN (0x4)
                0x0000000008006158                _sidata = LOADADDR (.data)

.data           0x0000000020000000       0x18 load address 0x0000000008006158
                0x0000000020000000                . = ALIGN (0x4)
                0x0000000020000000                _sdata = .
 *(.data)
 *(.data*)
 .data.ARGB_BR  0x0000000020000000        0x1 ./Core/Src/ARGB.o
                0x0000000020000000                ARGB_BR
 *fill*         0x0000000020000001        0x3 
 .data.Font_7x10
                0x0000000020000004        0x8 ./Core/Src/ssd1306_fonts.o
                0x0000000020000004                Font_7x10
 .data.SystemCoreClock
                0x000000002000000c        0x4 ./Core/Src/system_stm32f1xx.o
                0x000000002000000c                SystemCoreClock
 .data.uwTickPrio
                0x0000000020000010        0x4 ./Drivers/STM32F1xx_HAL_Driver/Src/stm32f1xx_hal.o
                0x0000000020000010                uwTickPrio
 .data.uwTickFreq
                0x0000000020000014        0x1 ./Drivers/STM32F1xx_HAL_Driver/Src/stm32f1xx_hal.o
                0x0000000020000014                uwTickFreq
 *(.RamFunc)
 *(.RamFunc*)
                0x0000000020000018                . = ALIGN (0x4)
 *fill*         0x0000000020000015        0x3 
                0x0000000020000018                _edata = .

.igot.plt       0x0000000020000018        0x0 load address 0x0000000008006170
 .igot.plt      0x0000000020000018        0x0 c:/st/stm32cubeide_1.11.0/stm32cubeide/plugins/com.st.stm32cube.ide.mcu.externaltools.gnu-tools-for-stm32.10.3-2021.10.win32_1.0.100.202210260954/tools/bin/../lib/gcc/arm-none-eabi/10.3.1/thumb/v7-m/nofp/crtbegin.o
                0x0000000020000018                . = ALIGN (0x4)

.bss            0x0000000020000018      0x6ac load address 0x0000000008006170
                0x0000000020000018                _sbss = .
                0x0000000020000018                __bss_start__ = _sbss
 *(.bss)
 .bss           0x0000000020000018       0x1c c:/st/stm32cubeide_1.11.0/stm32cubeide/plugins/com.st.stm32cube.ide.mcu.externaltools.gnu-tools-for-stm32.10.3-2021.10.win32_1.0.100.202210260954/tools/bin/../lib/gcc/arm-none-eabi/10.3.1/thumb/v7-m/nofp/crtbegin.o
 *(.bss*)
 .bss.PWM_HI    0x0000000020000034        0x1 ./Core/Src/ARGB.o
                0x0000000020000034                PWM_HI
 .bss.PWM_LO    0x0000000020000035        0x1 ./Core/Src/ARGB.o
                0x0000000020000035                PWM_LO
 *fill*         0x0000000020000036        0x2 
 .bss.RGB_BUF   0x0000000020000038        0x3 ./Core/Src/ARGB.o
                0x0000000020000038                RGB_BUF
 *fill*         0x000000002000003b        0x1 
 .bss.PWM_BUF   0x000000002000003c       0xc0 ./Core/Src/ARGB.o
                0x000000002000003c                PWM_BUF
 .bss.BUF_COUNTER
                0x00000000200000fc        0x2 ./Core/Src/ARGB.o
                0x00000000200000fc                BUF_COUNTER
 .bss.ARGB_LOC_ST
                0x00000000200000fe        0x1 ./Core/Src/ARGB.o
                0x00000000200000fe                ARGB_LOC_ST
 *fill*         0x00000000200000ff        0x1 
 .bss.hi2c1     0x0000000020000100       0x54 ./Core/Src/i2c.o
                0x0000000020000100                hi2c1
 .bss.counter   0x0000000020000154        0x2 ./Core/Src/logic.o
                0x0000000020000154                counter
 *fill*         0x0000000020000156        0x2 
 .bss._ZL14SSD1306_Buffer
                0x0000000020000158      0x400 ./Core/Src/ssd1306.o
 .bss._ZL7SSD1306
                0x0000000020000558        0x6 ./Core/Src/ssd1306.o
 *fill*         0x000000002000055e        0x2 
 .bss.htim1     0x0000000020000560       0x48 ./Core/Src/tim.o
                0x0000000020000560                htim1
 .bss.htim2     0x00000000200005a8       0x48 ./Core/Src/tim.o
                0x00000000200005a8                htim2
 .bss.htim3     0x00000000200005f0       0x48 ./Core/Src/tim.o
                0x00000000200005f0                htim3
 .bss.hdma_tim1_ch3
                0x0000000020000638       0x44 ./Core/Src/tim.o
                0x0000000020000638                hdma_tim1_ch3
 .bss.huart2    0x000000002000067c       0x44 ./Core/Src/usart.o
                0x000000002000067c                huart2
 .bss.uwTick    0x00000000200006c0        0x4 ./Drivers/STM32F1xx_HAL_Driver/Src/stm32f1xx_hal.o
                0x00000000200006c0                uwTick
 *(COMMON)
                0x00000000200006c4                . = ALIGN (0x4)
                0x00000000200006c4                _ebss = .
                0x00000000200006c4                __bss_end__ = _ebss

._user_heap_stack
                0x00000000200006c4      0x604 load address 0x0000000008006170
                0x00000000200006c8                . = ALIGN (0x8)
 *fill*         0x00000000200006c4        0x4 
                [!provide]                        PROVIDE (end = .)
                0x00000000200006c8                PROVIDE (_end = .)
                0x00000000200008c8                . = (. + _Min_Heap_Size)
 *fill*         0x00000000200006c8      0x200 
                0x0000000020000cc8                . = (. + _Min_Stack_Size)
 *fill*         0x00000000200008c8      0x400 
                0x0000000020000cc8                . = ALIGN (0x8)

/DISCARD/
 libc.a(*)
 libm.a(*)
 libgcc.a(*)

.ARM.attributes
                0x0000000000000000       0x29
 *(.ARM.attributes)
 .ARM.attributes
                0x0000000000000000       0x1d c:/st/stm32cubeide_1.11.0/stm32cubeide/plugins/com.st.stm32cube.ide.mcu.externaltools.gnu-tools-for-stm32.10.3-2021.10.win32_1.0.100.202210260954/tools/bin/../lib/gcc/arm-none-eabi/10.3.1/thumb/v7-m/nofp/crti.o
 .ARM.attributes
                0x000000000000001d       0x2d c:/st/stm32cubeide_1.11.0/stm32cubeide/plugins/com.st.stm32cube.ide.mcu.externaltools.gnu-tools-for-stm32.10.3-2021.10.win32_1.0.100.202210260954/tools/bin/../lib/gcc/arm-none-eabi/10.3.1/thumb/v7-m/nofp/crtbegin.o
 .ARM.attributes
                0x000000000000004a       0x2d ./Core/Src/ARGB.o
 .ARM.attributes
                0x0000000000000077       0x2d ./Core/Src/DFPLAYER_MINI.o
 .ARM.attributes
                0x00000000000000a4       0x2d ./Core/Src/dma.o
 .ARM.attributes
                0x00000000000000d1       0x2d ./Core/Src/gpio.o
 .ARM.attributes
                0x00000000000000fe       0x2d ./Core/Src/i2c.o
 .ARM.attributes
                0x000000000000012b       0x2d ./Core/Src/logic.o
 .ARM.attributes
                0x0000000000000158       0x2d ./Core/Src/main.o
 .ARM.attributes
                0x0000000000000185       0x2d ./Core/Src/ssd1306.o
 .ARM.attributes
                0x00000000000001b2       0x2d ./Core/Src/ssd1306_fonts.o
 .ARM.attributes
                0x00000000000001df       0x2d ./Core/Src/stm32f1xx_hal_msp.o
 .ARM.attributes
                0x000000000000020c       0x2d ./Core/Src/stm32f1xx_it.o
 .ARM.attributes
                0x0000000000000239       0x2d ./Core/Src/system_stm32f1xx.o
 .ARM.attributes
                0x0000000000000266       0x2d ./Core/Src/tim.o
 .ARM.attributes
                0x0000000000000293       0x2d ./Core/Src/usart.o
 .ARM.attributes
                0x00000000000002c0       0x21 ./Core/Startup/startup_stm32f103c6tx.o
 .ARM.attributes
                0x00000000000002e1       0x2d ./Drivers/STM32F1xx_HAL_Driver/Src/stm32f1xx_hal.o
 .ARM.attributes
                0x000000000000030e       0x2d ./Drivers/STM32F1xx_HAL_Driver/Src/stm32f1xx_hal_cortex.o
 .ARM.attributes
                0x000000000000033b       0x2d ./Drivers/STM32F1xx_HAL_Driver/Src/stm32f1xx_hal_dma.o
 .ARM.attributes
                0x0000000000000368       0x2d ./Drivers/STM32F1xx_HAL_Driver/Src/stm32f1xx_hal_gpio.o
 .ARM.attributes
                0x0000000000000395       0x2d ./Drivers/STM32F1xx_HAL_Driver/Src/stm32f1xx_hal_i2c.o
 .ARM.attributes
                0x00000000000003c2       0x2d ./Drivers/STM32F1xx_HAL_Driver/Src/stm32f1xx_hal_rcc.o
 .ARM.attributes
                0x00000000000003ef       0x2d ./Drivers/STM32F1xx_HAL_Driver/Src/stm32f1xx_hal_tim.o
 .ARM.attributes
                0x000000000000041c       0x2d ./Drivers/STM32F1xx_HAL_Driver/Src/stm32f1xx_hal_tim_ex.o
 .ARM.attributes
                0x0000000000000449       0x2d ./Drivers/STM32F1xx_HAL_Driver/Src/stm32f1xx_hal_uart.o
 .ARM.attributes
                0x0000000000000476       0x2d c:/st/stm32cubeide_1.11.0/stm32cubeide/plugins/com.st.stm32cube.ide.mcu.externaltools.gnu-tools-for-stm32.10.3-2021.10.win32_1.0.100.202210260954/tools/bin/../lib/gcc/arm-none-eabi/10.3.1/../../../../arm-none-eabi/lib/thumb/v7-m/nofp\libc_nano.a(lib_a-init.o)
 .ARM.attributes
                0x00000000000004a3       0x2d c:/st/stm32cubeide_1.11.0/stm32cubeide/plugins/com.st.stm32cube.ide.mcu.externaltools.gnu-tools-for-stm32.10.3-2021.10.win32_1.0.100.202210260954/tools/bin/../lib/gcc/arm-none-eabi/10.3.1/../../../../arm-none-eabi/lib/thumb/v7-m/nofp\libc_nano.a(lib_a-memset.o)
 .ARM.attributes
                0x00000000000004d0       0x1d c:/st/stm32cubeide_1.11.0/stm32cubeide/plugins/com.st.stm32cube.ide.mcu.externaltools.gnu-tools-for-stm32.10.3-2021.10.win32_1.0.100.202210260954/tools/bin/../lib/gcc/arm-none-eabi/10.3.1/thumb/v7-m/nofp\libgcc.a(_arm_addsubdf3.o)
 .ARM.attributes
                0x00000000000004ed       0x1d c:/st/stm32cubeide_1.11.0/stm32cubeide/plugins/com.st.stm32cube.ide.mcu.externaltools.gnu-tools-for-stm32.10.3-2021.10.win32_1.0.100.202210260954/tools/bin/../lib/gcc/arm-none-eabi/10.3.1/thumb/v7-m/nofp\libgcc.a(_arm_muldivdf3.o)
 .ARM.attributes
                0x000000000000050a       0x1d c:/st/stm32cubeide_1.11.0/stm32cubeide/plugins/com.st.stm32cube.ide.mcu.externaltools.gnu-tools-for-stm32.10.3-2021.10.win32_1.0.100.202210260954/tools/bin/../lib/gcc/arm-none-eabi/10.3.1/thumb/v7-m/nofp\libgcc.a(_arm_fixunsdfsi.o)
 .ARM.attributes
                0x0000000000000527       0x1d c:/st/stm32cubeide_1.11.0/stm32cubeide/plugins/com.st.stm32cube.ide.mcu.externaltools.gnu-tools-for-stm32.10.3-2021.10.win32_1.0.100.202210260954/tools/bin/../lib/gcc/arm-none-eabi/10.3.1/thumb/v7-m/nofp/crtn.o
OUTPUT(Version1.elf elf32-littlearm)
LOAD linker stubs
LOAD c:/st/stm32cubeide_1.11.0/stm32cubeide/plugins/com.st.stm32cube.ide.mcu.externaltools.gnu-tools-for-stm32.10.3-2021.10.win32_1.0.100.202210260954/tools/bin/../lib/gcc/arm-none-eabi/10.3.1/../../../../arm-none-eabi/lib/thumb/v7-m/nofp\libc.a
LOAD c:/st/stm32cubeide_1.11.0/stm32cubeide/plugins/com.st.stm32cube.ide.mcu.externaltools.gnu-tools-for-stm32.10.3-2021.10.win32_1.0.100.202210260954/tools/bin/../lib/gcc/arm-none-eabi/10.3.1/../../../../arm-none-eabi/lib/thumb/v7-m/nofp\libm.a
LOAD c:/st/stm32cubeide_1.11.0/stm32cubeide/plugins/com.st.stm32cube.ide.mcu.externaltools.gnu-tools-for-stm32.10.3-2021.10.win32_1.0.100.202210260954/tools/bin/../lib/gcc/arm-none-eabi/10.3.1/thumb/v7-m/nofp\libgcc.a

.debug_info     0x0000000000000000    0x15080
 .debug_info    0x0000000000000000     0x2c1c ./Core/Src/ARGB.o
 .debug_info    0x0000000000002c1c      0x8fc ./Core/Src/DFPLAYER_MINI.o
 .debug_info    0x0000000000003518      0x2c8 ./Core/Src/dma.o
 .debug_info    0x00000000000037e0      0x30b ./Core/Src/gpio.o
 .debug_info    0x0000000000003aeb      0x85b ./Core/Src/i2c.o
 .debug_info    0x0000000000004346      0xb15 ./Core/Src/logic.o
 .debug_info    0x0000000000004e5b      0x8ed ./Core/Src/main.o
 .debug_info    0x0000000000005748     0x2d82 ./Core/Src/ssd1306.o
 .debug_info    0x00000000000084ca      0x1f6 ./Core/Src/ssd1306_fonts.o
 .debug_info    0x00000000000086c0      0x180 ./Core/Src/stm32f1xx_hal_msp.o
 .debug_info    0x0000000000008840      0x9ba ./Core/Src/stm32f1xx_it.o
 .debug_info    0x00000000000091fa      0x23d ./Core/Src/system_stm32f1xx.o
 .debug_info    0x0000000000009437      0xf04 ./Core/Src/tim.o
 .debug_info    0x000000000000a33b      0x95a ./Core/Src/usart.o
 .debug_info    0x000000000000ac95       0x22 ./Core/Startup/startup_stm32f103c6tx.o
 .debug_info    0x000000000000acb7      0x716 ./Drivers/STM32F1xx_HAL_Driver/Src/stm32f1xx_hal.o
 .debug_info    0x000000000000b3cd      0xb02 ./Drivers/STM32F1xx_HAL_Driver/Src/stm32f1xx_hal_cortex.o
 .debug_info    0x000000000000becf      0x73f ./Drivers/STM32F1xx_HAL_Driver/Src/stm32f1xx_hal_dma.o
 .debug_info    0x000000000000c60e      0x615 ./Drivers/STM32F1xx_HAL_Driver/Src/stm32f1xx_hal_gpio.o
 .debug_info    0x000000000000cc23     0x2734 ./Drivers/STM32F1xx_HAL_Driver/Src/stm32f1xx_hal_i2c.o
 .debug_info    0x000000000000f357      0x860 ./Drivers/STM32F1xx_HAL_Driver/Src/stm32f1xx_hal_rcc.o
 .debug_info    0x000000000000fbb7     0x29de ./Drivers/STM32F1xx_HAL_Driver/Src/stm32f1xx_hal_tim.o
 .debug_info    0x0000000000012595     0x1513 ./Drivers/STM32F1xx_HAL_Driver/Src/stm32f1xx_hal_tim_ex.o
 .debug_info    0x0000000000013aa8     0x15d8 ./Drivers/STM32F1xx_HAL_Driver/Src/stm32f1xx_hal_uart.o

.debug_abbrev   0x0000000000000000     0x3168
 .debug_abbrev  0x0000000000000000      0x45c ./Core/Src/ARGB.o
 .debug_abbrev  0x000000000000045c      0x1e0 ./Core/Src/DFPLAYER_MINI.o
 .debug_abbrev  0x000000000000063c       0xf8 ./Core/Src/dma.o
 .debug_abbrev  0x0000000000000734      0x134 ./Core/Src/gpio.o
 .debug_abbrev  0x0000000000000868      0x1ce ./Core/Src/i2c.o
 .debug_abbrev  0x0000000000000a36      0x2cb ./Core/Src/logic.o
 .debug_abbrev  0x0000000000000d01      0x237 ./Core/Src/main.o
 .debug_abbrev  0x0000000000000f38      0x46d ./Core/Src/ssd1306.o
 .debug_abbrev  0x00000000000013a5       0xc0 ./Core/Src/ssd1306_fonts.o
 .debug_abbrev  0x0000000000001465       0xc2 ./Core/Src/stm32f1xx_hal_msp.o
 .debug_abbrev  0x0000000000001527      0x184 ./Core/Src/stm32f1xx_it.o
 .debug_abbrev  0x00000000000016ab      0x13b ./Core/Src/system_stm32f1xx.o
 .debug_abbrev  0x00000000000017e6      0x279 ./Core/Src/tim.o
 .debug_abbrev  0x0000000000001a5f      0x1ec ./Core/Src/usart.o
 .debug_abbrev  0x0000000000001c4b       0x12 ./Core/Startup/startup_stm32f103c6tx.o
 .debug_abbrev  0x0000000000001c5d      0x1fb ./Drivers/STM32F1xx_HAL_Driver/Src/stm32f1xx_hal.o
 .debug_abbrev  0x0000000000001e58      0x2ed ./Drivers/STM32F1xx_HAL_Driver/Src/stm32f1xx_hal_cortex.o
 .debug_abbrev  0x0000000000002145      0x1fe ./Drivers/STM32F1xx_HAL_Driver/Src/stm32f1xx_hal_dma.o
 .debug_abbrev  0x0000000000002343      0x1bb ./Drivers/STM32F1xx_HAL_Driver/Src/stm32f1xx_hal_gpio.o
 .debug_abbrev  0x00000000000024fe      0x288 ./Drivers/STM32F1xx_HAL_Driver/Src/stm32f1xx_hal_i2c.o
 .debug_abbrev  0x0000000000002786      0x2a8 ./Drivers/STM32F1xx_HAL_Driver/Src/stm32f1xx_hal_rcc.o
 .debug_abbrev  0x0000000000002a2e      0x25d ./Drivers/STM32F1xx_HAL_Driver/Src/stm32f1xx_hal_tim.o
 .debug_abbrev  0x0000000000002c8b      0x265 ./Drivers/STM32F1xx_HAL_Driver/Src/stm32f1xx_hal_tim_ex.o
 .debug_abbrev  0x0000000000002ef0      0x278 ./Drivers/STM32F1xx_HAL_Driver/Src/stm32f1xx_hal_uart.o

.debug_aranges  0x0000000000000000     0x1140
 .debug_aranges
                0x0000000000000000       0x88 ./Core/Src/ARGB.o
 .debug_aranges
                0x0000000000000088       0x60 ./Core/Src/DFPLAYER_MINI.o
 .debug_aranges
                0x00000000000000e8       0x20 ./Core/Src/dma.o
 .debug_aranges
                0x0000000000000108       0x20 ./Core/Src/gpio.o
 .debug_aranges
                0x0000000000000128       0x30 ./Core/Src/i2c.o
 .debug_aranges
                0x0000000000000158       0x30 ./Core/Src/logic.o
 .debug_aranges
                0x0000000000000188       0x38 ./Core/Src/main.o
 .debug_aranges
                0x00000000000001c0       0xd8 ./Core/Src/ssd1306.o
 .debug_aranges
                0x0000000000000298       0x18 ./Core/Src/ssd1306_fonts.o
 .debug_aranges
                0x00000000000002b0       0x20 ./Core/Src/stm32f1xx_hal_msp.o
 .debug_aranges
                0x00000000000002d0       0x78 ./Core/Src/stm32f1xx_it.o
 .debug_aranges
                0x0000000000000348       0x28 ./Core/Src/system_stm32f1xx.o
 .debug_aranges
                0x0000000000000370       0x58 ./Core/Src/tim.o
 .debug_aranges
                0x00000000000003c8       0x30 ./Core/Src/usart.o
 .debug_aranges
                0x00000000000003f8       0x28 ./Core/Startup/startup_stm32f103c6tx.o
 .debug_aranges
                0x0000000000000420       0xe0 ./Drivers/STM32F1xx_HAL_Driver/Src/stm32f1xx_hal.o
 .debug_aranges
                0x0000000000000500      0x100 ./Drivers/STM32F1xx_HAL_Driver/Src/stm32f1xx_hal_cortex.o
 .debug_aranges
                0x0000000000000600       0x80 ./Drivers/STM32F1xx_HAL_Driver/Src/stm32f1xx_hal_dma.o
 .debug_aranges
                0x0000000000000680       0x58 ./Drivers/STM32F1xx_HAL_Driver/Src/stm32f1xx_hal_gpio.o
 .debug_aranges
                0x00000000000006d8      0x2a0 ./Drivers/STM32F1xx_HAL_Driver/Src/stm32f1xx_hal_i2c.o
 .debug_aranges
                0x0000000000000978       0x90 ./Drivers/STM32F1xx_HAL_Driver/Src/stm32f1xx_hal_rcc.o
 .debug_aranges
                0x0000000000000a08      0x3d0 ./Drivers/STM32F1xx_HAL_Driver/Src/stm32f1xx_hal_tim.o
 .debug_aranges
                0x0000000000000dd8      0x168 ./Drivers/STM32F1xx_HAL_Driver/Src/stm32f1xx_hal_tim_ex.o
 .debug_aranges
                0x0000000000000f40      0x200 ./Drivers/STM32F1xx_HAL_Driver/Src/stm32f1xx_hal_uart.o

.debug_ranges   0x0000000000000000     0x1018
 .debug_ranges  0x0000000000000000       0x78 ./Core/Src/ARGB.o
 .debug_ranges  0x0000000000000078       0x50 ./Core/Src/DFPLAYER_MINI.o
 .debug_ranges  0x00000000000000c8       0x10 ./Core/Src/dma.o
 .debug_ranges  0x00000000000000d8       0x10 ./Core/Src/gpio.o
 .debug_ranges  0x00000000000000e8       0x20 ./Core/Src/i2c.o
 .debug_ranges  0x0000000000000108       0x20 ./Core/Src/logic.o
 .debug_ranges  0x0000000000000128       0x28 ./Core/Src/main.o
 .debug_ranges  0x0000000000000150       0xc8 ./Core/Src/ssd1306.o
 .debug_ranges  0x0000000000000218       0x10 ./Core/Src/stm32f1xx_hal_msp.o
 .debug_ranges  0x0000000000000228       0x68 ./Core/Src/stm32f1xx_it.o
 .debug_ranges  0x0000000000000290       0x18 ./Core/Src/system_stm32f1xx.o
 .debug_ranges  0x00000000000002a8       0x48 ./Core/Src/tim.o
 .debug_ranges  0x00000000000002f0       0x20 ./Core/Src/usart.o
 .debug_ranges  0x0000000000000310       0x20 ./Core/Startup/startup_stm32f103c6tx.o
 .debug_ranges  0x0000000000000330       0xd0 ./Drivers/STM32F1xx_HAL_Driver/Src/stm32f1xx_hal.o
 .debug_ranges  0x0000000000000400       0xf0 ./Drivers/STM32F1xx_HAL_Driver/Src/stm32f1xx_hal_cortex.o
 .debug_ranges  0x00000000000004f0       0x70 ./Drivers/STM32F1xx_HAL_Driver/Src/stm32f1xx_hal_dma.o
 .debug_ranges  0x0000000000000560       0x48 ./Drivers/STM32F1xx_HAL_Driver/Src/stm32f1xx_hal_gpio.o
 .debug_ranges  0x00000000000005a8      0x2b8 ./Drivers/STM32F1xx_HAL_Driver/Src/stm32f1xx_hal_i2c.o
 .debug_ranges  0x0000000000000860       0x80 ./Drivers/STM32F1xx_HAL_Driver/Src/stm32f1xx_hal_rcc.o
 .debug_ranges  0x00000000000008e0      0x3c0 ./Drivers/STM32F1xx_HAL_Driver/Src/stm32f1xx_hal_tim.o
 .debug_ranges  0x0000000000000ca0      0x158 ./Drivers/STM32F1xx_HAL_Driver/Src/stm32f1xx_hal_tim_ex.o
 .debug_ranges  0x0000000000000df8      0x220 ./Drivers/STM32F1xx_HAL_Driver/Src/stm32f1xx_hal_uart.o

.debug_macro    0x0000000000000000    0x1beb6
 .debug_macro   0x0000000000000000      0x455 ./Core/Src/ARGB.o
 .debug_macro   0x0000000000000455      0xb44 ./Core/Src/ARGB.o
 .debug_macro   0x0000000000000f99      0x227 ./Core/Src/ARGB.o
 .debug_macro   0x00000000000011c0       0x2e ./Core/Src/ARGB.o
 .debug_macro   0x00000000000011ee       0x22 ./Core/Src/ARGB.o
 .debug_macro   0x0000000000001210       0x1c ./Core/Src/ARGB.o
 .debug_macro   0x000000000000122c       0x22 ./Core/Src/ARGB.o
 .debug_macro   0x000000000000124e       0x8e ./Core/Src/ARGB.o
 .debug_macro   0x00000000000012dc       0x51 ./Core/Src/ARGB.o
 .debug_macro   0x000000000000132d      0x103 ./Core/Src/ARGB.o
 .debug_macro   0x0000000000001430       0x6a ./Core/Src/ARGB.o
 .debug_macro   0x000000000000149a      0x1df ./Core/Src/ARGB.o
 .debug_macro   0x0000000000001679       0x1c ./Core/Src/ARGB.o
 .debug_macro   0x0000000000001695       0x22 ./Core/Src/ARGB.o
 .debug_macro   0x00000000000016b7       0xbd ./Core/Src/ARGB.o
 .debug_macro   0x0000000000001774      0xd23 ./Core/Src/ARGB.o
 .debug_macro   0x0000000000002497     0xde75 ./Core/Src/ARGB.o
 .debug_macro   0x000000000001030c       0x6d ./Core/Src/ARGB.o
 .debug_macro   0x0000000000010379     0x3468 ./Core/Src/ARGB.o
 .debug_macro   0x00000000000137e1      0x17b ./Core/Src/ARGB.o
 .debug_macro   0x000000000001395c       0x5c ./Core/Src/ARGB.o
 .debug_macro   0x00000000000139b8      0x5be ./Core/Src/ARGB.o
 .debug_macro   0x0000000000013f76      0x1b7 ./Core/Src/ARGB.o
 .debug_macro   0x000000000001412d      0x1cb ./Core/Src/ARGB.o
 .debug_macro   0x00000000000142f8      0x114 ./Core/Src/ARGB.o
 .debug_macro   0x000000000001440c      0x1b2 ./Core/Src/ARGB.o
 .debug_macro   0x00000000000145be       0x27 ./Core/Src/ARGB.o
 .debug_macro   0x00000000000145e5      0x12f ./Core/Src/ARGB.o
 .debug_macro   0x0000000000014714      0x1bc ./Core/Src/ARGB.o
 .debug_macro   0x00000000000148d0       0x34 ./Core/Src/ARGB.o
 .debug_macro   0x0000000000014904       0x3c ./Core/Src/ARGB.o
 .debug_macro   0x0000000000014940       0x57 ./Core/Src/ARGB.o
 .debug_macro   0x0000000000014997       0x88 ./Core/Src/ARGB.o
 .debug_macro   0x0000000000014a1f      0x183 ./Core/Src/ARGB.o
 .debug_macro   0x0000000000014ba2      0x287 ./Core/Src/ARGB.o
 .debug_macro   0x0000000000014e29      0x141 ./Core/Src/ARGB.o
 .debug_macro   0x0000000000014f6a      0x8d1 ./Core/Src/ARGB.o
 .debug_macro   0x000000000001583b      0x279 ./Core/Src/ARGB.o
 .debug_macro   0x0000000000015ab4       0x69 ./Core/Src/ARGB.o
 .debug_macro   0x0000000000015b1d       0xb8 ./Core/Src/ARGB.o
 .debug_macro   0x0000000000015bd5      0x18a ./Core/Src/ARGB.o
 .debug_macro   0x0000000000015d5f       0x10 ./Core/Src/ARGB.o
 .debug_macro   0x0000000000015d6f      0x3d1 ./Core/Src/ARGB.o
 .debug_macro   0x0000000000016140       0x10 ./Core/Src/ARGB.o
 .debug_macro   0x0000000000016150       0x18 ./Core/Src/ARGB.o
 .debug_macro   0x0000000000016168       0x52 ./Core/Src/ARGB.o
 .debug_macro   0x00000000000161ba       0x3c ./Core/Src/ARGB.o
 .debug_macro   0x00000000000161f6       0x34 ./Core/Src/ARGB.o
 .debug_macro   0x000000000001622a       0x16 ./Core/Src/ARGB.o
 .debug_macro   0x0000000000016240       0x35 ./Core/Src/ARGB.o
 .debug_macro   0x0000000000016275       0x16 ./Core/Src/ARGB.o
 .debug_macro   0x000000000001628b       0x43 ./Core/Src/ARGB.o
 .debug_macro   0x00000000000162ce       0x34 ./Core/Src/ARGB.o
 .debug_macro   0x0000000000016302       0x10 ./Core/Src/ARGB.o
 .debug_macro   0x0000000000016312       0x58 ./Core/Src/ARGB.o
 .debug_macro   0x000000000001636a       0x71 ./Core/Src/ARGB.o
 .debug_macro   0x00000000000163db       0x16 ./Core/Src/ARGB.o
 .debug_macro   0x00000000000163f1      0x12a ./Core/Src/ARGB.o
 .debug_macro   0x000000000001651b      0x364 ./Core/Src/ARGB.o
 .debug_macro   0x000000000001687f       0x16 ./Core/Src/ARGB.o
 .debug_macro   0x0000000000016895       0x29 ./Core/Src/ARGB.o
 .debug_macro   0x00000000000168be       0x1c ./Core/Src/ARGB.o
 .debug_macro   0x00000000000168da       0xde ./Core/Src/ARGB.o
 .debug_macro   0x00000000000169b8       0x16 ./Core/Src/ARGB.o
 .debug_macro   0x00000000000169ce       0x16 ./Core/Src/ARGB.o
 .debug_macro   0x00000000000169e4       0x20 ./Core/Src/ARGB.o
 .debug_macro   0x0000000000016a04       0x1c ./Core/Src/ARGB.o
 .debug_macro   0x0000000000016a20       0x10 ./Core/Src/ARGB.o
 .debug_macro   0x0000000000016a30       0x10 ./Core/Src/ARGB.o
 .debug_macro   0x0000000000016a40       0x1c ./Core/Src/ARGB.o
 .debug_macro   0x0000000000016a5c       0x52 ./Core/Src/ARGB.o
 .debug_macro   0x0000000000016aae       0x22 ./Core/Src/ARGB.o
 .debug_macro   0x0000000000016ad0       0x10 ./Core/Src/ARGB.o
 .debug_macro   0x0000000000016ae0       0x52 ./Core/Src/ARGB.o
 .debug_macro   0x0000000000016b32       0xd5 ./Core/Src/ARGB.o
 .debug_macro   0x0000000000016c07       0x1c ./Core/Src/ARGB.o
 .debug_macro   0x0000000000016c23       0x3d ./Core/Src/ARGB.o
 .debug_macro   0x0000000000016c60       0x16 ./Core/Src/ARGB.o
 .debug_macro   0x0000000000016c76      0x137 ./Core/Src/ARGB.o
 .debug_macro   0x0000000000016dad       0x2e ./Core/Src/ARGB.o
 .debug_macro   0x0000000000016ddb       0x18 ./Core/Src/ARGB.o
 .debug_macro   0x0000000000016df3      0x194 ./Core/Src/ARGB.o
 .debug_macro   0x0000000000016f87      0x3cd ./Core/Src/ARGB.o
 .debug_macro   0x0000000000017354      0x35e ./Core/Src/DFPLAYER_MINI.o
 .debug_macro   0x00000000000176b2       0x16 ./Core/Src/DFPLAYER_MINI.o
 .debug_macro   0x00000000000176c8      0x1c5 ./Core/Src/dma.o
 .debug_macro   0x000000000001788d      0xa6c ./Core/Src/dma.o
 .debug_macro   0x00000000000182f9      0xd23 ./Core/Src/dma.o
 .debug_macro   0x000000000001901c      0x174 ./Core/Src/dma.o
 .debug_macro   0x0000000000019190      0x1c5 ./Core/Src/gpio.o
 .debug_macro   0x0000000000019355      0x1c5 ./Core/Src/i2c.o
 .debug_macro   0x000000000001951a      0x462 ./Core/Src/logic.o
 .debug_macro   0x000000000001997c       0x3a ./Core/Src/logic.o
 .debug_macro   0x00000000000199b6       0x10 ./Core/Src/logic.o
 .debug_macro   0x00000000000199c6       0x40 ./Core/Src/logic.o
 .debug_macro   0x0000000000019a06      0x1f1 ./Core/Src/main.o
 .debug_macro   0x0000000000019bf7      0x362 ./Core/Src/ssd1306.o
 .debug_macro   0x0000000000019f59       0x4c ./Core/Src/ssd1306.o
 .debug_macro   0x0000000000019fa5       0x94 ./Core/Src/ssd1306.o
 .debug_macro   0x000000000001a039       0x28 ./Core/Src/ssd1306.o
 .debug_macro   0x000000000001a061       0x57 ./Core/Src/ssd1306.o
 .debug_macro   0x000000000001a0b8       0x10 ./Core/Src/ssd1306.o
 .debug_macro   0x000000000001a0c8       0x10 ./Core/Src/ssd1306.o
 .debug_macro   0x000000000001a0d8      0x3c7 ./Core/Src/ssd1306.o
 .debug_macro   0x000000000001a49f       0xf0 ./Core/Src/ssd1306.o
 .debug_macro   0x000000000001a58f       0x7b ./Core/Src/ssd1306_fonts.o
 .debug_macro   0x000000000001a60a      0x1bb ./Core/Src/stm32f1xx_hal_msp.o
 .debug_macro   0x000000000001a7c5      0x1c5 ./Core/Src/stm32f1xx_it.o
 .debug_macro   0x000000000001a98a      0x1ac ./Core/Src/system_stm32f1xx.o
 .debug_macro   0x000000000001ab36      0x1c5 ./Core/Src/tim.o
 .debug_macro   0x000000000001acfb      0x1c5 ./Core/Src/usart.o
 .debug_macro   0x000000000001aec0      0x1d0 ./Drivers/STM32F1xx_HAL_Driver/Src/stm32f1xx_hal.o
 .debug_macro   0x000000000001b090      0x1ac ./Drivers/STM32F1xx_HAL_Driver/Src/stm32f1xx_hal_cortex.o
 .debug_macro   0x000000000001b23c      0x1ac ./Drivers/STM32F1xx_HAL_Driver/Src/stm32f1xx_hal_dma.o
 .debug_macro   0x000000000001b3e8      0x217 ./Drivers/STM32F1xx_HAL_Driver/Src/stm32f1xx_hal_gpio.o
 .debug_macro   0x000000000001b5ff      0x1f3 ./Drivers/STM32F1xx_HAL_Driver/Src/stm32f1xx_hal_i2c.o
 .debug_macro   0x000000000001b7f2      0x1be ./Drivers/STM32F1xx_HAL_Driver/Src/stm32f1xx_hal_rcc.o
 .debug_macro   0x000000000001b9b0      0x1ad ./Drivers/STM32F1xx_HAL_Driver/Src/stm32f1xx_hal_tim.o
 .debug_macro   0x000000000001bb5d      0x1ac ./Drivers/STM32F1xx_HAL_Driver/Src/stm32f1xx_hal_tim_ex.o
 .debug_macro   0x000000000001bd09      0x1ad ./Drivers/STM32F1xx_HAL_Driver/Src/stm32f1xx_hal_uart.o

.debug_line     0x0000000000000000    0x15acb
 .debug_line    0x0000000000000000     0x1529 ./Core/Src/ARGB.o
 .debug_line    0x0000000000001529      0x99d ./Core/Src/DFPLAYER_MINI.o
 .debug_line    0x0000000000001ec6      0x68c ./Core/Src/dma.o
 .debug_line    0x0000000000002552      0x6d3 ./Core/Src/gpio.o
 .debug_line    0x0000000000002c25      0x6f7 ./Core/Src/i2c.o
 .debug_line    0x000000000000331c      0xce4 ./Core/Src/logic.o
 .debug_line    0x0000000000004000      0x750 ./Core/Src/main.o
 .debug_line    0x0000000000004750     0x124e ./Core/Src/ssd1306.o
 .debug_line    0x000000000000599e      0x3ab ./Core/Src/ssd1306_fonts.o
 .debug_line    0x0000000000005d49      0x690 ./Core/Src/stm32f1xx_hal_msp.o
 .debug_line    0x00000000000063d9      0x79b ./Core/Src/stm32f1xx_it.o
 .debug_line    0x0000000000006b74      0x70f ./Core/Src/system_stm32f1xx.o
 .debug_line    0x0000000000007283      0x8ab ./Core/Src/tim.o
 .debug_line    0x0000000000007b2e      0x703 ./Core/Src/usart.o
 .debug_line    0x0000000000008231       0x87 ./Core/Startup/startup_stm32f103c6tx.o
 .debug_line    0x00000000000082b8      0x93c ./Drivers/STM32F1xx_HAL_Driver/Src/stm32f1xx_hal.o
 .debug_line    0x0000000000008bf4      0xb24 ./Drivers/STM32F1xx_HAL_Driver/Src/stm32f1xx_hal_cortex.o
 .debug_line    0x0000000000009718      0xd94 ./Drivers/STM32F1xx_HAL_Driver/Src/stm32f1xx_hal_dma.o
 .debug_line    0x000000000000a4ac      0x9be ./Drivers/STM32F1xx_HAL_Driver/Src/stm32f1xx_hal_gpio.o
 .debug_line    0x000000000000ae6a     0x3a26 ./Drivers/STM32F1xx_HAL_Driver/Src/stm32f1xx_hal_i2c.o
 .debug_line    0x000000000000e890      0xd4a ./Drivers/STM32F1xx_HAL_Driver/Src/stm32f1xx_hal_rcc.o
 .debug_line    0x000000000000f5da     0x32a8 ./Drivers/STM32F1xx_HAL_Driver/Src/stm32f1xx_hal_tim.o
 .debug_line    0x0000000000012882     0x1832 ./Drivers/STM32F1xx_HAL_Driver/Src/stm32f1xx_hal_tim_ex.o
 .debug_line    0x00000000000140b4     0x1a17 ./Drivers/STM32F1xx_HAL_Driver/Src/stm32f1xx_hal_uart.o

.debug_str      0x0000000000000000    0x8e890
 .debug_str     0x0000000000000000    0x8a089 ./Core/Src/ARGB.o
                                      0x8a769 (size before relaxing)
 .debug_str     0x000000000008a089      0x465 ./Core/Src/DFPLAYER_MINI.o
                                      0x871b1 (size before relaxing)
 .debug_str     0x000000000008a4ee      0x462 ./Core/Src/dma.o
                                      0x82dbf (size before relaxing)
 .debug_str     0x000000000008a950       0x72 ./Core/Src/gpio.o
                                      0x82b9b (size before relaxing)
 .debug_str     0x000000000008a9c2      0x250 ./Core/Src/i2c.o
                                      0x83055 (size before relaxing)
 .debug_str     0x000000000008ac12      0x350 ./Core/Src/logic.o
                                      0x88d3e (size before relaxing)
 .debug_str     0x000000000008af62      0x1ed ./Core/Src/main.o
                                      0x831e5 (size before relaxing)
 .debug_str     0x000000000008b14f      0x37a ./Core/Src/ssd1306.o
                                      0x89602 (size before relaxing)
 .debug_str     0x000000000008b4c9       0x62 ./Core/Src/ssd1306_fonts.o
                                       0x41b3 (size before relaxing)
 .debug_str     0x000000000008b52b       0x2c ./Core/Src/stm32f1xx_hal_msp.o
                                      0x82af5 (size before relaxing)
 .debug_str     0x000000000008b557      0x13e ./Core/Src/stm32f1xx_it.o
                                      0x8328b (size before relaxing)
 .debug_str     0x000000000008b695       0x7e ./Core/Src/system_stm32f1xx.o
                                      0x82824 (size before relaxing)
 .debug_str     0x000000000008b713      0x3b7 ./Core/Src/tim.o
                                      0x8371d (size before relaxing)
 .debug_str     0x000000000008baca       0x51 ./Core/Src/usart.o
                                      0x8329c (size before relaxing)
 .debug_str     0x000000000008bb1b       0x36 ./Core/Startup/startup_stm32f103c6tx.o
                                         0x72 (size before relaxing)
 .debug_str     0x000000000008bb51      0x320 ./Drivers/STM32F1xx_HAL_Driver/Src/stm32f1xx_hal.o
                                      0x82f1d (size before relaxing)
 .debug_str     0x000000000008be71      0x294 ./Drivers/STM32F1xx_HAL_Driver/Src/stm32f1xx_hal_cortex.o
                                      0x82e69 (size before relaxing)
 .debug_str     0x000000000008c105      0x1e4 ./Drivers/STM32F1xx_HAL_Driver/Src/stm32f1xx_hal_dma.o
                                      0x82bcd (size before relaxing)
 .debug_str     0x000000000008c2e9      0x2e1 ./Drivers/STM32F1xx_HAL_Driver/Src/stm32f1xx_hal_gpio.o
                                      0x82baa (size before relaxing)
 .debug_str     0x000000000008c5ca      0xb1c ./Drivers/STM32F1xx_HAL_Driver/Src/stm32f1xx_hal_i2c.o
                                      0x83898 (size before relaxing)
 .debug_str     0x000000000008d0e6      0x209 ./Drivers/STM32F1xx_HAL_Driver/Src/stm32f1xx_hal_rcc.o
                                      0x82c53 (size before relaxing)
 .debug_str     0x000000000008d2ef      0xc10 ./Drivers/STM32F1xx_HAL_Driver/Src/stm32f1xx_hal_tim.o
                                      0x83c3e (size before relaxing)
 .debug_str     0x000000000008deff      0x3e1 ./Drivers/STM32F1xx_HAL_Driver/Src/stm32f1xx_hal_tim_ex.o
                                      0x8345a (size before relaxing)
 .debug_str     0x000000000008e2e0      0x5b0 ./Drivers/STM32F1xx_HAL_Driver/Src/stm32f1xx_hal_uart.o
                                      0x8325e (size before relaxing)

.comment        0x0000000000000000       0x50
 .comment       0x0000000000000000       0x50 ./Core/Src/ARGB.o
                                         0x51 (size before relaxing)
 .comment       0x0000000000000050       0x51 ./Core/Src/DFPLAYER_MINI.o
 .comment       0x0000000000000050       0x51 ./Core/Src/dma.o
 .comment       0x0000000000000050       0x51 ./Core/Src/gpio.o
 .comment       0x0000000000000050       0x51 ./Core/Src/i2c.o
 .comment       0x0000000000000050       0x51 ./Core/Src/logic.o
 .comment       0x0000000000000050       0x51 ./Core/Src/main.o
 .comment       0x0000000000000050       0x51 ./Core/Src/ssd1306.o
 .comment       0x0000000000000050       0x51 ./Core/Src/ssd1306_fonts.o
 .comment       0x0000000000000050       0x51 ./Core/Src/stm32f1xx_hal_msp.o
 .comment       0x0000000000000050       0x51 ./Core/Src/stm32f1xx_it.o
 .comment       0x0000000000000050       0x51 ./Core/Src/system_stm32f1xx.o
 .comment       0x0000000000000050       0x51 ./Core/Src/tim.o
 .comment       0x0000000000000050       0x51 ./Core/Src/usart.o
 .comment       0x0000000000000050       0x51 ./Drivers/STM32F1xx_HAL_Driver/Src/stm32f1xx_hal.o
 .comment       0x0000000000000050       0x51 ./Drivers/STM32F1xx_HAL_Driver/Src/stm32f1xx_hal_cortex.o
 .comment       0x0000000000000050       0x51 ./Drivers/STM32F1xx_HAL_Driver/Src/stm32f1xx_hal_dma.o
 .comment       0x0000000000000050       0x51 ./Drivers/STM32F1xx_HAL_Driver/Src/stm32f1xx_hal_gpio.o
 .comment       0x0000000000000050       0x51 ./Drivers/STM32F1xx_HAL_Driver/Src/stm32f1xx_hal_i2c.o
 .comment       0x0000000000000050       0x51 ./Drivers/STM32F1xx_HAL_Driver/Src/stm32f1xx_hal_rcc.o
 .comment       0x0000000000000050       0x51 ./Drivers/STM32F1xx_HAL_Driver/Src/stm32f1xx_hal_tim.o
 .comment       0x0000000000000050       0x51 ./Drivers/STM32F1xx_HAL_Driver/Src/stm32f1xx_hal_tim_ex.o
 .comment       0x0000000000000050       0x51 ./Drivers/STM32F1xx_HAL_Driver/Src/stm32f1xx_hal_uart.o

.debug_frame    0x0000000000000000     0x47d0
 .debug_frame   0x0000000000000000      0x220 ./Core/Src/ARGB.o
 .debug_frame   0x0000000000000220      0x12c ./Core/Src/DFPLAYER_MINI.o
 .debug_frame   0x000000000000034c       0x34 ./Core/Src/dma.o
 .debug_frame   0x0000000000000380       0x34 ./Core/Src/gpio.o
 .debug_frame   0x00000000000003b4       0x74 ./Core/Src/i2c.o
 .debug_frame   0x0000000000000428       0x70 ./Core/Src/logic.o
 .debug_frame   0x0000000000000498       0x8c ./Core/Src/main.o
 .debug_frame   0x0000000000000524      0x388 ./Core/Src/ssd1306.o
 .debug_frame   0x00000000000008ac       0x38 ./Core/Src/stm32f1xx_hal_msp.o
 .debug_frame   0x00000000000008e4      0x158 ./Core/Src/stm32f1xx_it.o
 .debug_frame   0x0000000000000a3c       0x58 ./Core/Src/system_stm32f1xx.o
 .debug_frame   0x0000000000000a94      0x130 ./Core/Src/tim.o
 .debug_frame   0x0000000000000bc4       0x74 ./Core/Src/usart.o
 .debug_frame   0x0000000000000c38      0x334 ./Drivers/STM32F1xx_HAL_Driver/Src/stm32f1xx_hal.o
 .debug_frame   0x0000000000000f6c      0x428 ./Drivers/STM32F1xx_HAL_Driver/Src/stm32f1xx_hal_cortex.o
 .debug_frame   0x0000000000001394      0x208 ./Drivers/STM32F1xx_HAL_Driver/Src/stm32f1xx_hal_dma.o
 .debug_frame   0x000000000000159c      0x14c ./Drivers/STM32F1xx_HAL_Driver/Src/stm32f1xx_hal_gpio.o
 .debug_frame   0x00000000000016e8      0xc5c ./Drivers/STM32F1xx_HAL_Driver/Src/stm32f1xx_hal_i2c.o
 .debug_frame   0x0000000000002344      0x21c ./Drivers/STM32F1xx_HAL_Driver/Src/stm32f1xx_hal_rcc.o
 .debug_frame   0x0000000000002560     0x11b8 ./Drivers/STM32F1xx_HAL_Driver/Src/stm32f1xx_hal_tim.o
 .debug_frame   0x0000000000003718      0x638 ./Drivers/STM32F1xx_HAL_Driver/Src/stm32f1xx_hal_tim_ex.o
 .debug_frame   0x0000000000003d50      0x914 ./Drivers/STM32F1xx_HAL_Driver/Src/stm32f1xx_hal_uart.o
 .debug_frame   0x0000000000004664       0x2c c:/st/stm32cubeide_1.11.0/stm32cubeide/plugins/com.st.stm32cube.ide.mcu.externaltools.gnu-tools-for-stm32.10.3-2021.10.win32_1.0.100.202210260954/tools/bin/../lib/gcc/arm-none-eabi/10.3.1/../../../../arm-none-eabi/lib/thumb/v7-m/nofp\libc_nano.a(lib_a-init.o)
 .debug_frame   0x0000000000004690       0x20 c:/st/stm32cubeide_1.11.0/stm32cubeide/plugins/com.st.stm32cube.ide.mcu.externaltools.gnu-tools-for-stm32.10.3-2021.10.win32_1.0.100.202210260954/tools/bin/../lib/gcc/arm-none-eabi/10.3.1/../../../../arm-none-eabi/lib/thumb/v7-m/nofp\libc_nano.a(lib_a-memset.o)
 .debug_frame   0x00000000000046b0       0xac c:/st/stm32cubeide_1.11.0/stm32cubeide/plugins/com.st.stm32cube.ide.mcu.externaltools.gnu-tools-for-stm32.10.3-2021.10.win32_1.0.100.202210260954/tools/bin/../lib/gcc/arm-none-eabi/10.3.1/thumb/v7-m/nofp\libgcc.a(_arm_addsubdf3.o)
 .debug_frame   0x000000000000475c       0x50 c:/st/stm32cubeide_1.11.0/stm32cubeide/plugins/com.st.stm32cube.ide.mcu.externaltools.gnu-tools-for-stm32.10.3-2021.10.win32_1.0.100.202210260954/tools/bin/../lib/gcc/arm-none-eabi/10.3.1/thumb/v7-m/nofp\libgcc.a(_arm_muldivdf3.o)
 .debug_frame   0x00000000000047ac       0x24 c:/st/stm32cubeide_1.11.0/stm32cubeide/plugins/com.st.stm32cube.ide.mcu.externaltools.gnu-tools-for-stm32.10.3-2021.10.win32_1.0.100.202210260954/tools/bin/../lib/gcc/arm-none-eabi/10.3.1/thumb/v7-m/nofp\libgcc.a(_arm_fixunsdfsi.o)
