../Core/Src/ARGB.cpp:420:13:0(u8_t, u8_t, u8_t, u8_t*, u8_t*, u8_t*)	48	static
../Core/Src/ARGB.cpp:545:13:void ARGB_TIM_DMADelayPulseHalfCplt(DMA_HandleTypeDef*)	24	static
../Core/Src/ARGB.cpp:461:13:void ARGB_TIM_DMADelayPulseCplt(DMA_HandleTypeDef*)	32	static
../Core/Src/ARGB.cpp:134:6:void ARGB_Init()	24	static
../Core/Src/ARGB.cpp:207:6:void ARGB_SetBrightness(u8_t)	0	static
../Core/Src/ARGB.cpp:218:6:void ARGB_SetRGB(u16_t, u8_t, u8_t, u8_t)	40	static
../Core/Src/ARGB.cpp:175:6:void ARGB_Flicker(uint16_t, u8_t*, float, int, int)	24	static
../Core/Src/ARGB.cpp:261:6:void ARGB_SetHSV(u16_t, u8_t, u8_t, u8_t)	32	static
../Core/Src/ARGB.cpp:272:6:void ARGB_SetWhite(u16_t, u8_t)	0	static
../Core/Src/ARGB.cpp:286:6:void ARGB_FillRGB(u8_t, u8_t, u8_t)	32	static
../Core/Src/ARGB.cpp:196:6:void ARGB_Clear()	0	static
../Core/Src/ARGB.cpp:297:6:void ARGB_FillHSV(u8_t, u8_t, u8_t)	24	static
../Core/Src/ARGB.cpp:307:6:void ARGB_FillWhite(u8_t)	16	static
../Core/Src/ARGB.cpp:317:12:ARGB_STATE ARGB_Ready()	0	static
../Core/Src/ARGB.cpp:326:12:ARGB_STATE ARGB_Show()	32	static
