../Core/Src/DFPLAYER_MINI.cpp:34:6:void Send_cmd(uint8_t, uint8_t, uint8_t)	24	static
../Core/Src/DFPLAYER_MINI.cpp:43:6:void DF_SetVolume(uint8_t)	8	static
../Core/Src/DFPLAYER_MINI.cpp:52:6:void DF_PlaySelected(uint16_t)	8	static
../Core/Src/DFPLAYER_MINI.cpp:61:6:void DF_Init(uint8_t)	8	static
../Core/Src/DFPLAYER_MINI.cpp:69:6:void DF_Next()	8	static
../Core/Src/DFPLAYER_MINI.cpp:75:6:void DF_Pause()	8	static
../Core/Src/DFPLAYER_MINI.cpp:81:6:void DF_Previous()	8	static
../Core/Src/DFPLAYER_MINI.cpp:87:6:void DF_Playback()	8	static
../Core/Src/DFPLAYER_MINI.cpp:92:5:int IsDFBusy()	8	static
../Core/Src/DFPLAYER_MINI.cpp:96:6:void fadeoutAudio(uint32_t, int, double)	32	static
../Core/Src/DFPLAYER_MINI.cpp:117:6:void restoreAudioVolume()	8	static
../Core/Src/DFPLAYER_MINI.cpp:124:6:void randomizeSongList(uint32_t)	0	static
../Core/Src/DFPLAYER_MINI.cpp:140:6:void playNextSong()	8	static
../Core/Src/DFPLAYER_MINI.cpp:148:5:int getDFVolume()	0	static
