../Core/Src/stateMachine.cpp:495:6:void resetTimer()	0	static
../Core/Src/stateMachine.cpp:500:6:void updateTime()	24	static
../Core/Src/stateMachine.cpp:507:6:void changeState(int)	0	static
../Core/Src/stateMachine.cpp:513:6:void changeTimeState(int)	0	static
../Core/Src/stateMachine.cpp:518:6:void setRGBoutput(u8_t*)	0	static
../Core/Src/stateMachine.cpp:525:6:void transitionRGBcolor(u8_t*, u8_t*, double, u32_t)	48	static
../Core/Src/stateMachine.cpp:534:22:std::tuple<int, int> getTime(uint32_t)	8	static
../Core/Src/stateMachine.cpp:541:6:void setupState(GPIO_PinState, u8_t*)	16	static
../Core/Src/stateMachine.cpp:553:6:void explodeSun()	24	static
../Core/Src/stateMachine.cpp:379:6:void timeHandler()	32	static
../Core/Src/stateMachine.cpp:563:5:int translateEncoderData(int, int, int)	24	static
../Core/Src/stateMachine.cpp:572:6:void interruptFlicker()	16	static
../Core/Src/stateMachine.cpp:586:6:void handleDisplayRefresh()	8	static
../Core/Src/stateMachine.cpp:76:6:void stateHandler()	96	static
