../Core/Src/ARGB.cpp:131:6:void ARGB_Init()	16	static
../Core/Src/ARGB.cpp:178:6:void ARGB_Clear()	8	static
../Core/Src/ARGB.cpp:189:6:void ARGB_SetBrightness(u8_t)	16	static
../Core/Src/ARGB.cpp:200:6:void ARGB_SetRGB(u16_t, u8_t, u8_t, u8_t)	24	static
../Core/Src/ARGB.cpp:243:6:void ARGB_SetHSV(u16_t, u8_t, u8_t, u8_t)	40	static
../Core/Src/ARGB.cpp:254:6:void ARGB_SetWhite(u16_t, u8_t)	16	static
../Core/Src/ARGB.cpp:268:6:void ARGB_FillRGB(u8_t, u8_t, u8_t)	24	static
../Core/Src/ARGB.cpp:279:6:void ARGB_FillHSV(u8_t, u8_t, u8_t)	40	static
../Core/Src/ARGB.cpp:289:6:void ARGB_FillWhite(u8_t)	24	static
../Core/Src/ARGB.cpp:299:12:ARGB_STATE ARGB_Ready()	4	static
../Core/Src/ARGB.cpp:308:12:ARGB_STATE ARGB_Show()	24	static
../Core/Src/ARGB.cpp:402:13:void HSV2RGB(u8_t, u8_t, u8_t, u8_t*, u8_t*, u8_t*)	48	static
../Core/Src/ARGB.cpp:443:13:void ARGB_TIM_DMADelayPulseCplt(DMA_HandleTypeDef*)	24	static
../Core/Src/ARGB.cpp:527:13:void ARGB_TIM_DMADelayPulseHalfCplt(DMA_HandleTypeDef*)	24	static
