../Core/Src/DFPLAYER_MINI.cpp:36:6:void Send_cmd(uint8_t, uint8_t, uint8_t)	32	static
../Core/Src/DFPLAYER_MINI.cpp:45:6:void DF_SetVolume(uint8_t)	16	static
../Core/Src/DFPLAYER_MINI.cpp:52:6:void DF_PlaySelected(uint16_t)	24	static
../Core/Src/DFPLAYER_MINI.cpp:61:6:void DF_Init(uint8_t)	16	static
../Core/Src/DFPLAYER_MINI.cpp:69:6:void DF_Next()	8	static
../Core/Src/DFPLAYER_MINI.cpp:75:6:void DF_Pause()	8	static
../Core/Src/DFPLAYER_MINI.cpp:81:6:void DF_Previous()	8	static
../Core/Src/DFPLAYER_MINI.cpp:87:6:void DF_Playback()	8	static
../Core/Src/DFPLAYER_MINI.cpp:93:6:void Check_Key()	8	static
