../Core/Src/ssd1306_tests.cpp:112:6:void ssd1306_TestBorder()	24	static
../Core/Src/ssd1306_tests.cpp:141:6:void ssd1306_TestFonts()	16	static
../Core/Src/ssd1306_tests.cpp:171:6:void ssd1306_TestFPS()	112	static
../Core/Src/ssd1306_tests.cpp:209:6:void ssd1306_TestLine()	16	static
../Core/Src/ssd1306_tests.cpp:217:6:void ssd1306_TestRectangle()	32	static
../Core/Src/ssd1306_tests.cpp:227:6:void ssd1306_TestCircle()	16	static
../Core/Src/ssd1306_tests.cpp:237:6:void ssd1306_TestArc()	16	static
../Core/Src/ssd1306_tests.cpp:243:6:void ssd1306_TestPolyline()	32	static
../Core/Src/ssd1306_tests.cpp:260:6:void ssd1306_TestDrawBitmap()	16	static
../Core/Src/ssd1306_tests.cpp:275:6:void ssd1306_TestAll()	8	static
