c:\st\stm32cubeide_1.11.0\stm32cubeide\plugins\com.st.stm32cube.ide.mcu.externaltools.gnu-tools-for-stm32.10.3-2021.10.win32_1.0.100.202210260954\tools\arm-none-eabi\include\c++\10.3.1\cmath:184:3:constexpr float std::cos(float)	16	static
c:\st\stm32cubeide_1.11.0\stm32cubeide\plugins\com.st.stm32cube.ide.mcu.externaltools.gnu-tools-for-stm32.10.3-2021.10.win32_1.0.100.202210260954\tools\arm-none-eabi\include\c++\10.3.1\cmath:425:3:constexpr float std::sin(float)	16	static
../Core/Src/ssd1306.cpp:8:6:void ssd1306_Reset()	4	static
../Core/Src/ssd1306.cpp:13:6:void ssd1306_WriteCommand(uint8_t)	32	static
../Core/Src/ssd1306.cpp:18:6:void ssd1306_WriteData(uint8_t*, size_t)	32	static
../Core/Src/ssd1306.cpp:63:17:SSD1306_Error_t ssd1306_FillBuffer(uint8_t*, uint32_t)	24	static
../Core/Src/ssd1306.cpp:73:6:void ssd1306_Init()	8	static
../Core/Src/ssd1306.cpp:175:6:void ssd1306_Fill(SSD1306_COLOR)	24	static
../Core/Src/ssd1306.cpp:185:6:void ssd1306_UpdateScreen()	16	static
../Core/Src/ssd1306.cpp:204:6:void ssd1306_DrawPixel(uint8_t, uint8_t, SSD1306_COLOR)	16	static
../Core/Src/ssd1306.cpp:222:6:char ssd1306_WriteChar(char, FontDef, SSD1306_COLOR)	48	static
../Core/Src/ssd1306.cpp:257:6:char ssd1306_WriteString(char*, FontDef, SSD1306_COLOR)	24	static
../Core/Src/ssd1306.cpp:274:6:void ssd1306_SetCursor(uint8_t, uint8_t)	16	static
../Core/Src/ssd1306.cpp:280:6:void ssd1306_Line(uint8_t, uint8_t, uint8_t, uint8_t, SSD1306_COLOR)	48	static
../Core/Src/ssd1306.cpp:316:6:void ssd1306_Polyline(const SSD1306_VERTEX*, uint16_t, SSD1306_COLOR)	40	static
../Core/Src/ssd1306.cpp:330:14:float ssd1306_DegToRad(float)	16	static
../Core/Src/ssd1306.cpp:334:17:uint16_t ssd1306_NormalizeTo0_360(uint16_t)	24	static
../Core/Src/ssd1306.cpp:351:6:void ssd1306_DrawArc(uint8_t, uint8_t, uint8_t, uint16_t, uint16_t, SSD1306_COLOR)	56	static
../Core/Src/ssd1306.cpp:388:6:void ssd1306_DrawCircle(uint8_t, uint8_t, uint8_t, SSD1306_COLOR)	40	static
../Core/Src/ssd1306.cpp:433:6:void ssd1306_DrawRectangle(uint8_t, uint8_t, uint8_t, uint8_t, SSD1306_COLOR)	32	static
../Core/Src/ssd1306.cpp:444:6:void ssd1306_DrawBitmap(uint8_t, uint8_t, const unsigned char*, uint8_t, uint8_t, SSD1306_COLOR)	24	static
../Core/Src/ssd1306.cpp:466:6:void ssd1306_SetContrast(uint8_t)	24	static
../Core/Src/ssd1306.cpp:472:6:void ssd1306_SetDisplayOn(uint8_t)	24	static
../Core/Src/ssd1306.cpp:484:9:uint8_t ssd1306_GetDisplayOn()	4	static
