Archive member included to satisfy reference by file (symbol)

c:/st/stm32cubeide_1.11.0/stm32cubeide/plugins/com.st.stm32cube.ide.mcu.externaltools.gnu-tools-for-stm32.10.3-2021.10.win32_1.0.100.202210260954/tools/bin/../lib/gcc/arm-none-eabi/10.3.1/../../../../arm-none-eabi/lib/thumb/v7-m/nofp\libm.a(lib_a-sf_cos.o)
                              ./Core/Src/ssd1306.o (cosf)
c:/st/stm32cubeide_1.11.0/stm32cubeide/plugins/com.st.stm32cube.ide.mcu.externaltools.gnu-tools-for-stm32.10.3-2021.10.win32_1.0.100.202210260954/tools/bin/../lib/gcc/arm-none-eabi/10.3.1/../../../../arm-none-eabi/lib/thumb/v7-m/nofp\libm.a(lib_a-sf_floor.o)
                              ./Core/Src/ARGB.o (floorf)
c:/st/stm32cubeide_1.11.0/stm32cubeide/plugins/com.st.stm32cube.ide.mcu.externaltools.gnu-tools-for-stm32.10.3-2021.10.win32_1.0.100.202210260954/tools/bin/../lib/gcc/arm-none-eabi/10.3.1/../../../../arm-none-eabi/lib/thumb/v7-m/nofp\libm.a(lib_a-sf_sin.o)
                              ./Core/Src/ssd1306.o (sinf)
c:/st/stm32cubeide_1.11.0/stm32cubeide/plugins/com.st.stm32cube.ide.mcu.externaltools.gnu-tools-for-stm32.10.3-2021.10.win32_1.0.100.202210260954/tools/bin/../lib/gcc/arm-none-eabi/10.3.1/../../../../arm-none-eabi/lib/thumb/v7-m/nofp\libm.a(lib_a-ef_rem_pio2.o)
                              c:/st/stm32cubeide_1.11.0/stm32cubeide/plugins/com.st.stm32cube.ide.mcu.externaltools.gnu-tools-for-stm32.10.3-2021.10.win32_1.0.100.202210260954/tools/bin/../lib/gcc/arm-none-eabi/10.3.1/../../../../arm-none-eabi/lib/thumb/v7-m/nofp\libm.a(lib_a-sf_cos.o) (__ieee754_rem_pio2f)
c:/st/stm32cubeide_1.11.0/stm32cubeide/plugins/com.st.stm32cube.ide.mcu.externaltools.gnu-tools-for-stm32.10.3-2021.10.win32_1.0.100.202210260954/tools/bin/../lib/gcc/arm-none-eabi/10.3.1/../../../../arm-none-eabi/lib/thumb/v7-m/nofp\libm.a(lib_a-kf_cos.o)
                              c:/st/stm32cubeide_1.11.0/stm32cubeide/plugins/com.st.stm32cube.ide.mcu.externaltools.gnu-tools-for-stm32.10.3-2021.10.win32_1.0.100.202210260954/tools/bin/../lib/gcc/arm-none-eabi/10.3.1/../../../../arm-none-eabi/lib/thumb/v7-m/nofp\libm.a(lib_a-sf_cos.o) (__kernel_cosf)
c:/st/stm32cubeide_1.11.0/stm32cubeide/plugins/com.st.stm32cube.ide.mcu.externaltools.gnu-tools-for-stm32.10.3-2021.10.win32_1.0.100.202210260954/tools/bin/../lib/gcc/arm-none-eabi/10.3.1/../../../../arm-none-eabi/lib/thumb/v7-m/nofp\libm.a(lib_a-kf_rem_pio2.o)
                              c:/st/stm32cubeide_1.11.0/stm32cubeide/plugins/com.st.stm32cube.ide.mcu.externaltools.gnu-tools-for-stm32.10.3-2021.10.win32_1.0.100.202210260954/tools/bin/../lib/gcc/arm-none-eabi/10.3.1/../../../../arm-none-eabi/lib/thumb/v7-m/nofp\libm.a(lib_a-ef_rem_pio2.o) (__kernel_rem_pio2f)
c:/st/stm32cubeide_1.11.0/stm32cubeide/plugins/com.st.stm32cube.ide.mcu.externaltools.gnu-tools-for-stm32.10.3-2021.10.win32_1.0.100.202210260954/tools/bin/../lib/gcc/arm-none-eabi/10.3.1/../../../../arm-none-eabi/lib/thumb/v7-m/nofp\libm.a(lib_a-kf_sin.o)
                              c:/st/stm32cubeide_1.11.0/stm32cubeide/plugins/com.st.stm32cube.ide.mcu.externaltools.gnu-tools-for-stm32.10.3-2021.10.win32_1.0.100.202210260954/tools/bin/../lib/gcc/arm-none-eabi/10.3.1/../../../../arm-none-eabi/lib/thumb/v7-m/nofp\libm.a(lib_a-sf_cos.o) (__kernel_sinf)
c:/st/stm32cubeide_1.11.0/stm32cubeide/plugins/com.st.stm32cube.ide.mcu.externaltools.gnu-tools-for-stm32.10.3-2021.10.win32_1.0.100.202210260954/tools/bin/../lib/gcc/arm-none-eabi/10.3.1/../../../../arm-none-eabi/lib/thumb/v7-m/nofp\libm.a(lib_a-sf_fabs.o)
                              c:/st/stm32cubeide_1.11.0/stm32cubeide/plugins/com.st.stm32cube.ide.mcu.externaltools.gnu-tools-for-stm32.10.3-2021.10.win32_1.0.100.202210260954/tools/bin/../lib/gcc/arm-none-eabi/10.3.1/../../../../arm-none-eabi/lib/thumb/v7-m/nofp\libm.a(lib_a-ef_rem_pio2.o) (fabsf)
c:/st/stm32cubeide_1.11.0/stm32cubeide/plugins/com.st.stm32cube.ide.mcu.externaltools.gnu-tools-for-stm32.10.3-2021.10.win32_1.0.100.202210260954/tools/bin/../lib/gcc/arm-none-eabi/10.3.1/../../../../arm-none-eabi/lib/thumb/v7-m/nofp\libm.a(lib_a-sf_scalbn.o)
                              c:/st/stm32cubeide_1.11.0/stm32cubeide/plugins/com.st.stm32cube.ide.mcu.externaltools.gnu-tools-for-stm32.10.3-2021.10.win32_1.0.100.202210260954/tools/bin/../lib/gcc/arm-none-eabi/10.3.1/../../../../arm-none-eabi/lib/thumb/v7-m/nofp\libm.a(lib_a-kf_rem_pio2.o) (scalbnf)
c:/st/stm32cubeide_1.11.0/stm32cubeide/plugins/com.st.stm32cube.ide.mcu.externaltools.gnu-tools-for-stm32.10.3-2021.10.win32_1.0.100.202210260954/tools/bin/../lib/gcc/arm-none-eabi/10.3.1/../../../../arm-none-eabi/lib/thumb/v7-m/nofp\libc_nano.a(lib_a-errno.o)
                              ./Core/Src/syscalls.o (__errno)
c:/st/stm32cubeide_1.11.0/stm32cubeide/plugins/com.st.stm32cube.ide.mcu.externaltools.gnu-tools-for-stm32.10.3-2021.10.win32_1.0.100.202210260954/tools/bin/../lib/gcc/arm-none-eabi/10.3.1/../../../../arm-none-eabi/lib/thumb/v7-m/nofp\libc_nano.a(lib_a-exit.o)
[...]
Memory Configuration

Name             Origin             Length             Attributes
RAM              0x0000000020000000 0x0000000000002800 xrw
FLASH            0x0000000008000000 0x0000000000008000 xr
*default*        0x0000000000000000 0xffffffffffffffff

Linker script and memory map

LOAD c:/st/stm32cubeide_1.11.0/stm32cubeide/plugins/com.st.stm32cube.ide.mcu.externaltools.gnu-tools-for-stm32.10.3-2021.10.win32_1.0.100.202210260954/tools/bin/../lib/gcc/arm-none-eabi/10.3.1/thumb/v7-m/nofp/crti.o
LOAD c:/st/stm32cubeide_1.11.0/stm32cubeide/plugins/com.st.stm32cube.ide.mcu.externaltools.gnu-tools-for-stm32.10.3-2021.10.win32_1.0.100.202210260954/tools/bin/../lib/gcc/arm-none-eabi/10.3.1/thumb/v7-m/nofp/crtbegin.o
LOAD c:/st/stm32cubeide_1.11.0/stm32cubeide/plugins/com.st.stm32cube.ide.mcu.externaltools.gnu-tools-for-stm32.10.3-2021.10.win32_1.0.100.202210260954/tools/bin/../lib/gcc/arm-none-eabi/10.3.1/../../../../arm-none-eabi/lib/thumb/v7-m/nofp/crt0.o
LOAD ./Core/Src/ARGB.o
LOAD ./Core/Src/DFPLAYER_MINI.o
LOAD ./Core/Src/bitmap.o
LOAD ./Core/Src/button.o
LOAD ./Core/Src/dma.o
LOAD ./Core/Src/encoder.o
LOAD ./Core/Src/gpio.o
LOAD ./Core/Src/i2c.o
LOAD ./Core/Src/logic.o
LOAD ./Core/Src/main.o
LOAD ./Core/Src/ssd1306.o
LOAD ./Core/Src/ssd1306_fonts.o
LOAD ./Core/Src/stateMachine.o
LOAD ./Core/Src/stepperHandler.o
LOAD ./Core/Src/stm32f1xx_hal_msp.o
LOAD ./Core/Src/stm32f1xx_it.o
LOAD ./Core/Src/syscalls.o
LOAD ./Core/Src/sysmem.o
LOAD ./Core/Src/system_stm32f1xx.o
LOAD ./Core/Src/tim.o
LOAD ./Core/Src/usart.o
LOAD ./Core/Startup/startup_stm32f103c6tx.o
LOAD ./Drivers/STM32F1xx_HAL_Driver/Src/stm32f1xx_hal.o
LOAD ./Drivers/STM32F1xx_HAL_Driver/Src/stm32f1xx_hal_cortex.o
LOAD ./Drivers/STM32F1xx_HAL_Driver/Src/stm32f1xx_hal_dma.o
LOAD ./Drivers/STM32F1xx_HAL_Driver/Src/stm32f1xx_hal_exti.o
LOAD ./Drivers/STM32F1xx_HAL_Driver/Src/stm32f1xx_hal_flash.o
LOAD ./Drivers/STM32F1xx_HAL_Driver/Src/stm32f1xx_hal_flash_ex.o
LOAD ./Drivers/STM32F1xx_HAL_Driver/Src/stm32f1xx_hal_gpio.o
LOAD ./Drivers/STM32F1xx_HAL_Driver/Src/stm32f1xx_hal_gpio_ex.o
LOAD ./Drivers/STM32F1xx_HAL_Driver/Src/stm32f1xx_hal_i2c.o
LOAD ./Drivers/STM32F1xx_HAL_Driver/Src/stm32f1xx_hal_pwr.o
LOAD ./Drivers/STM32F1xx_HAL_Driver/Src/stm32f1xx_hal_rcc.o
LOAD ./Drivers/STM32F1xx_HAL_Driver/Src/stm32f1xx_hal_rcc_ex.o
LOAD ./Drivers/STM32F1xx_HAL_Driver/Src/stm32f1xx_hal_tim.o
LOAD ./Drivers/STM32F1xx_HAL_Driver/Src/stm32f1xx_hal_tim_ex.o
LOAD ./Drivers/STM32F1xx_HAL_Driver/Src/stm32f1xx_hal_uart.o
START GROUP
LOAD c:/st/stm32cubeide_1.11.0/stm32cubeide/plugins/com.st.stm32cube.ide.mcu.externaltools.gnu-tools-for-stm32.10.3-2021.10.win32_1.0.100.202210260954/tools/bin/../lib/gcc/arm-none-eabi/10.3.1/../../../../arm-none-eabi/lib/thumb/v7-m/nofp\libstdc++_nano.a
LOAD c:/st/stm32cubeide_1.11.0/stm32cubeide/plugins/com.st.stm32cube.ide.mcu.externaltools.gnu-tools-for-stm32.10.3-2021.10.win32_1.0.100.202210260954/tools/bin/../lib/gcc/arm-none-eabi/10.3.1/../../../../arm-none-eabi/lib/thumb/v7-m/nofp\libsupc++_nano.a
END GROUP
LOAD c:/st/stm32cubeide_1.11.0/stm32cubeide/plugins/com.st.stm32cube.ide.mcu.externaltools.gnu-tools-for-stm32.10.3-2021.10.win32_1.0.100.202210260954/tools/bin/../lib/gcc/arm-none-eabi/10.3.1/../../../../arm-none-eabi/lib/thumb/v7-m/nofp\libstdc++_nano.a
LOAD c:/st/stm32cubeide_1.11.0/stm32cubeide/plugins/com.st.stm32cube.ide.mcu.externaltools.gnu-tools-for-stm32.10.3-2021.10.win32_1.0.100.202210260954/tools/bin/../lib/gcc/arm-none-eabi/10.3.1/../../../../arm-none-eabi/lib/thumb/v7-m/nofp\libm.a
LOAD c:/st/stm32cubeide_1.11.0/stm32cubeide/plugins/com.st.stm32cube.ide.mcu.externaltools.gnu-tools-for-stm32.10.3-2021.10.win32_1.0.100.202210260954/tools/bin/../lib/gcc/arm-none-eabi/10.3.1/../../../../arm-none-eabi/lib/thumb/v7-m/nofp\libc_nano.a
START GROUP
LOAD c:/st/stm32cubeide_1.11.0/stm32cubeide/plugins/com.st.stm32cube.ide.mcu.externaltools.gnu-tools-for-stm32.10.3-2021.10.win32_1.0.100.202210260954/tools/bin/../lib/gcc/arm-none-eabi/10.3.1/thumb/v7-m/nofp\libgcc.a
LOAD c:/st/stm32cubeide_1.11.0/stm32cubeide/plugins/com.st.stm32cube.ide.mcu.externaltools.gnu-tools-for-stm32.10.3-2021.10.win32_1.0.100.202210260954/tools/bin/../lib/gcc/arm-none-eabi/10.3.1/../../../../arm-none-eabi/lib/thumb/v7-m/nofp\libc_nano.a
END GROUP
START GROUP
LOAD c:/st/stm32cubeide_1.11.0/stm32cubeide/plugins/com.st.stm32cube.ide.mcu.externaltools.gnu-tools-for-stm32.10.3-2021.10.win32_1.0.100.202210260954/tools/bin/../lib/gcc/arm-none-eabi/10.3.1/thumb/v7-m/nofp\libgcc.a
LOAD c:/st/stm32cubeide_1.11.0/stm32cubeide/plugins/com.st.stm32cube.ide.mcu.externaltools.gnu-tools-for-stm32.10.3-2021.10.win32_1.0.100.202210260954/tools/bin/../lib/gcc/arm-none-eabi/10.3.1/../../../../arm-none-eabi/lib/thumb/v7-m/nofp\libc_nano.a
LOAD c:/st/stm32cubeide_1.11.0/stm32cubeide/plugins/com.st.stm32cube.ide.mcu.externaltools.gnu-tools-for-stm32.10.3-2021.10.win32_1.0.100.202210260954/tools/bin/../lib/gcc/arm-none-eabi/10.3.1/../../../../arm-none-eabi/lib/thumb/v7-m/nofp\libnosys.a
END GROUP
START GROUP
LOAD c:/st/stm32cubeide_1.11.0/stm32cubeide/plugins/com.st.stm32cube.ide.mcu.externaltools.gnu-tools-for-stm32.10.3-2021.10.win32_1.0.100.202210260954/tools/bin/../lib/gcc/arm-none-eabi/10.3.1/thumb/v7-m/nofp\libgcc.a
LOAD c:/st/stm32cubeide_1.11.0/stm32cubeide/plugins/com.st.stm32cube.ide.mcu.externaltools.gnu-tools-for-stm32.10.3-2021.10.win32_1.0.100.202210260954/tools/bin/../lib/gcc/arm-none-eabi/10.3.1/../../../../arm-none-eabi/lib/thumb/v7-m/nofp\libc_nano.a
LOAD c:/st/stm32cubeide_1.11.0/stm32cubeide/plugins/com.st.stm32cube.ide.mcu.externaltools.gnu-tools-for-stm32.10.3-2021.10.win32_1.0.100.202210260954/tools/bin/../lib/gcc/arm-none-eabi/10.3.1/../../../../arm-none-eabi/lib/thumb/v7-m/nofp\libnosys.a
END GROUP
LOAD c:/st/stm32cubeide_1.11.0/stm32cubeide/plugins/com.st.stm32cube.ide.mcu.externaltools.gnu-tools-for-stm32.10.3-2021.10.win32_1.0.100.202210260954/tools/bin/../lib/gcc/arm-none-eabi/10.3.1/thumb/v7-m/nofp/crtend.o
LOAD c:/st/stm32cubeide_1.11.0/stm32cubeide/plugins/com.st.stm32cube.ide.mcu.externaltools.gnu-tools-for-stm32.10.3-2021.10.win32_1.0.100.202210260954/tools/bin/../lib/gcc/arm-none-eabi/10.3.1/thumb/v7-m/nofp/crtn.o
                0x0000000020002800                _estack = (ORIGIN (RAM) + LENGTH (RAM))
                0x0000000000000200                _Min_Heap_Size = 0x200
                0x0000000000000400                _Min_Stack_Size = 0x400

.isr_vector     0x0000000008000000      0x10c
                0x0000000008000000                . = ALIGN (0x4)
 *(.isr_vector)
 .isr_vector    0x0000000008000000      0x10c ./Core/Startup/startup_stm32f103c6tx.o
                0x0000000008000000                g_pfnVectors
                0x000000000800010c                . = ALIGN (0x4)

.text           0x0000000008000110     0x582c
                0x0000000008000110                . = ALIGN (0x4)
 *(.text)
 .text          0x0000000008000110       0x40 c:/st/stm32cubeide_1.11.0/stm32cubeide/plugins/com.st.stm32cube.ide.mcu.externaltools.gnu-tools-for-stm32.10.3-2021.10.win32_1.0.100.202210260954/tools/bin/../lib/gcc/arm-none-eabi/10.3.1/thumb/v7-m/nofp/crtbegin.o
 .text          0x0000000008000150      0x378 c:/st/stm32cubeide_1.11.0/stm32cubeide/plugins/com.st.stm32cube.ide.mcu.externaltools.gnu-tools-for-stm32.10.3-2021.10.win32_1.0.100.202210260954/tools/bin/../lib/gcc/arm-none-eabi/10.3.1/thumb/v7-m/nofp\libgcc.a(_arm_addsubdf3.o)
                0x0000000008000150                __aeabi_drsub
                0x0000000008000158                __aeabi_dsub
                0x0000000008000158                __subdf3
                0x000000000800015c                __aeabi_dadd
                0x000000000800015c                __adddf3
                0x00000000080003d4                __floatunsidf
                0x00000000080003d4                __aeabi_ui2d
                0x00000000080003f4                __floatsidf
                0x00000000080003f4                __aeabi_i2d
                0x0000000008000418                __aeabi_f2d
                0x0000000008000418                __extendsfdf2
                0x000000000800045c                __floatundidf
                0x000000000800045c                __aeabi_ul2d
                0x000000000800046c                __floatdidf
                0x000000000800046c                __aeabi_l2d
 .text          0x00000000080004c8      0x424 c:/st/stm32cubeide_1.11.0/stm32cubeide/plugins/com.st.stm32cube.ide.mcu.externaltools.gnu-tools-for-stm32.10.3-2021.10.win32_1.0.100.202210260954/tools/bin/../lib/gcc/arm-none-eabi/10.3.1/thumb/v7-m/nofp\libgcc.a(_arm_muldivdf3.o)
                0x00000000080004c8                __aeabi_dmul
                0x00000000080004c8                __muldf3
                0x000000000800071c                __divdf3
                0x000000000800071c                __aeabi_ddiv
 .text          0x00000000080008ec      0x110 c:/st/stm32cubeide_1.11.0/stm32cubeide/plugins/com.st.stm32cube.ide.mcu.externaltools.gnu-tools-for-stm32.10.3-2021.10.win32_1.0.100.202210260954/tools/bin/../lib/gcc/arm-none-eabi/10.3.1/thumb/v7-m/nofp\libgcc.a(_arm_cmpdf2.o)
                0x00000000080008ec                __gtdf2
                0x00000000080008ec                __gedf2
                0x00000000080008f4                __ltdf2
                0x00000000080008f4                __ledf2
                0x00000000080008fc                __nedf2
                0x00000000080008fc                __eqdf2
                0x00000000080008fc                __cmpdf2
                0x0000000008000978                __aeabi_cdrcmple
                0x0000000008000988                __aeabi_cdcmpeq
                0x0000000008000988                __aeabi_cdcmple
                0x0000000008000998                __aeabi_dcmpeq
                0x00000000080009ac                __aeabi_dcmplt
                0x00000000080009c0                __aeabi_dcmple
                0x00000000080009d4                __aeabi_dcmpge
                0x00000000080009e8                __aeabi_dcmpgt
 .text          0x00000000080009fc       0x50 c:/st/stm32cubeide_1.11.0/stm32cubeide/plugins/com.st.stm32cube.ide.mcu.externaltools.gnu-tools-for-stm32.10.3-2021.10.win32_1.0.100.202210260954/tools/bin/../lib/gcc/arm-none-eabi/10.3.1/thumb/v7-m/nofp\libgcc.a(_arm_fixdfsi.o)
                0x00000000080009fc                __aeabi_d2iz
                0x00000000080009fc                __fixdfsi
 .text          0x0000000008000a4c       0x40 c:/st/stm32cubeide_1.11.0/stm32cubeide/plugins/com.st.stm32cube.ide.mcu.externaltools.gnu-tools-for-stm32.10.3-2021.10.win32_1.0.100.202210260954/tools/bin/../lib/gcc/arm-none-eabi/10.3.1/thumb/v7-m/nofp\libgcc.a(_arm_fixunsdfsi.o)
                0x0000000008000a4c                __aeabi_d2uiz
                0x0000000008000a4c                __fixunsdfsi
 .text          0x0000000008000a8c       0xa0 c:/st/stm32cubeide_1.11.0/stm32cubeide/plugins/com.st.stm32cube.ide.mcu.externaltools.gnu-tools-for-stm32.10.3-2021.10.win32_1.0.100.202210260954/tools/bin/../lib/gcc/arm-none-eabi/10.3.1/thumb/v7-m/nofp\libgcc.a(_arm_truncdfsf2.o)
                0x0000000008000a8c                __truncdfsf2
                0x0000000008000a8c                __aeabi_d2f
 .text          0x0000000008000b2c      0x21c c:/st/stm32cubeide_1.11.0/stm32cubeide/plugins/com.st.stm32cube.ide.mcu.externaltools.gnu-tools-for-stm32.10.3-2021.10.win32_1.0.100.202210260954/tools/bin/../lib/gcc/arm-none-eabi/10.3.1/thumb/v7-m/nofp\libgcc.a(_arm_addsubsf3.o)
                0x0000000008000b2c                __aeabi_frsub
                0x0000000008000b34                __subsf3
                0x0000000008000b34                __aeabi_fsub
                0x0000000008000b38                __aeabi_fadd
                0x0000000008000b38                __addsf3
                0x0000000008000c98                __aeabi_ui2f
                0x0000000008000c98                __floatunsisf
                0x0000000008000ca0                __aeabi_i2f
                0x0000000008000ca0                __floatsisf
                0x0000000008000cbc                __aeabi_ul2f
                0x0000000008000cbc                __floatundisf
                0x0000000008000ccc                __aeabi_l2f
                0x0000000008000ccc                __floatdisf
 .text          0x0000000008000d48      0x2a0 c:/st/stm32cubeide_1.11.0/stm32cubeide/plugins/com.st.stm32cube.ide.mcu.externaltools.gnu-tools-for-stm32.10.3-2021.10.win32_1.0.100.202210260954/tools/bin/../lib/gcc/arm-none-eabi/10.3.1/thumb/v7-m/nofp\libgcc.a(_arm_muldivsf3.o)
                0x0000000008000d48                __mulsf3
                0x0000000008000d48                __aeabi_fmul
                0x0000000008000eb0                __aeabi_fdiv
                0x0000000008000eb0                __divsf3
 .text          0x0000000008000fe8       0x4c c:/st/stm32cubeide_1.11.0/stm32cubeide/plugins/com.st.stm32cube.ide.mcu.externaltools.gnu-tools-for-stm32.10.3-2021.10.win32_1.0.100.202210260954/tools/bin/../lib/gcc/arm-none-eabi/10.3.1/thumb/v7-m/nofp\libgcc.a(_arm_fixsfsi.o)
                0x0000000008000fe8                __aeabi_f2iz
                0x0000000008000fe8                __fixsfsi
 .text          0x0000000008001034       0x40 c:/st/stm32cubeide_1.11.0/stm32cubeide/plugins/com.st.stm32cube.ide.mcu.externaltools.gnu-tools-for-stm32.10.3-2021.10.win32_1.0.100.202210260954/tools/bin/../lib/gcc/arm-none-eabi/10.3.1/thumb/v7-m/nofp\libgcc.a(_arm_fixunssfsi.o)
                0x0000000008001034                __fixunssfsi
                0x0000000008001034                __aeabi_f2uiz
 *(.text*)
 .text._ZL30ARGB_TIM_DMADelayPulseHalfCpltP19__DMA_HandleTypeDef
                0x0000000008001074       0xf0 ./Core/Src/ARGB.o
 .text._ZL26ARGB_TIM_DMADelayPulseCpltP19__DMA_HandleTypeDef
                0x0000000008001164      0x1c0 ./Core/Src/ARGB.o
 *fill*         0x0000000008001324        0x4 
 .text._Z9ARGB_Initv
                0x0000000008001328       0xa8 ./Core/Src/ARGB.o
                0x0000000008001328                ARGB_Init()
 .text._Z11ARGB_SetRGBthhh
                0x00000000080013d0       0xcc ./Core/Src/ARGB.o
                0x00000000080013d0                ARGB_SetRGB(unsigned short, unsigned char, unsigned char, unsigned char)
 *fill*         0x000000000800149c        0x4 
 .text._Z12ARGB_FlickertPhfii
                0x00000000080014a0       0xd0 ./Core/Src/ARGB.o
                0x00000000080014a0                ARGB_Flicker(unsigned short, unsigned char*, float, int, int)
 .text._Z12ARGB_FillRGBhhh
                0x0000000008001570       0x3a ./Core/Src/ARGB.o
                0x0000000008001570                ARGB_FillRGB(unsigned char, unsigned char, unsigned char)
 .text._Z10ARGB_Clearv
                0x00000000080015aa        0xa ./Core/Src/ARGB.o
                0x00000000080015aa                ARGB_Clear()
 .text._Z9ARGB_Showv
                0x00000000080015b4      0x198 ./Core/Src/ARGB.o
                0x00000000080015b4                ARGB_Show()
 .text._Z8Send_cmdhhh
                0x000000000800174c       0x58 ./Core/Src/DFPLAYER_MINI.o
                0x000000000800174c                Send_cmd(unsigned char, unsigned char, unsigned char)
 .text._Z12DF_SetVolumeh
                0x00000000080017a4       0x28 ./Core/Src/DFPLAYER_MINI.o
                0x00000000080017a4                DF_SetVolume(unsigned char)
 .text._Z15DF_PlaySelectedt
                0x00000000080017cc       0x16 ./Core/Src/DFPLAYER_MINI.o
                0x00000000080017cc                DF_PlaySelected(unsigned short)
 .text._Z7DF_Inith
                0x00000000080017e2       0x28 ./Core/Src/DFPLAYER_MINI.o
                0x00000000080017e2                DF_Init(unsigned char)
 .text._Z8DF_Pausev
                0x000000000800180a       0x16 ./Core/Src/DFPLAYER_MINI.o
                0x000000000800180a                DF_Pause()
 .text._Z8IsDFBusyv
                0x0000000008001820       0x18 ./Core/Src/DFPLAYER_MINI.o
                0x0000000008001820                IsDFBusy()
 .text._Z12fadeoutAudiomid
                0x0000000008001838       0x98 ./Core/Src/DFPLAYER_MINI.o
                0x0000000008001838                fadeoutAudio(unsigned long, int, double)
 .text._Z18restoreAudioVolumev
                0x00000000080018d0       0x1c ./Core/Src/DFPLAYER_MINI.o
                0x00000000080018d0                restoreAudioVolume()
 .text._Z17randomizeSongListm
                0x00000000080018ec       0x10 ./Core/Src/DFPLAYER_MINI.o
                0x00000000080018ec                randomizeSongList(unsigned long)
 .text._Z12playNextSongv
                0x00000000080018fc       0x28 ./Core/Src/DFPLAYER_MINI.o
                0x00000000080018fc                playNextSong()
 .text.drawNextBitmap
                0x0000000008001924       0xb0 ./Core/Src/bitmap.o
                0x0000000008001924                drawNextBitmap
 .text.drawLogo
                0x00000000080019d4       0x24 ./Core/Src/bitmap.o
                0x00000000080019d4                drawLogo
 .text._Z12isButtonHeldv
                0x00000000080019f8       0x18 ./Core/Src/button.o
                0x00000000080019f8                isButtonHeld()
 .text._Z21hasButtonBeenReleasedv
                0x0000000008001a10       0x40 ./Core/Src/button.o
                0x0000000008001a10                hasButtonBeenReleased()
 .text._Z22wasButtonHeldForPeriodim
                0x0000000008001a50       0x44 ./Core/Src/button.o
                0x0000000008001a50                wasButtonHeldForPeriod(int, unsigned long)
 .text.MX_DMA_Init
                0x0000000008001a94       0x30 ./Core/Src/dma.o
                0x0000000008001a94                MX_DMA_Init
 .text._Z15wasEncoderMovedv
                0x0000000008001ac4       0x28 ./Core/Src/encoder.o
                0x0000000008001ac4                wasEncoderMoved()
 .text._Z16getEncoderChangev
                0x0000000008001aec        0xc ./Core/Src/encoder.o
                0x0000000008001aec                getEncoderChange()
 .text.MX_GPIO_Init
                0x0000000008001af8      0x128 ./Core/Src/gpio.o
                0x0000000008001af8                MX_GPIO_Init
 .text.MX_I2C1_Init
                0x0000000008001c20       0x3c ./Core/Src/i2c.o
                0x0000000008001c20                MX_I2C1_Init
 .text.HAL_I2C_MspInit
                0x0000000008001c5c       0x68 ./Core/Src/i2c.o
                0x0000000008001c5c                HAL_I2C_MspInit
 .text.logic    0x0000000008001cc4       0x32 ./Core/Src/logic.o
                0x0000000008001cc4                logic
 .text.SystemClock_Config
                0x0000000008001cf6       0x5e ./Core/Src/main.o
                0x0000000008001cf6                SystemClock_Config
 .text.startup.main
                0x0000000008001d54       0x48 ./Core/Src/main.o
                0x0000000008001d54                main
 .text.HAL_TIM_PeriodElapsedCallback
                0x0000000008001d9c       0x10 ./Core/Src/main.o
                0x0000000008001d9c                HAL_TIM_PeriodElapsedCallback
 .text.Error_Handler
                0x0000000008001dac        0x4 ./Core/Src/main.o
                0x0000000008001dac                Error_Handler
 .text.ssd1306_WriteCommand
                0x0000000008001db0       0x2c ./Core/Src/ssd1306.o
                0x0000000008001db0                ssd1306_WriteCommand
 .text.ssd1306_WriteData
                0x0000000008001ddc       0x24 ./Core/Src/ssd1306.o
                0x0000000008001ddc                ssd1306_WriteData
 .text.ssd1306_Fill
                0x0000000008001e00       0x20 ./Core/Src/ssd1306.o
                0x0000000008001e00                ssd1306_Fill
 .text.ssd1306_UpdateScreen
                0x0000000008001e20       0x34 ./Core/Src/ssd1306.o
                0x0000000008001e20                ssd1306_UpdateScreen
 .text.ssd1306_DrawPixel
                0x0000000008001e54       0x30 ./Core/Src/ssd1306.o
                0x0000000008001e54                ssd1306_DrawPixel
 .text.ssd1306_WriteChar
                0x0000000008001e84       0xa8 ./Core/Src/ssd1306.o
                0x0000000008001e84                ssd1306_WriteChar
 .text.ssd1306_WriteString
                0x0000000008001f2c       0x28 ./Core/Src/ssd1306.o
                0x0000000008001f2c                ssd1306_WriteString
 .text.ssd1306_SetCursor
                0x0000000008001f54        0xc ./Core/Src/ssd1306.o
                0x0000000008001f54                ssd1306_SetCursor
 .text.ssd1306_DrawBitmap
                0x0000000008001f60       0x76 ./Core/Src/ssd1306.o
                0x0000000008001f60                ssd1306_DrawBitmap
 .text.ssd1306_SetContrast
                0x0000000008001fd6       0x14 ./Core/Src/ssd1306.o
                0x0000000008001fd6                ssd1306_SetContrast
 *fill*         0x0000000008001fea        0x2 
 .text.ssd1306_SetDisplayOn
                0x0000000008001fec       0x20 ./Core/Src/ssd1306.o
                0x0000000008001fec                ssd1306_SetDisplayOn
 .text.ssd1306_Init
                0x000000000800200c       0xc8 ./Core/Src/ssd1306.o
                0x000000000800200c                ssd1306_Init
 .text._Z10resetTimerv
                0x00000000080020d4       0x14 ./Core/Src/stateMachine.o
                0x00000000080020d4                resetTimer()
 .text._Z10updateTimev
                0x00000000080020e8       0x5c ./Core/Src/stateMachine.o
                0x00000000080020e8                updateTime()
 .text._Z12setRGBoutputPh
                0x0000000008002144       0x14 ./Core/Src/stateMachine.o
                0x0000000008002144                setRGBoutput(unsigned char*)
 .text._Z18transitionRGBcolorPhS_dm
                0x0000000008002158       0x8c ./Core/Src/stateMachine.o
                0x0000000008002158                transitionRGBcolor(unsigned char*, unsigned char*, double, unsigned long)
 .text._Z10setupState13GPIO_PinStatePh
                0x00000000080021e4       0x54 ./Core/Src/stateMachine.o
                0x00000000080021e4                setupState(GPIO_PinState, unsigned char*)
 .text._Z10explodeSunv
                0x0000000008002238       0x5c ./Core/Src/stateMachine.o
                0x0000000008002238                explodeSun()
 *fill*         0x0000000008002294        0x4 
 .text._Z11timeHandlerv
                0x0000000008002298      0x280 ./Core/Src/stateMachine.o
                0x0000000008002298                timeHandler()
 .text._Z20translateEncoderDataiii
                0x0000000008002518       0x30 ./Core/Src/stateMachine.o
                0x0000000008002518                translateEncoderData(int, int, int)
 .text._Z16interruptFlickerv
                0x0000000008002548       0x68 ./Core/Src/stateMachine.o
                0x0000000008002548                interruptFlicker()
 .text._Z20handleDisplayRefreshv
                0x00000000080025b0       0x2c ./Core/Src/stateMachine.o
                0x00000000080025b0                handleDisplayRefresh()
 *fill*         0x00000000080025dc        0x4 
 .text._Z12stateHandlerv
                0x00000000080025e0      0x724 ./Core/Src/stateMachine.o
                0x00000000080025e0                stateHandler()
 .text.setupStepperDriver
                0x0000000008002d04       0x48 ./Core/Src/stepperHandler.o
                0x0000000008002d04                setupStepperDriver
 .text.setStepperRate
                0x0000000008002d4c        0xc ./Core/Src/stepperHandler.o
                0x0000000008002d4c                setStepperRate
 .text.setStepperEnable
                0x0000000008002d58       0x10 ./Core/Src/stepperHandler.o
                0x0000000008002d58                setStepperEnable
 .text.setStepperDirection
                0x0000000008002d68       0x14 ./Core/Src/stepperHandler.o
                0x0000000008002d68                setStepperDirection
 .text.delay    0x0000000008002d7c       0x1c ./Core/Src/stepperHandler.o
                0x0000000008002d7c                delay
 .text.handleStepsInterrupt
                0x0000000008002d98       0x7c ./Core/Src/stepperHandler.o
                0x0000000008002d98                handleStepsInterrupt
 .text.HAL_MspInit
                0x0000000008002e14       0x30 ./Core/Src/stm32f1xx_hal_msp.o
                0x0000000008002e14                HAL_MspInit
 .text.NMI_Handler
                0x0000000008002e44        0x2 ./Core/Src/stm32f1xx_it.o
                0x0000000008002e44                NMI_Handler
 .text.HardFault_Handler
                0x0000000008002e46        0x2 ./Core/Src/stm32f1xx_it.o
                0x0000000008002e46                HardFault_Handler
 .text.MemManage_Handler
                0x0000000008002e48        0x2 ./Core/Src/stm32f1xx_it.o
                0x0000000008002e48                MemManage_Handler
 .text.BusFault_Handler
                0x0000000008002e4a        0x2 ./Core/Src/stm32f1xx_it.o
                0x0000000008002e4a                BusFault_Handler
 .text.UsageFault_Handler
                0x0000000008002e4c        0x2 ./Core/Src/stm32f1xx_it.o
                0x0000000008002e4c                UsageFault_Handler
 .text.SVC_Handler
                0x0000000008002e4e        0x2 ./Core/Src/stm32f1xx_it.o
                0x0000000008002e4e                SVC_Handler
 .text.DebugMon_Handler
                0x0000000008002e50        0x2 ./Core/Src/stm32f1xx_it.o
                0x0000000008002e50                DebugMon_Handler
 .text.PendSV_Handler
                0x0000000008002e52        0x2 ./Core/Src/stm32f1xx_it.o
                0x0000000008002e52                PendSV_Handler
 .text.SysTick_Handler
                0x0000000008002e54        0x4 ./Core/Src/stm32f1xx_it.o
                0x0000000008002e54                SysTick_Handler
 .text.DMA1_Channel6_IRQHandler
                0x0000000008002e58        0xc ./Core/Src/stm32f1xx_it.o
                0x0000000008002e58                DMA1_Channel6_IRQHandler
 .text.TIM2_IRQHandler
                0x0000000008002e64        0xc ./Core/Src/stm32f1xx_it.o
                0x0000000008002e64                TIM2_IRQHandler
 .text.TIM3_IRQHandler
                0x0000000008002e70        0xc ./Core/Src/stm32f1xx_it.o
                0x0000000008002e70                TIM3_IRQHandler
 .text.USART2_IRQHandler
                0x0000000008002e7c        0xc ./Core/Src/stm32f1xx_it.o
                0x0000000008002e7c                USART2_IRQHandler
 .text._sbrk    0x0000000008002e88       0x40 ./Core/Src/sysmem.o
                0x0000000008002e88                _sbrk
 .text.SystemInit
                0x0000000008002ec8        0x2 ./Core/Src/system_stm32f1xx.o
                0x0000000008002ec8                SystemInit
 *fill*         0x0000000008002eca        0x2 
 .text.MX_TIM2_Init
                0x0000000008002ecc       0x68 ./Core/Src/tim.o
                0x0000000008002ecc                MX_TIM2_Init
 .text.MX_TIM3_Init
                0x0000000008002f34       0x68 ./Core/Src/tim.o
                0x0000000008002f34                MX_TIM3_Init
 .text.HAL_TIM_Base_MspInit
                0x0000000008002f9c       0x9c ./Core/Src/tim.o
                0x0000000008002f9c                HAL_TIM_Base_MspInit
 .text.HAL_TIM_Encoder_MspInit
                0x0000000008003038       0x64 ./Core/Src/tim.o
                0x0000000008003038                HAL_TIM_Encoder_MspInit
 .text.HAL_TIM_MspPostInit
                0x000000000800309c       0x50 ./Core/Src/tim.o
                0x000000000800309c                HAL_TIM_MspPostInit
 .text.MX_TIM1_Init
                0x00000000080030ec       0xd4 ./Core/Src/tim.o
                0x00000000080030ec                MX_TIM1_Init
 .text.MX_USART2_UART_Init
                0x00000000080031c0       0x38 ./Core/Src/usart.o
                0x00000000080031c0                MX_USART2_UART_Init
 .text.HAL_UART_MspInit
                0x00000000080031f8       0x84 ./Core/Src/usart.o
                0x00000000080031f8                HAL_UART_MspInit
 .text.Reset_Handler
                0x000000000800327c       0x48 ./Core/Startup/startup_stm32f103c6tx.o
                0x000000000800327c                Reset_Handler
 .text.Default_Handler
                0x00000000080032c4        0x2 ./Core/Startup/startup_stm32f103c6tx.o
                0x00000000080032c4                RTC_Alarm_IRQHandler
                0x00000000080032c4                EXTI2_IRQHandler
                0x00000000080032c4                TIM1_CC_IRQHandler
                0x00000000080032c4                PVD_IRQHandler
                0x00000000080032c4                EXTI3_IRQHandler
                0x00000000080032c4                EXTI0_IRQHandler
                0x00000000080032c4                ADC1_2_IRQHandler
                0x00000000080032c4                SPI1_IRQHandler
                0x00000000080032c4                TAMPER_IRQHandler
                0x00000000080032c4                DMA1_Channel4_IRQHandler
                0x00000000080032c4                RTC_IRQHandler
                0x00000000080032c4                DMA1_Channel7_IRQHandler
                0x00000000080032c4                CAN1_RX1_IRQHandler
                0x00000000080032c4                I2C1_EV_IRQHandler
                0x00000000080032c4                RCC_IRQHandler
                0x00000000080032c4                TIM1_TRG_COM_IRQHandler
                0x00000000080032c4                DMA1_Channel1_IRQHandler
                0x00000000080032c4                Default_Handler
                0x00000000080032c4                EXTI15_10_IRQHandler
                0x00000000080032c4                EXTI9_5_IRQHandler
                0x00000000080032c4                DMA1_Channel5_IRQHandler
                0x00000000080032c4                EXTI4_IRQHandler
                0x00000000080032c4                USB_LP_CAN1_RX0_IRQHandler
                0x00000000080032c4                USB_HP_CAN1_TX_IRQHandler
                0x00000000080032c4                DMA1_Channel3_IRQHandler
                0x00000000080032c4                TIM1_UP_IRQHandler
                0x00000000080032c4                WWDG_IRQHandler
                0x00000000080032c4                TIM1_BRK_IRQHandler
                0x00000000080032c4                EXTI1_IRQHandler
                0x00000000080032c4                DMA1_Channel2_IRQHandler
                0x00000000080032c4                CAN1_SCE_IRQHandler
                0x00000000080032c4                FLASH_IRQHandler
                0x00000000080032c4                USART1_IRQHandler
                0x00000000080032c4                I2C1_ER_IRQHandler
                0x00000000080032c4                USBWakeUp_IRQHandler
 *fill*         0x00000000080032c6        0x2 
 .text.HAL_InitTick
                0x00000000080032c8       0x48 ./Drivers/STM32F1xx_HAL_Driver/Src/stm32f1xx_hal.o
                0x00000000080032c8                HAL_InitTick
 .text.HAL_Init
                0x0000000008003310       0x24 ./Drivers/STM32F1xx_HAL_Driver/Src/stm32f1xx_hal.o
                0x0000000008003310                HAL_Init
 .text.HAL_IncTick
                0x0000000008003334       0x18 ./Drivers/STM32F1xx_HAL_Driver/Src/stm32f1xx_hal.o
                0x0000000008003334                HAL_IncTick
 .text.HAL_GetTick
                0x000000000800334c        0xc ./Drivers/STM32F1xx_HAL_Driver/Src/stm32f1xx_hal.o
                0x000000000800334c                HAL_GetTick
 .text.HAL_Delay
                0x0000000008003358       0x24 ./Drivers/STM32F1xx_HAL_Driver/Src/stm32f1xx_hal.o
                0x0000000008003358                HAL_Delay
 .text.HAL_NVIC_SetPriorityGrouping
                0x000000000800337c       0x24 ./Drivers/STM32F1xx_HAL_Driver/Src/stm32f1xx_hal_cortex.o
                0x000000000800337c                HAL_NVIC_SetPriorityGrouping
 .text.HAL_NVIC_SetPriority
                0x00000000080033a0       0x64 ./Drivers/STM32F1xx_HAL_Driver/Src/stm32f1xx_hal_cortex.o
                0x00000000080033a0                HAL_NVIC_SetPriority
 .text.HAL_NVIC_EnableIRQ
                0x0000000008003404       0x1c ./Drivers/STM32F1xx_HAL_Driver/Src/stm32f1xx_hal_cortex.o
                0x0000000008003404                HAL_NVIC_EnableIRQ
 .text.HAL_SYSTICK_Config
                0x0000000008003420       0x28 ./Drivers/STM32F1xx_HAL_Driver/Src/stm32f1xx_hal_cortex.o
                0x0000000008003420                HAL_SYSTICK_Config
 .text.HAL_DMA_Init
                0x0000000008003448       0x5c ./Drivers/STM32F1xx_HAL_Driver/Src/stm32f1xx_hal_dma.o
                0x0000000008003448                HAL_DMA_Init
 .text.HAL_DMA_Start_IT
                0x00000000080034a4       0x78 ./Drivers/STM32F1xx_HAL_Driver/Src/stm32f1xx_hal_dma.o
                0x00000000080034a4                HAL_DMA_Start_IT
 .text.HAL_DMA_Abort
                0x000000000800351c       0x3c ./Drivers/STM32F1xx_HAL_Driver/Src/stm32f1xx_hal_dma.o
                0x000000000800351c                HAL_DMA_Abort
 .text.HAL_DMA_Abort_IT
                0x0000000008003558       0x8c ./Drivers/STM32F1xx_HAL_Driver/Src/stm32f1xx_hal_dma.o
                0x0000000008003558                HAL_DMA_Abort_IT
 .text.HAL_DMA_IRQHandler
                0x00000000080035e4      0x124 ./Drivers/STM32F1xx_HAL_Driver/Src/stm32f1xx_hal_dma.o
                0x00000000080035e4                HAL_DMA_IRQHandler
 .text.HAL_GPIO_Init
                0x0000000008003708      0x1ac ./Drivers/STM32F1xx_HAL_Driver/Src/stm32f1xx_hal_gpio.o
                0x0000000008003708                HAL_GPIO_Init
 .text.HAL_GPIO_ReadPin
                0x00000000080038b4        0xc ./Drivers/STM32F1xx_HAL_Driver/Src/stm32f1xx_hal_gpio.o
                0x00000000080038b4                HAL_GPIO_ReadPin
 .text.HAL_GPIO_WritePin
                0x00000000080038c0        0xa ./Drivers/STM32F1xx_HAL_Driver/Src/stm32f1xx_hal_gpio.o
                0x00000000080038c0                HAL_GPIO_WritePin
 .text.I2C_IsAcknowledgeFailed
                0x00000000080038ca       0x32 ./Drivers/STM32F1xx_HAL_Driver/Src/stm32f1xx_hal_i2c.o
 .text.I2C_WaitOnFlagUntilTimeout
                0x00000000080038fc       0x64 ./Drivers/STM32F1xx_HAL_Driver/Src/stm32f1xx_hal_i2c.o
 .text.I2C_WaitOnMasterAddressFlagUntilTimeout
                0x0000000008003960       0x76 ./Drivers/STM32F1xx_HAL_Driver/Src/stm32f1xx_hal_i2c.o
 .text.I2C_WaitOnBTFFlagUntilTimeout
                0x00000000080039d6       0x4c ./Drivers/STM32F1xx_HAL_Driver/Src/stm32f1xx_hal_i2c.o
 .text.I2C_WaitOnTXEFlagUntilTimeout
                0x0000000008003a22       0x4c ./Drivers/STM32F1xx_HAL_Driver/Src/stm32f1xx_hal_i2c.o
 *fill*         0x0000000008003a6e        0x2 
 .text.I2C_RequestMemoryWrite
                0x0000000008003a70       0xb0 ./Drivers/STM32F1xx_HAL_Driver/Src/stm32f1xx_hal_i2c.o
 .text.HAL_I2C_Init
                0x0000000008003b20      0x150 ./Drivers/STM32F1xx_HAL_Driver/Src/stm32f1xx_hal_i2c.o
                0x0000000008003b20                HAL_I2C_Init
 .text.HAL_I2C_Mem_Write
                0x0000000008003c70      0x120 ./Drivers/STM32F1xx_HAL_Driver/Src/stm32f1xx_hal_i2c.o
                0x0000000008003c70                HAL_I2C_Mem_Write
 .text.HAL_RCC_OscConfig
                0x0000000008003d90      0x338 ./Drivers/STM32F1xx_HAL_Driver/Src/stm32f1xx_hal_rcc.o
                0x0000000008003d90                HAL_RCC_OscConfig
 .text.HAL_RCC_GetSysClockFreq
                0x00000000080040c8       0x74 ./Drivers/STM32F1xx_HAL_Driver/Src/stm32f1xx_hal_rcc.o
                0x00000000080040c8                HAL_RCC_GetSysClockFreq
 .text.HAL_RCC_ClockConfig
                0x000000000800413c      0x138 ./Drivers/STM32F1xx_HAL_Driver/Src/stm32f1xx_hal_rcc.o
                0x000000000800413c                HAL_RCC_ClockConfig
 .text.HAL_RCC_GetPCLK1Freq
                0x0000000008004274       0x20 ./Drivers/STM32F1xx_HAL_Driver/Src/stm32f1xx_hal_rcc.o
                0x0000000008004274                HAL_RCC_GetPCLK1Freq
 .text.HAL_RCC_GetPCLK2Freq
                0x0000000008004294       0x20 ./Drivers/STM32F1xx_HAL_Driver/Src/stm32f1xx_hal_rcc.o
                0x0000000008004294                HAL_RCC_GetPCLK2Freq
 .text.TIM_OC1_SetConfig
                0x00000000080042b4       0x50 ./Drivers/STM32F1xx_HAL_Driver/Src/stm32f1xx_hal_tim.o
 .text.TIM_OC3_SetConfig
                0x0000000008004304       0x54 ./Drivers/STM32F1xx_HAL_Driver/Src/stm32f1xx_hal_tim.o
 .text.TIM_OC4_SetConfig
                0x0000000008004358       0x44 ./Drivers/STM32F1xx_HAL_Driver/Src/stm32f1xx_hal_tim.o
 .text.HAL_TIM_Base_Start_IT
                0x000000000800439c       0x4c ./Drivers/STM32F1xx_HAL_Driver/Src/stm32f1xx_hal_tim.o
                0x000000000800439c                HAL_TIM_Base_Start_IT
 .text.HAL_TIM_PWM_MspInit
                0x00000000080043e8        0x2 ./Drivers/STM32F1xx_HAL_Driver/Src/stm32f1xx_hal_tim.o
                0x00000000080043e8                HAL_TIM_PWM_MspInit
 .text.HAL_TIM_Encoder_Start
                0x00000000080043ea       0xb6 ./Drivers/STM32F1xx_HAL_Driver/Src/stm32f1xx_hal_tim.o
                0x00000000080043ea                HAL_TIM_Encoder_Start
 .text.HAL_TIM_OC_DelayElapsedCallback
                0x00000000080044a0        0x2 ./Drivers/STM32F1xx_HAL_Driver/Src/stm32f1xx_hal_tim.o
                0x00000000080044a0                HAL_TIM_OC_DelayElapsedCallback
 .text.HAL_TIM_IC_CaptureCallback
                0x00000000080044a2        0x2 ./Drivers/STM32F1xx_HAL_Driver/Src/stm32f1xx_hal_tim.o
                0x00000000080044a2                HAL_TIM_IC_CaptureCallback
 .text.HAL_TIM_PWM_PulseFinishedCallback
                0x00000000080044a4        0x2 ./Drivers/STM32F1xx_HAL_Driver/Src/stm32f1xx_hal_tim.o
                0x00000000080044a4                HAL_TIM_PWM_PulseFinishedCallback
 .text.HAL_TIM_TriggerCallback
                0x00000000080044a6        0x2 ./Drivers/STM32F1xx_HAL_Driver/Src/stm32f1xx_hal_tim.o
                0x00000000080044a6                HAL_TIM_TriggerCallback
 .text.HAL_TIM_IRQHandler
                0x00000000080044a8      0x144 ./Drivers/STM32F1xx_HAL_Driver/Src/stm32f1xx_hal_tim.o
                0x00000000080044a8                HAL_TIM_IRQHandler
 .text.HAL_TIM_ErrorCallback
                0x00000000080045ec        0x2 ./Drivers/STM32F1xx_HAL_Driver/Src/stm32f1xx_hal_tim.o
                0x00000000080045ec                HAL_TIM_ErrorCallback
 .text.TIM_DMAError
                0x00000000080045ee       0x58 ./Drivers/STM32F1xx_HAL_Driver/Src/stm32f1xx_hal_tim.o
                0x00000000080045ee                TIM_DMAError
 *fill*         0x0000000008004646        0x2 
 .text.TIM_Base_SetConfig
                0x0000000008004648       0x64 ./Drivers/STM32F1xx_HAL_Driver/Src/stm32f1xx_hal_tim.o
                0x0000000008004648                TIM_Base_SetConfig
 .text.HAL_TIM_Base_Init
                0x00000000080046ac       0x58 ./Drivers/STM32F1xx_HAL_Driver/Src/stm32f1xx_hal_tim.o
                0x00000000080046ac                HAL_TIM_Base_Init
 .text.HAL_TIM_PWM_Init
                0x0000000008004704       0x58 ./Drivers/STM32F1xx_HAL_Driver/Src/stm32f1xx_hal_tim.o
                0x0000000008004704                HAL_TIM_PWM_Init
 .text.HAL_TIM_Encoder_Init
                0x000000000800475c       0xaa ./Drivers/STM32F1xx_HAL_Driver/Src/stm32f1xx_hal_tim.o
                0x000000000800475c                HAL_TIM_Encoder_Init
 *fill*         0x0000000008004806        0x2 
 .text.TIM_OC2_SetConfig
                0x0000000008004808       0x58 ./Drivers/STM32F1xx_HAL_Driver/Src/stm32f1xx_hal_tim.o
                0x0000000008004808                TIM_OC2_SetConfig
 .text.HAL_TIM_PWM_ConfigChannel
                0x0000000008004860       0xb6 ./Drivers/STM32F1xx_HAL_Driver/Src/stm32f1xx_hal_tim.o
                0x0000000008004860                HAL_TIM_PWM_ConfigChannel
 .text.TIM_ETR_SetConfig
                0x0000000008004916       0x14 ./Drivers/STM32F1xx_HAL_Driver/Src/stm32f1xx_hal_tim.o
                0x0000000008004916                TIM_ETR_SetConfig
 .text.HAL_TIM_ConfigClockSource
                0x000000000800492a      0x128 ./Drivers/STM32F1xx_HAL_Driver/Src/stm32f1xx_hal_tim.o
                0x000000000800492a                HAL_TIM_ConfigClockSource
 .text.TIM_CCxChannelCmd
                0x0000000008004a52       0x1c ./Drivers/STM32F1xx_HAL_Driver/Src/stm32f1xx_hal_tim.o
                0x0000000008004a52                TIM_CCxChannelCmd
 *fill*         0x0000000008004a6e        0x2 
 .text.HAL_TIMEx_MasterConfigSynchronization
                0x0000000008004a70       0x54 ./Drivers/STM32F1xx_HAL_Driver/Src/stm32f1xx_hal_tim_ex.o
                0x0000000008004a70                HAL_TIMEx_MasterConfigSynchronization
 .text.HAL_TIMEx_ConfigBreakDeadTime
                0x0000000008004ac4       0x4c ./Drivers/STM32F1xx_HAL_Driver/Src/stm32f1xx_hal_tim_ex.o
                0x0000000008004ac4                HAL_TIMEx_ConfigBreakDeadTime
 .text.HAL_TIMEx_CommutCallback
                0x0000000008004b10        0x2 ./Drivers/STM32F1xx_HAL_Driver/Src/stm32f1xx_hal_tim_ex.o
                0x0000000008004b10                HAL_TIMEx_CommutCallback
 .text.HAL_TIMEx_BreakCallback
                0x0000000008004b12        0x2 ./Drivers/STM32F1xx_HAL_Driver/Src/stm32f1xx_hal_tim_ex.o
                0x0000000008004b12                HAL_TIMEx_BreakCallback
 .text.UART_EndRxTransfer
                0x0000000008004b14       0x2c ./Drivers/STM32F1xx_HAL_Driver/Src/stm32f1xx_hal_uart.o
 .text.UART_SetConfig
                0x0000000008004b40       0x74 ./Drivers/STM32F1xx_HAL_Driver/Src/stm32f1xx_hal_uart.o
 .text.UART_WaitOnFlagUntilTimeout.constprop.0
                0x0000000008004bb4       0x50 ./Drivers/STM32F1xx_HAL_Driver/Src/stm32f1xx_hal_uart.o
 .text.HAL_UART_Init
                0x0000000008004c04       0x5c ./Drivers/STM32F1xx_HAL_Driver/Src/stm32f1xx_hal_uart.o
                0x0000000008004c04                HAL_UART_Init
 .text.HAL_UART_Transmit
                0x0000000008004c60       0xaa ./Drivers/STM32F1xx_HAL_Driver/Src/stm32f1xx_hal_uart.o
                0x0000000008004c60                HAL_UART_Transmit
 .text.HAL_UART_TxCpltCallback
                0x0000000008004d0a        0x2 ./Drivers/STM32F1xx_HAL_Driver/Src/stm32f1xx_hal_uart.o
                0x0000000008004d0a                HAL_UART_TxCpltCallback
 .text.HAL_UART_RxCpltCallback
                0x0000000008004d0c        0x2 ./Drivers/STM32F1xx_HAL_Driver/Src/stm32f1xx_hal_uart.o
                0x0000000008004d0c                HAL_UART_RxCpltCallback
 .text.HAL_UART_ErrorCallback
                0x0000000008004d0e        0x2 ./Drivers/STM32F1xx_HAL_Driver/Src/stm32f1xx_hal_uart.o
                0x0000000008004d0e                HAL_UART_ErrorCallback
 .text.UART_DMAAbortOnError
                0x0000000008004d10       0x10 ./Drivers/STM32F1xx_HAL_Driver/Src/stm32f1xx_hal_uart.o
 .text.HAL_UARTEx_RxEventCallback
                0x0000000008004d20        0x2 ./Drivers/STM32F1xx_HAL_Driver/Src/stm32f1xx_hal_uart.o
                0x0000000008004d20                HAL_UARTEx_RxEventCallback
 .text.UART_Receive_IT.part.0.isra.0
                0x0000000008004d22       0x98 ./Drivers/STM32F1xx_HAL_Driver/Src/stm32f1xx_hal_uart.o
 *fill*         0x0000000008004dba        0x2 
 .text.HAL_UART_IRQHandler
                0x0000000008004dbc      0x210 ./Drivers/STM32F1xx_HAL_Driver/Src/stm32f1xx_hal_uart.o
                0x0000000008004dbc                HAL_UART_IRQHandler
 .text.__errno  0x0000000008004fcc        0xc c:/st/stm32cubeide_1.11.0/stm32cubeide/plugins/com.st.stm32cube.ide.mcu.externaltools.gnu-tools-for-stm32.10.3-2021.10.win32_1.0.100.202210260954/tools/bin/../lib/gcc/arm-none-eabi/10.3.1/../../../../arm-none-eabi/lib/thumb/v7-m/nofp\libc_nano.a(lib_a-errno.o)
                0x0000000008004fcc                __errno
 .text.__libc_init_array
                0x0000000008004fd8       0x48 c:/st/stm32cubeide_1.11.0/stm32cubeide/plugins/com.st.stm32cube.ide.mcu.externaltools.gnu-tools-for-stm32.10.3-2021.10.win32_1.0.100.202210260954/tools/bin/../lib/gcc/arm-none-eabi/10.3.1/../../../../arm-none-eabi/lib/thumb/v7-m/nofp\libc_nano.a(lib_a-init.o)
                0x0000000008004fd8                __libc_init_array
 .text.memcpy   0x0000000008005020       0x1c c:/st/stm32cubeide_1.11.0/stm32cubeide/plugins/com.st.stm32cube.ide.mcu.externaltools.gnu-tools-for-stm32.10.3-2021.10.win32_1.0.100.202210260954/tools/bin/../lib/gcc/arm-none-eabi/10.3.1/../../../../arm-none-eabi/lib/thumb/v7-m/nofp\libc_nano.a(lib_a-memcpy-stub.o)
                0x0000000008005020                memcpy
 .text.memset   0x000000000800503c       0x10 c:/st/stm32cubeide_1.11.0/stm32cubeide/plugins/com.st.stm32cube.ide.mcu.externaltools.gnu-tools-for-stm32.10.3-2021.10.win32_1.0.100.202210260954/tools/bin/../lib/gcc/arm-none-eabi/10.3.1/../../../../arm-none-eabi/lib/thumb/v7-m/nofp\libc_nano.a(lib_a-memset.o)
                0x000000000800503c                memset
 .text.sprintf  0x000000000800504c       0x40 c:/st/stm32cubeide_1.11.0/stm32cubeide/plugins/com.st.stm32cube.ide.mcu.externaltools.gnu-tools-for-stm32.10.3-2021.10.win32_1.0.100.202210260954/tools/bin/../lib/gcc/arm-none-eabi/10.3.1/../../../../arm-none-eabi/lib/thumb/v7-m/nofp\libc_nano.a(lib_a-sprintf.o)
                0x000000000800504c                siprintf
                0x000000000800504c                sprintf
 .text.__ssputs_r
                0x000000000800508c       0xb6 c:/st/stm32cubeide_1.11.0/stm32cubeide/plugins/com.st.stm32cube.ide.mcu.externaltools.gnu-tools-for-stm32.10.3-2021.10.win32_1.0.100.202210260954/tools/bin/../lib/gcc/arm-none-eabi/10.3.1/../../../../arm-none-eabi/lib/thumb/v7-m/nofp\libc_nano.a(lib_a-nano-svfprintf.o)
                0x000000000800508c                __ssputs_r
 *fill*         0x0000000008005142        0x2 
 .text._svfprintf_r
                0x0000000008005144      0x200 c:/st/stm32cubeide_1.11.0/stm32cubeide/plugins/com.st.stm32cube.ide.mcu.externaltools.gnu-tools-for-stm32.10.3-2021.10.win32_1.0.100.202210260954/tools/bin/../lib/gcc/arm-none-eabi/10.3.1/../../../../arm-none-eabi/lib/thumb/v7-m/nofp\libc_nano.a(lib_a-nano-svfprintf.o)
                0x0000000008005144                _svfiprintf_r
                0x0000000008005144                _svfprintf_r
 .text._printf_common
                0x0000000008005344       0xde c:/st/stm32cubeide_1.11.0/stm32cubeide/plugins/com.st.stm32cube.ide.mcu.externaltools.gnu-tools-for-stm32.10.3-2021.10.win32_1.0.100.202210260954/tools/bin/../lib/gcc/arm-none-eabi/10.3.1/../../../../arm-none-eabi/lib/thumb/v7-m/nofp\libc_nano.a(lib_a-nano-vfprintf_i.o)
                0x0000000008005344                _printf_common
 *fill*         0x0000000008005422        0x2 
 .text._printf_i
                0x0000000008005424      0x24c c:/st/stm32cubeide_1.11.0/stm32cubeide/plugins/com.st.stm32cube.ide.mcu.externaltools.gnu-tools-for-stm32.10.3-2021.10.win32_1.0.100.202210260954/tools/bin/../lib/gcc/arm-none-eabi/10.3.1/../../../../arm-none-eabi/lib/thumb/v7-m/nofp\libc_nano.a(lib_a-nano-vfprintf_i.o)
                0x0000000008005424                _printf_i
 .text.memchr   0x0000000008005670       0x1c c:/st/stm32cubeide_1.11.0/stm32cubeide/plugins/com.st.stm32cube.ide.mcu.externaltools.gnu-tools-for-stm32.10.3-2021.10.win32_1.0.100.202210260954/tools/bin/../lib/gcc/arm-none-eabi/10.3.1/../../../../arm-none-eabi/lib/thumb/v7-m/nofp\libc_nano.a(lib_a-memchr-stub.o)
                0x0000000008005670                memchr
 .text.memmove  0x000000000800568c       0x34 c:/st/stm32cubeide_1.11.0/stm32cubeide/plugins/com.st.stm32cube.ide.mcu.externaltools.gnu-tools-for-stm32.10.3-2021.10.win32_1.0.100.202210260954/tools/bin/../lib/gcc/arm-none-eabi/10.3.1/../../../../arm-none-eabi/lib/thumb/v7-m/nofp\libc_nano.a(lib_a-memmove.o)
                0x000000000800568c                memmove
 .text._free_r  0x00000000080056c0       0x90 c:/st/stm32cubeide_1.11.0/stm32cubeide/plugins/com.st.stm32cube.ide.mcu.externaltools.gnu-tools-for-stm32.10.3-2021.10.win32_1.0.100.202210260954/tools/bin/../lib/gcc/arm-none-eabi/10.3.1/../../../../arm-none-eabi/lib/thumb/v7-m/nofp\libc_nano.a(lib_a-nano-freer.o)
                0x00000000080056c0                _free_r
 .text.sbrk_aligned
                0x0000000008005750       0x40 c:/st/stm32cubeide_1.11.0/stm32cubeide/plugins/com.st.stm32cube.ide.mcu.externaltools.gnu-tools-for-stm32.10.3-2021.10.win32_1.0.100.202210260954/tools/bin/../lib/gcc/arm-none-eabi/10.3.1/../../../../arm-none-eabi/lib/thumb/v7-m/nofp\libc_nano.a(lib_a-nano-mallocr.o)
 .text._malloc_r
                0x0000000008005790       0xe8 c:/st/stm32cubeide_1.11.0/stm32cubeide/plugins/com.st.stm32cube.ide.mcu.externaltools.gnu-tools-for-stm32.10.3-2021.10.win32_1.0.100.202210260954/tools/bin/../lib/gcc/arm-none-eabi/10.3.1/../../../../arm-none-eabi/lib/thumb/v7-m/nofp\libc_nano.a(lib_a-nano-mallocr.o)
                0x0000000008005790                _malloc_r
 .text._realloc_r
                0x0000000008005878       0x5e c:/st/stm32cubeide_1.11.0/stm32cubeide/plugins/com.st.stm32cube.ide.mcu.externaltools.gnu-tools-for-stm32.10.3-2021.10.win32_1.0.100.202210260954/tools/bin/../lib/gcc/arm-none-eabi/10.3.1/../../../../arm-none-eabi/lib/thumb/v7-m/nofp\libc_nano.a(lib_a-nano-reallocr.o)
                0x0000000008005878                _realloc_r
 *fill*         0x00000000080058d6        0x2 
 .text._sbrk_r  0x00000000080058d8       0x20 c:/st/stm32cubeide_1.11.0/stm32cubeide/plugins/com.st.stm32cube.ide.mcu.externaltools.gnu-tools-for-stm32.10.3-2021.10.win32_1.0.100.202210260954/tools/bin/../lib/gcc/arm-none-eabi/10.3.1/../../../../arm-none-eabi/lib/thumb/v7-m/nofp\libc_nano.a(lib_a-sbrkr.o)
                0x00000000080058d8                _sbrk_r
 .text.__malloc_lock
                0x00000000080058f8        0xc c:/st/stm32cubeide_1.11.0/stm32cubeide/plugins/com.st.stm32cube.ide.mcu.externaltools.gnu-tools-for-stm32.10.3-2021.10.win32_1.0.100.202210260954/tools/bin/../lib/gcc/arm-none-eabi/10.3.1/../../../../arm-none-eabi/lib/thumb/v7-m/nofp\libc_nano.a(lib_a-mlock.o)
                0x00000000080058f8                __malloc_lock
 .text.__malloc_unlock
                0x0000000008005904        0xc c:/st/stm32cubeide_1.11.0/stm32cubeide/plugins/com.st.stm32cube.ide.mcu.externaltools.gnu-tools-for-stm32.10.3-2021.10.win32_1.0.100.202210260954/tools/bin/../lib/gcc/arm-none-eabi/10.3.1/../../../../arm-none-eabi/lib/thumb/v7-m/nofp\libc_nano.a(lib_a-mlock.o)
                0x0000000008005904                __malloc_unlock
 .text._malloc_usable_size_r
                0x0000000008005910       0x10 c:/st/stm32cubeide_1.11.0/stm32cubeide/plugins/com.st.stm32cube.ide.mcu.externaltools.gnu-tools-for-stm32.10.3-2021.10.win32_1.0.100.202210260954/tools/bin/../lib/gcc/arm-none-eabi/10.3.1/../../../../arm-none-eabi/lib/thumb/v7-m/nofp\libc_nano.a(lib_a-nano-msizer.o)
                0x0000000008005910                _malloc_usable_size_r
 .text.__retarget_lock_acquire_recursive
                0x0000000008005920        0x2 c:/st/stm32cubeide_1.11.0/stm32cubeide/plugins/com.st.stm32cube.ide.mcu.externaltools.gnu-tools-for-stm32.10.3-2021.10.win32_1.0.100.202210260954/tools/bin/../lib/gcc/arm-none-eabi/10.3.1/../../../../arm-none-eabi/lib/thumb/v7-m/nofp\libc_nano.a(lib_a-lock.o)
                0x0000000008005920                __retarget_lock_acquire_recursive
 .text.__retarget_lock_release_recursive
                0x0000000008005922        0x2 c:/st/stm32cubeide_1.11.0/stm32cubeide/plugins/com.st.stm32cube.ide.mcu.externaltools.gnu-tools-for-stm32.10.3-2021.10.win32_1.0.100.202210260954/tools/bin/../lib/gcc/arm-none-eabi/10.3.1/../../../../arm-none-eabi/lib/thumb/v7-m/nofp\libc_nano.a(lib_a-lock.o)
                0x0000000008005922                __retarget_lock_release_recursive
 *(.glue_7)
 .glue_7        0x0000000008005924        0x0 linker stubs
 *(.glue_7t)
 .glue_7t       0x0000000008005924        0x0 linker stubs
 *(.eh_frame)
 .eh_frame      0x0000000008005924        0x0 c:/st/stm32cubeide_1.11.0/stm32cubeide/plugins/com.st.stm32cube.ide.mcu.externaltools.gnu-tools-for-stm32.10.3-2021.10.win32_1.0.100.202210260954/tools/bin/../lib/gcc/arm-none-eabi/10.3.1/thumb/v7-m/nofp/crtbegin.o
 *(.init)
 .init          0x0000000008005924        0x4 c:/st/stm32cubeide_1.11.0/stm32cubeide/plugins/com.st.stm32cube.ide.mcu.externaltools.gnu-tools-for-stm32.10.3-2021.10.win32_1.0.100.202210260954/tools/bin/../lib/gcc/arm-none-eabi/10.3.1/thumb/v7-m/nofp/crti.o
                0x0000000008005924                _init
 .init          0x0000000008005928        0x8 c:/st/stm32cubeide_1.11.0/stm32cubeide/plugins/com.st.stm32cube.ide.mcu.externaltools.gnu-tools-for-stm32.10.3-2021.10.win32_1.0.100.202210260954/tools/bin/../lib/gcc/arm-none-eabi/10.3.1/thumb/v7-m/nofp/crtn.o
 *(.fini)
 .fini          0x0000000008005930        0x4 c:/st/stm32cubeide_1.11.0/stm32cubeide/plugins/com.st.stm32cube.ide.mcu.externaltools.gnu-tools-for-stm32.10.3-2021.10.win32_1.0.100.202210260954/tools/bin/../lib/gcc/arm-none-eabi/10.3.1/thumb/v7-m/nofp/crti.o
                0x0000000008005930                _fini
 .fini          0x0000000008005934        0x8 c:/st/stm32cubeide_1.11.0/stm32cubeide/plugins/com.st.stm32cube.ide.mcu.externaltools.gnu-tools-for-stm32.10.3-2021.10.win32_1.0.100.202210260954/tools/bin/../lib/gcc/arm-none-eabi/10.3.1/thumb/v7-m/nofp/crtn.o
                0x000000000800593c                . = ALIGN (0x4)
                0x000000000800593c                _etext = .

.vfp11_veneer   0x000000000800593c        0x0
 .vfp11_veneer  0x000000000800593c        0x0 linker stubs

.v4_bx          0x000000000800593c        0x0
 .v4_bx         0x000000000800593c        0x0 linker stubs

.iplt           0x000000000800593c        0x0
 .iplt          0x000000000800593c        0x0 c:/st/stm32cubeide_1.11.0/stm32cubeide/plugins/com.st.stm32cube.ide.mcu.externaltools.gnu-tools-for-stm32.10.3-2021.10.win32_1.0.100.202210260954/tools/bin/../lib/gcc/arm-none-eabi/10.3.1/thumb/v7-m/nofp/crtbegin.o

.rodata         0x000000000800593c     0x2194
                0x000000000800593c                . = ALIGN (0x4)
 *(.rodata)
 *(.rodata*)
 .rodata._ZL11giants64x64
                0x000000000800593c      0x200 ./Core/Src/bitmap.o
 .rodata._ZL11hearth64x64
                0x0000000008005b3c      0x200 ./Core/Src/bitmap.o
 .rodata._ZL11twins128x64
                0x0000000008005d3c      0x400 ./Core/Src/bitmap.o
 .rodata._ZL12bramble64x64
                0x000000000800613c      0x200 ./Core/Src/bitmap.o
 .rodata._ZL12brittle64x64
                0x000000000800633c      0x200 ./Core/Src/bitmap.o
 .rodata._ZL16outerwilds128x64
                0x000000000800653c      0x400 ./Core/Src/bitmap.o
 .rodata._ZL8eye64x64
                0x000000000800693c      0x200 ./Core/Src/bitmap.o
 .rodata._ZL8sun64x64
                0x0000000008006b3c      0x200 ./Core/Src/bitmap.o
 .rodata._ZL9Font16x26
                0x0000000008006d3c      0xc98 ./Core/Src/ssd1306_fonts.o
 .rodata._Z12stateHandlerv.str1.1
                0x00000000080079d4       0x50 ./Core/Src/stateMachine.o
                                         0x52 (size before relaxing)
 .rodata.str1.1
                0x0000000008007a24       0x41 ./Core/Src/stateMachine.o
 *fill*         0x0000000008007a65        0x1 
 .rodata._ZL14explosionTimes
                0x0000000008007a66        0xe ./Core/Src/stateMachine.o
 .rodata.AHBPrescTable
                0x0000000008007a74       0x10 ./Core/Src/system_stm32f1xx.o
                0x0000000008007a74                AHBPrescTable
 .rodata.APBPrescTable
                0x0000000008007a84        0x8 ./Core/Src/system_stm32f1xx.o
                0x0000000008007a84                APBPrescTable
 .rodata.HAL_RCC_GetSysClockFreq.str1.1
                0x0000000008007a8c       0x11 ./Drivers/STM32F1xx_HAL_Driver/Src/stm32f1xx_hal_rcc.o
 .rodata._svfprintf_r.str1.1
                0x0000000008007a9d       0x11 c:/st/stm32cubeide_1.11.0/stm32cubeide/plugins/com.st.stm32cube.ide.mcu.externaltools.gnu-tools-for-stm32.10.3-2021.10.win32_1.0.100.202210260954/tools/bin/../lib/gcc/arm-none-eabi/10.3.1/../../../../arm-none-eabi/lib/thumb/v7-m/nofp\libc_nano.a(lib_a-nano-svfprintf.o)
 .rodata._printf_i.str1.1
                0x0000000008007aae       0x22 c:/st/stm32cubeide_1.11.0/stm32cubeide/plugins/com.st.stm32cube.ide.mcu.externaltools.gnu-tools-for-stm32.10.3-2021.10.win32_1.0.100.202210260954/tools/bin/../lib/gcc/arm-none-eabi/10.3.1/../../../../arm-none-eabi/lib/thumb/v7-m/nofp\libc_nano.a(lib_a-nano-vfprintf_i.o)
                0x0000000008007ad0                . = ALIGN (0x4)

.rel.dyn        0x0000000008007ad0        0x0
 .rel.iplt      0x0000000008007ad0        0x0 c:/st/stm32cubeide_1.11.0/stm32cubeide/plugins/com.st.stm32cube.ide.mcu.externaltools.gnu-tools-for-stm32.10.3-2021.10.win32_1.0.100.202210260954/tools/bin/../lib/gcc/arm-none-eabi/10.3.1/thumb/v7-m/nofp/crtbegin.o

.ARM.extab      0x0000000008007ad0        0x0
                0x0000000008007ad0                . = ALIGN (0x4)
 *(.ARM.extab* .gnu.linkonce.armextab.*)
                0x0000000008007ad0                . = ALIGN (0x4)

.ARM            0x0000000008007ad0        0x0
                0x0000000008007ad0                . = ALIGN (0x4)
                0x0000000008007ad0                __exidx_start = .
 *(.ARM.exidx*)
                0x0000000008007ad0                __exidx_end = .
                0x0000000008007ad0                . = ALIGN (0x4)

.preinit_array  0x0000000008007ad0        0x0
                0x0000000008007ad0                . = ALIGN (0x4)
                0x0000000008007ad0                PROVIDE (__preinit_array_start = .)
 *(.preinit_array*)
                0x0000000008007ad0                PROVIDE (__preinit_array_end = .)
                0x0000000008007ad0                . = ALIGN (0x4)

.init_array     0x0000000008007ad0        0x4
                0x0000000008007ad0                . = ALIGN (0x4)
                0x0000000008007ad0                PROVIDE (__init_array_start = .)
 *(SORT_BY_NAME(.init_array.*))
 *(.init_array*)
 .init_array    0x0000000008007ad0        0x4 c:/st/stm32cubeide_1.11.0/stm32cubeide/plugins/com.st.stm32cube.ide.mcu.externaltools.gnu-tools-for-stm32.10.3-2021.10.win32_1.0.100.202210260954/tools/bin/../lib/gcc/arm-none-eabi/10.3.1/thumb/v7-m/nofp/crtbegin.o
                0x0000000008007ad4                PROVIDE (__init_array_end = .)
                0x0000000008007ad4                . = ALIGN (0x4)

.fini_array     0x0000000008007ad4        0x4
                0x0000000008007ad4                . = ALIGN (0x4)
                [!provide]                        PROVIDE (__fini_array_start = .)
 *(SORT_BY_NAME(.fini_array.*))
 *(.fini_array*)
 .fini_array    0x0000000008007ad4        0x4 c:/st/stm32cubeide_1.11.0/stm32cubeide/plugins/com.st.stm32cube.ide.mcu.externaltools.gnu-tools-for-stm32.10.3-2021.10.win32_1.0.100.202210260954/tools/bin/../lib/gcc/arm-none-eabi/10.3.1/thumb/v7-m/nofp/crtbegin.o
                [!provide]                        PROVIDE (__fini_array_end = .)
                0x0000000008007ad8                . = ALIGN (0x4)
                0x0000000008007ad8                _sidata = LOADADDR (.data)

.data           0x0000000020000000      0x138 load address 0x0000000008007ad8
                0x0000000020000000                . = ALIGN (0x4)
                0x0000000020000000                _sdata = .
 *(.data)
 *(.data*)
 .data.ARGB_BR  0x0000000020000000        0x1 ./Core/Src/ARGB.o
                0x0000000020000000                ARGB_BR
 .data.songPointer
                0x0000000020000001        0x1 ./Core/Src/DFPLAYER_MINI.o
                0x0000000020000001                songPointer
 *fill*         0x0000000020000002        0x2 
 .data.previousValue
                0x0000000020000004        0x4 ./Core/Src/button.o
                0x0000000020000004                previousValue
 .data.Font_16x26
                0x0000000020000008        0x8 ./Core/Src/ssd1306_fonts.o
                0x0000000020000008                Font_16x26
 .data._ZL10healthySun
                0x0000000020000010        0x3 ./Core/Src/stateMachine.o
 .data._ZL12explosionRGB
                0x0000000020000013       0x18 ./Core/Src/stateMachine.o
 .data._ZL6redSun
                0x000000002000002b        0x3 ./Core/Src/stateMachine.o
 *fill*         0x000000002000002e        0x2 
 .data.currentState
                0x0000000020000030        0x4 ./Core/Src/stateMachine.o
                0x0000000020000030                currentState
 .data.lightLevel
                0x0000000020000034        0x1 ./Core/Src/stateMachine.o
                0x0000000020000034                lightLevel
 *fill*         0x0000000020000035        0x3 
 .data.lightSetting
                0x0000000020000038        0x4 ./Core/Src/stateMachine.o
                0x0000000020000038                lightSetting
 .data.miscDirection
                0x000000002000003c        0x4 ./Core/Src/stateMachine.o
                0x000000002000003c                miscDirection
 .data.miscFlicker
                0x0000000020000040        0x4 ./Core/Src/stateMachine.o
                0x0000000020000040                miscFlicker
 .data.miscNames
                0x0000000020000044       0x20 ./Core/Src/stateMachine.o
                0x0000000020000044                miscNames
 .data.miscPicMode
                0x0000000020000064        0x4 ./Core/Src/stateMachine.o
                0x0000000020000064                miscPicMode
 .data.miscVal  0x0000000020000068       0x20 ./Core/Src/stateMachine.o
                0x0000000020000068                miscVal
 .data.nextState
                0x0000000020000088        0x4 ./Core/Src/stateMachine.o
                0x0000000020000088                nextState
 .data.previousLightSetting
                0x000000002000008c        0x4 ./Core/Src/stateMachine.o
                0x000000002000008c                previousLightSetting
 .data.previousSpeedSetting
                0x0000000020000090        0x4 ./Core/Src/stateMachine.o
                0x0000000020000090                previousSpeedSetting
 .data.previousVolume
                0x0000000020000094        0x4 ./Core/Src/stateMachine.o
                0x0000000020000094                previousVolume
 .data.settingNames
                0x0000000020000098       0x18 ./Core/Src/stateMachine.o
                0x0000000020000098                settingNames
 .data.speedSetting
                0x00000000200000b0        0x4 ./Core/Src/stateMachine.o
                0x00000000200000b0                speedSetting
 .data.timeModifier
                0x00000000200000b4        0x4 ./Core/Src/stateMachine.o
                0x00000000200000b4                timeModifier
 .data.volume   0x00000000200000b8        0x4 ./Core/Src/stateMachine.o
                0x00000000200000b8                volume
 .data.wasDisplayDataChanged
                0x00000000200000bc        0x4 ./Core/Src/stateMachine.o
                0x00000000200000bc                wasDisplayDataChanged
 .data.wasStateChanged
                0x00000000200000c0        0x4 ./Core/Src/stateMachine.o
                0x00000000200000c0                wasStateChanged
 .data.wasTimeStateChanged
                0x00000000200000c4        0x4 ./Core/Src/stateMachine.o
                0x00000000200000c4                wasTimeStateChanged
 .data.SystemCoreClock
                0x00000000200000c8        0x4 ./Core/Src/system_stm32f1xx.o
                0x00000000200000c8                SystemCoreClock
 .data.uwTickFreq
                0x00000000200000cc        0x1 ./Drivers/STM32F1xx_HAL_Driver/Src/stm32f1xx_hal.o
                0x00000000200000cc                uwTickFreq
 *fill*         0x00000000200000cd        0x3 
 .data.uwTickPrio
                0x00000000200000d0        0x4 ./Drivers/STM32F1xx_HAL_Driver/Src/stm32f1xx_hal.o
                0x00000000200000d0                uwTickPrio
 .data._impure_ptr
                0x00000000200000d4        0x4 c:/st/stm32cubeide_1.11.0/stm32cubeide/plugins/com.st.stm32cube.ide.mcu.externaltools.gnu-tools-for-stm32.10.3-2021.10.win32_1.0.100.202210260954/tools/bin/../lib/gcc/arm-none-eabi/10.3.1/../../../../arm-none-eabi/lib/thumb/v7-m/nofp\libc_nano.a(lib_a-impure.o)
                0x00000000200000d4                _impure_ptr
 .data.impure_data
                0x00000000200000d8       0x60 c:/st/stm32cubeide_1.11.0/stm32cubeide/plugins/com.st.stm32cube.ide.mcu.externaltools.gnu-tools-for-stm32.10.3-2021.10.win32_1.0.100.202210260954/tools/bin/../lib/gcc/arm-none-eabi/10.3.1/../../../../arm-none-eabi/lib/thumb/v7-m/nofp\libc_nano.a(lib_a-impure.o)
 *(.RamFunc)
 *(.RamFunc*)
                0x0000000020000138                . = ALIGN (0x4)
                0x0000000020000138                _edata = .

.igot.plt       0x0000000020000138        0x0 load address 0x0000000008007c10
 .igot.plt      0x0000000020000138        0x0 c:/st/stm32cubeide_1.11.0/stm32cubeide/plugins/com.st.stm32cube.ide.mcu.externaltools.gnu-tools-for-stm32.10.3-2021.10.win32_1.0.100.202210260954/tools/bin/../lib/gcc/arm-none-eabi/10.3.1/thumb/v7-m/nofp/crtbegin.o
                0x0000000020000138                . = ALIGN (0x4)

.bss            0x0000000020000138      0x738 load address 0x0000000008007c10
                0x0000000020000138                _sbss = .
                0x0000000020000138                __bss_start__ = _sbss
 *(.bss)
 .bss           0x0000000020000138       0x1c c:/st/stm32cubeide_1.11.0/stm32cubeide/plugins/com.st.stm32cube.ide.mcu.externaltools.gnu-tools-for-stm32.10.3-2021.10.win32_1.0.100.202210260954/tools/bin/../lib/gcc/arm-none-eabi/10.3.1/thumb/v7-m/nofp/crtbegin.o
 *(.bss*)
 .bss.ARGB_LOC_ST
                0x0000000020000154        0x1 ./Core/Src/ARGB.o
                0x0000000020000154                ARGB_LOC_ST
 *fill*         0x0000000020000155        0x1 
 .bss.BUF_COUNTER
                0x0000000020000156        0x2 ./Core/Src/ARGB.o
                0x0000000020000156                BUF_COUNTER
 .bss.PWM_BUF   0x0000000020000158       0xc0 ./Core/Src/ARGB.o
                0x0000000020000158                PWM_BUF
 .bss.PWM_HI    0x0000000020000218        0x1 ./Core/Src/ARGB.o
                0x0000000020000218                PWM_HI
 .bss.PWM_LO    0x0000000020000219        0x1 ./Core/Src/ARGB.o
                0x0000000020000219                PWM_LO
 .bss.RGB_BUF   0x000000002000021a        0x6 ./Core/Src/ARGB.o
                0x000000002000021a                RGB_BUF
 .bss.flickerTimer
                0x0000000020000220        0x2 ./Core/Src/ARGB.o
                0x0000000020000220                flickerTimer
 *fill*         0x0000000020000222        0x2 
 .bss.output    0x0000000020000224        0x4 ./Core/Src/ARGB.o
                0x0000000020000224                output
 .bss.fadeVolume
                0x0000000020000228        0x4 ./Core/Src/DFPLAYER_MINI.o
                0x0000000020000228                fadeVolume
 .bss.mainVolume
                0x000000002000022c        0x4 ./Core/Src/DFPLAYER_MINI.o
                0x000000002000022c                mainVolume
 .bss.bitmapIterator
                0x0000000020000230        0x4 ./Core/Src/bitmap.o
                0x0000000020000230                bitmapIterator
 .bss.buttonTimer
                0x0000000020000234        0x2 ./Core/Src/button.o
                0x0000000020000234                buttonTimer
 *fill*         0x0000000020000236        0x2 
 .bss.didButtonStateChanged
                0x0000000020000238        0x4 ./Core/Src/button.o
                0x0000000020000238                didButtonStateChanged
 .bss.lastButtonTime
                0x000000002000023c        0x4 ./Core/Src/button.o
                0x000000002000023c                lastButtonTime
 .bss.triggeredHeld
                0x0000000020000240        0x4 ./Core/Src/button.o
                0x0000000020000240                triggeredHeld
 .bss.previousEncoderValue
                0x0000000020000244        0x2 ./Core/Src/encoder.o
                0x0000000020000244                previousEncoderValue
 *fill*         0x0000000020000246        0x2 
 .bss.hi2c1     0x0000000020000248       0x54 ./Core/Src/i2c.o
                0x0000000020000248                hi2c1
 .bss._ZL14SSD1306_Buffer
                0x000000002000029c      0x400 ./Core/Src/ssd1306.o
 .bss._ZL7SSD1306
                0x000000002000069c        0x6 ./Core/Src/ssd1306.o
 .bss.RGBdata   0x00000000200006a2        0x3 ./Core/Src/stateMachine.o
                0x00000000200006a2                RGBdata
 .bss._ZL6sunOff
                0x00000000200006a5        0x3 ./Core/Src/stateMachine.o
 .bss.currentTimeState
                0x00000000200006a8        0x4 ./Core/Src/stateMachine.o
                0x00000000200006a8                currentTimeState
 .bss.encoderPoint
                0x00000000200006ac        0x2 ./Core/Src/stateMachine.o
                0x00000000200006ac                encoderPoint
 .bss.explosionIterator
                0x00000000200006ae        0x1 ./Core/Src/stateMachine.o
                0x00000000200006ae                explosionIterator
 *fill*         0x00000000200006af        0x1 
 .bss.flickerEnable
                0x00000000200006b0        0x4 ./Core/Src/stateMachine.o
                0x00000000200006b0                flickerEnable
 .bss.lastMinute
                0x00000000200006b4        0x4 ./Core/Src/stateMachine.o
                0x00000000200006b4                lastMinute
 .bss.lastSecond
                0x00000000200006b8        0x4 ./Core/Src/stateMachine.o
                0x00000000200006b8                lastSecond
 .bss.lastTime  0x00000000200006bc        0x4 ./Core/Src/stateMachine.o
                0x00000000200006bc                lastTime
 .bss.mainTimer
                0x00000000200006c0        0x4 ./Core/Src/stateMachine.o
                0x00000000200006c0                mainTimer
 .bss.miscEternal
                0x00000000200006c4        0x4 ./Core/Src/stateMachine.o
                0x00000000200006c4                miscEternal
 .bss.miscIterator
                0x00000000200006c8        0x4 ./Core/Src/stateMachine.o
                0x00000000200006c8                miscIterator
 .bss.miscPause
                0x00000000200006cc        0x4 ./Core/Src/stateMachine.o
                0x00000000200006cc                miscPause
 .bss.miscRepeat
                0x00000000200006d0        0x4 ./Core/Src/stateMachine.o
                0x00000000200006d0                miscRepeat
 .bss.miscScreenOff
                0x00000000200006d4        0x4 ./Core/Src/stateMachine.o
                0x00000000200006d4                miscScreenOff
 .bss.nextTimeState
                0x00000000200006d8        0x4 ./Core/Src/stateMachine.o
                0x00000000200006d8                nextTimeState
 .bss.previousSkipSetting
                0x00000000200006dc        0x4 ./Core/Src/stateMachine.o
                0x00000000200006dc                previousSkipSetting
 .bss.realTimer
                0x00000000200006e0        0x4 ./Core/Src/stateMachine.o
                0x00000000200006e0                realTimer
 .bss.refreshTimer
                0x00000000200006e4        0x2 ./Core/Src/stateMachine.o
                0x00000000200006e4                refreshTimer
 *fill*         0x00000000200006e6        0x2 
 .bss.settingsIterator
                0x00000000200006e8        0x4 ./Core/Src/stateMachine.o
                0x00000000200006e8                settingsIterator
 .bss.skipSetting
                0x00000000200006ec        0x4 ./Core/Src/stateMachine.o
                0x00000000200006ec                skipSetting
 .bss.milisecondCounter
                0x00000000200006f0        0x4 ./Core/Src/stepperHandler.o
                0x00000000200006f0                milisecondCounter
 .bss.stepsPerSecond
                0x00000000200006f4        0x4 ./Core/Src/stepperHandler.o
                0x00000000200006f4                stepsPerSecond
 .bss.__sbrk_heap_end
                0x00000000200006f8        0x4 ./Core/Src/sysmem.o
 .bss.hdma_tim1_ch3
                0x00000000200006fc       0x44 ./Core/Src/tim.o
                0x00000000200006fc                hdma_tim1_ch3
 .bss.htim1     0x0000000020000740       0x48 ./Core/Src/tim.o
                0x0000000020000740                htim1
 .bss.htim2     0x0000000020000788       0x48 ./Core/Src/tim.o
                0x0000000020000788                htim2
 .bss.htim3     0x00000000200007d0       0x48 ./Core/Src/tim.o
                0x00000000200007d0                htim3
 .bss.huart2    0x0000000020000818       0x44 ./Core/Src/usart.o
                0x0000000020000818                huart2
 .bss.uwTick    0x000000002000085c        0x4 ./Drivers/STM32F1xx_HAL_Driver/Src/stm32f1xx_hal.o
                0x000000002000085c                uwTick
 .bss.__malloc_free_list
                0x0000000020000860        0x4 c:/st/stm32cubeide_1.11.0/stm32cubeide/plugins/com.st.stm32cube.ide.mcu.externaltools.gnu-tools-for-stm32.10.3-2021.10.win32_1.0.100.202210260954/tools/bin/../lib/gcc/arm-none-eabi/10.3.1/../../../../arm-none-eabi/lib/thumb/v7-m/nofp\libc_nano.a(lib_a-nano-mallocr.o)
                0x0000000020000860                __malloc_free_list
 .bss.__malloc_sbrk_start
                0x0000000020000864        0x4 c:/st/stm32cubeide_1.11.0/stm32cubeide/plugins/com.st.stm32cube.ide.mcu.externaltools.gnu-tools-for-stm32.10.3-2021.10.win32_1.0.100.202210260954/tools/bin/../lib/gcc/arm-none-eabi/10.3.1/../../../../arm-none-eabi/lib/thumb/v7-m/nofp\libc_nano.a(lib_a-nano-mallocr.o)
                0x0000000020000864                __malloc_sbrk_start
 .bss.errno     0x0000000020000868        0x4 c:/st/stm32cubeide_1.11.0/stm32cubeide/plugins/com.st.stm32cube.ide.mcu.externaltools.gnu-tools-for-stm32.10.3-2021.10.win32_1.0.100.202210260954/tools/bin/../lib/gcc/arm-none-eabi/10.3.1/../../../../arm-none-eabi/lib/thumb/v7-m/nofp\libc_nano.a(lib_a-reent.o)
                0x0000000020000868                errno
 .bss.__lock___malloc_recursive_mutex
                0x000000002000086c        0x1 c:/st/stm32cubeide_1.11.0/stm32cubeide/plugins/com.st.stm32cube.ide.mcu.externaltools.gnu-tools-for-stm32.10.3-2021.10.win32_1.0.100.202210260954/tools/bin/../lib/gcc/arm-none-eabi/10.3.1/../../../../arm-none-eabi/lib/thumb/v7-m/nofp\libc_nano.a(lib_a-lock.o)
                0x000000002000086c                __lock___malloc_recursive_mutex
 *(COMMON)
                0x0000000020000870                . = ALIGN (0x4)
 *fill*         0x000000002000086d        0x3 
                0x0000000020000870                _ebss = .
                0x0000000020000870                __bss_end__ = _ebss

._user_heap_stack
                0x0000000020000870      0x600 load address 0x0000000008007c10
                0x0000000020000870                . = ALIGN (0x8)
                [!provide]                        PROVIDE (end = .)
                0x0000000020000870                PROVIDE (_end = .)
                0x0000000020000a70                . = (. + _Min_Heap_Size)
 *fill*         0x0000000020000870      0x200 
                0x0000000020000e70                . = (. + _Min_Stack_Size)
 *fill*         0x0000000020000a70      0x400 
                0x0000000020000e70                . = ALIGN (0x8)

/DISCARD/
 libc.a(*)
 libm.a(*)
 libgcc.a(*)

.ARM.attributes
                0x0000000000000000       0x29
 *(.ARM.attributes)
 .ARM.attributes
                0x0000000000000000       0x1d c:/st/stm32cubeide_1.11.0/stm32cubeide/plugins/com.st.stm32cube.ide.mcu.externaltools.gnu-tools-for-stm32.10.3-2021.10.win32_1.0.100.202210260954/tools/bin/../lib/gcc/arm-none-eabi/10.3.1/thumb/v7-m/nofp/crti.o
 .ARM.attributes
                0x000000000000001d       0x2d c:/st/stm32cubeide_1.11.0/stm32cubeide/plugins/com.st.stm32cube.ide.mcu.externaltools.gnu-tools-for-stm32.10.3-2021.10.win32_1.0.100.202210260954/tools/bin/../lib/gcc/arm-none-eabi/10.3.1/thumb/v7-m/nofp/crtbegin.o
 .ARM.attributes
                0x000000000000004a       0x2d ./Core/Src/ARGB.o
 .ARM.attributes
                0x0000000000000077       0x2d ./Core/Src/DFPLAYER_MINI.o
 .ARM.attributes
                0x00000000000000a4       0x2d ./Core/Src/bitmap.o
 .ARM.attributes
                0x00000000000000d1       0x2d ./Core/Src/button.o
 .ARM.attributes
                0x00000000000000fe       0x2d ./Core/Src/dma.o
 .ARM.attributes
                0x000000000000012b       0x2d ./Core/Src/encoder.o
 .ARM.attributes
                0x0000000000000158       0x2d ./Core/Src/gpio.o
 .ARM.attributes
                0x0000000000000185       0x2d ./Core/Src/i2c.o
 .ARM.attributes
                0x00000000000001b2       0x2d ./Core/Src/logic.o
 .ARM.attributes
                0x00000000000001df       0x2d ./Core/Src/main.o
 .ARM.attributes
                0x000000000000020c       0x2d ./Core/Src/ssd1306.o
 .ARM.attributes
                0x0000000000000239       0x2d ./Core/Src/ssd1306_fonts.o
 .ARM.attributes
                0x0000000000000266       0x2d ./Core/Src/stateMachine.o
 .ARM.attributes
                0x0000000000000293       0x2d ./Core/Src/stepperHandler.o
 .ARM.attributes
                0x00000000000002c0       0x2d ./Core/Src/stm32f1xx_hal_msp.o
 .ARM.attributes
                0x00000000000002ed       0x2d ./Core/Src/stm32f1xx_it.o
 .ARM.attributes
                0x000000000000031a       0x2d ./Core/Src/sysmem.o
 .ARM.attributes
                0x0000000000000347       0x2d ./Core/Src/system_stm32f1xx.o
 .ARM.attributes
                0x0000000000000374       0x2d ./Core/Src/tim.o
 .ARM.attributes
                0x00000000000003a1       0x2d ./Core/Src/usart.o
 .ARM.attributes
                0x00000000000003ce       0x21 ./Core/Startup/startup_stm32f103c6tx.o
 .ARM.attributes
                0x00000000000003ef       0x2d ./Drivers/STM32F1xx_HAL_Driver/Src/stm32f1xx_hal.o
 .ARM.attributes
                0x000000000000041c       0x2d ./Drivers/STM32F1xx_HAL_Driver/Src/stm32f1xx_hal_cortex.o
 .ARM.attributes
                0x0000000000000449       0x2d ./Drivers/STM32F1xx_HAL_Driver/Src/stm32f1xx_hal_dma.o
 .ARM.attributes
                0x0000000000000476       0x2d ./Drivers/STM32F1xx_HAL_Driver/Src/stm32f1xx_hal_gpio.o
 .ARM.attributes
                0x00000000000004a3       0x2d ./Drivers/STM32F1xx_HAL_Driver/Src/stm32f1xx_hal_i2c.o
 .ARM.attributes
                0x00000000000004d0       0x2d ./Drivers/STM32F1xx_HAL_Driver/Src/stm32f1xx_hal_rcc.o
 .ARM.attributes
                0x00000000000004fd       0x2d ./Drivers/STM32F1xx_HAL_Driver/Src/stm32f1xx_hal_tim.o
 .ARM.attributes
                0x000000000000052a       0x2d ./Drivers/STM32F1xx_HAL_Driver/Src/stm32f1xx_hal_tim_ex.o
 .ARM.attributes
                0x0000000000000557       0x2d ./Drivers/STM32F1xx_HAL_Driver/Src/stm32f1xx_hal_uart.o
 .ARM.attributes
                0x0000000000000584       0x2d c:/st/stm32cubeide_1.11.0/stm32cubeide/plugins/com.st.stm32cube.ide.mcu.externaltools.gnu-tools-for-stm32.10.3-2021.10.win32_1.0.100.202210260954/tools/bin/../lib/gcc/arm-none-eabi/10.3.1/../../../../arm-none-eabi/lib/thumb/v7-m/nofp\libc_nano.a(lib_a-errno.o)
 .ARM.attributes
                0x00000000000005b1       0x2d c:/st/stm32cubeide_1.11.0/stm32cubeide/plugins/com.st.stm32cube.ide.mcu.externaltools.gnu-tools-for-stm32.10.3-2021.10.win32_1.0.100.202210260954/tools/bin/../lib/gcc/arm-none-eabi/10.3.1/../../../../arm-none-eabi/lib/thumb/v7-m/nofp\libc_nano.a(lib_a-impure.o)
 .ARM.attributes
                0x00000000000005de       0x2d c:/st/stm32cubeide_1.11.0/stm32cubeide/plugins/com.st.stm32cube.ide.mcu.externaltools.gnu-tools-for-stm32.10.3-2021.10.win32_1.0.100.202210260954/tools/bin/../lib/gcc/arm-none-eabi/10.3.1/../../../../arm-none-eabi/lib/thumb/v7-m/nofp\libc_nano.a(lib_a-init.o)
 .ARM.attributes
                0x000000000000060b       0x2d c:/st/stm32cubeide_1.11.0/stm32cubeide/plugins/com.st.stm32cube.ide.mcu.externaltools.gnu-tools-for-stm32.10.3-2021.10.win32_1.0.100.202210260954/tools/bin/../lib/gcc/arm-none-eabi/10.3.1/../../../../arm-none-eabi/lib/thumb/v7-m/nofp\libc_nano.a(lib_a-memcpy-stub.o)
 .ARM.attributes
                0x0000000000000638       0x2d c:/st/stm32cubeide_1.11.0/stm32cubeide/plugins/com.st.stm32cube.ide.mcu.externaltools.gnu-tools-for-stm32.10.3-2021.10.win32_1.0.100.202210260954/tools/bin/../lib/gcc/arm-none-eabi/10.3.1/../../../../arm-none-eabi/lib/thumb/v7-m/nofp\libc_nano.a(lib_a-memset.o)
 .ARM.attributes
                0x0000000000000665       0x2d c:/st/stm32cubeide_1.11.0/stm32cubeide/plugins/com.st.stm32cube.ide.mcu.externaltools.gnu-tools-for-stm32.10.3-2021.10.win32_1.0.100.202210260954/tools/bin/../lib/gcc/arm-none-eabi/10.3.1/../../../../arm-none-eabi/lib/thumb/v7-m/nofp\libc_nano.a(lib_a-sprintf.o)
 .ARM.attributes
                0x0000000000000692       0x2d c:/st/stm32cubeide_1.11.0/stm32cubeide/plugins/com.st.stm32cube.ide.mcu.externaltools.gnu-tools-for-stm32.10.3-2021.10.win32_1.0.100.202210260954/tools/bin/../lib/gcc/arm-none-eabi/10.3.1/../../../../arm-none-eabi/lib/thumb/v7-m/nofp\libc_nano.a(lib_a-nano-svfprintf.o)
 .ARM.attributes
                0x00000000000006bf       0x2d c:/st/stm32cubeide_1.11.0/stm32cubeide/plugins/com.st.stm32cube.ide.mcu.externaltools.gnu-tools-for-stm32.10.3-2021.10.win32_1.0.100.202210260954/tools/bin/../lib/gcc/arm-none-eabi/10.3.1/../../../../arm-none-eabi/lib/thumb/v7-m/nofp\libc_nano.a(lib_a-nano-vfprintf_i.o)
 .ARM.attributes
                0x00000000000006ec       0x2d c:/st/stm32cubeide_1.11.0/stm32cubeide/plugins/com.st.stm32cube.ide.mcu.externaltools.gnu-tools-for-stm32.10.3-2021.10.win32_1.0.100.202210260954/tools/bin/../lib/gcc/arm-none-eabi/10.3.1/../../../../arm-none-eabi/lib/thumb/v7-m/nofp\libc_nano.a(lib_a-memchr-stub.o)
 .ARM.attributes
                0x0000000000000719       0x2d c:/st/stm32cubeide_1.11.0/stm32cubeide/plugins/com.st.stm32cube.ide.mcu.externaltools.gnu-tools-for-stm32.10.3-2021.10.win32_1.0.100.202210260954/tools/bin/../lib/gcc/arm-none-eabi/10.3.1/../../../../arm-none-eabi/lib/thumb/v7-m/nofp\libc_nano.a(lib_a-memmove.o)
 .ARM.attributes
                0x0000000000000746       0x2d c:/st/stm32cubeide_1.11.0/stm32cubeide/plugins/com.st.stm32cube.ide.mcu.externaltools.gnu-tools-for-stm32.10.3-2021.10.win32_1.0.100.202210260954/tools/bin/../lib/gcc/arm-none-eabi/10.3.1/../../../../arm-none-eabi/lib/thumb/v7-m/nofp\libc_nano.a(lib_a-nano-freer.o)
 .ARM.attributes
                0x0000000000000773       0x2d c:/st/stm32cubeide_1.11.0/stm32cubeide/plugins/com.st.stm32cube.ide.mcu.externaltools.gnu-tools-for-stm32.10.3-2021.10.win32_1.0.100.202210260954/tools/bin/../lib/gcc/arm-none-eabi/10.3.1/../../../../arm-none-eabi/lib/thumb/v7-m/nofp\libc_nano.a(lib_a-nano-mallocr.o)
 .ARM.attributes
                0x00000000000007a0       0x2d c:/st/stm32cubeide_1.11.0/stm32cubeide/plugins/com.st.stm32cube.ide.mcu.externaltools.gnu-tools-for-stm32.10.3-2021.10.win32_1.0.100.202210260954/tools/bin/../lib/gcc/arm-none-eabi/10.3.1/../../../../arm-none-eabi/lib/thumb/v7-m/nofp\libc_nano.a(lib_a-nano-reallocr.o)
 .ARM.attributes
                0x00000000000007cd       0x2d c:/st/stm32cubeide_1.11.0/stm32cubeide/plugins/com.st.stm32cube.ide.mcu.externaltools.gnu-tools-for-stm32.10.3-2021.10.win32_1.0.100.202210260954/tools/bin/../lib/gcc/arm-none-eabi/10.3.1/../../../../arm-none-eabi/lib/thumb/v7-m/nofp\libc_nano.a(lib_a-sbrkr.o)
 .ARM.attributes
                0x00000000000007fa       0x2d c:/st/stm32cubeide_1.11.0/stm32cubeide/plugins/com.st.stm32cube.ide.mcu.externaltools.gnu-tools-for-stm32.10.3-2021.10.win32_1.0.100.202210260954/tools/bin/../lib/gcc/arm-none-eabi/10.3.1/../../../../arm-none-eabi/lib/thumb/v7-m/nofp\libc_nano.a(lib_a-mlock.o)
 .ARM.attributes
                0x0000000000000827       0x2d c:/st/stm32cubeide_1.11.0/stm32cubeide/plugins/com.st.stm32cube.ide.mcu.externaltools.gnu-tools-for-stm32.10.3-2021.10.win32_1.0.100.202210260954/tools/bin/../lib/gcc/arm-none-eabi/10.3.1/../../../../arm-none-eabi/lib/thumb/v7-m/nofp\libc_nano.a(lib_a-nano-msizer.o)
 .ARM.attributes
                0x0000000000000854       0x2d c:/st/stm32cubeide_1.11.0/stm32cubeide/plugins/com.st.stm32cube.ide.mcu.externaltools.gnu-tools-for-stm32.10.3-2021.10.win32_1.0.100.202210260954/tools/bin/../lib/gcc/arm-none-eabi/10.3.1/../../../../arm-none-eabi/lib/thumb/v7-m/nofp\libc_nano.a(lib_a-reent.o)
 .ARM.attributes
                0x0000000000000881       0x2d c:/st/stm32cubeide_1.11.0/stm32cubeide/plugins/com.st.stm32cube.ide.mcu.externaltools.gnu-tools-for-stm32.10.3-2021.10.win32_1.0.100.202210260954/tools/bin/../lib/gcc/arm-none-eabi/10.3.1/../../../../arm-none-eabi/lib/thumb/v7-m/nofp\libc_nano.a(lib_a-lock.o)
 .ARM.attributes
                0x00000000000008ae       0x1d c:/st/stm32cubeide_1.11.0/stm32cubeide/plugins/com.st.stm32cube.ide.mcu.externaltools.gnu-tools-for-stm32.10.3-2021.10.win32_1.0.100.202210260954/tools/bin/../lib/gcc/arm-none-eabi/10.3.1/thumb/v7-m/nofp\libgcc.a(_arm_addsubdf3.o)
 .ARM.attributes
                0x00000000000008cb       0x1d c:/st/stm32cubeide_1.11.0/stm32cubeide/plugins/com.st.stm32cube.ide.mcu.externaltools.gnu-tools-for-stm32.10.3-2021.10.win32_1.0.100.202210260954/tools/bin/../lib/gcc/arm-none-eabi/10.3.1/thumb/v7-m/nofp\libgcc.a(_arm_muldivdf3.o)
 .ARM.attributes
                0x00000000000008e8       0x1d c:/st/stm32cubeide_1.11.0/stm32cubeide/plugins/com.st.stm32cube.ide.mcu.externaltools.gnu-tools-for-stm32.10.3-2021.10.win32_1.0.100.202210260954/tools/bin/../lib/gcc/arm-none-eabi/10.3.1/thumb/v7-m/nofp\libgcc.a(_arm_cmpdf2.o)
 .ARM.attributes
                0x0000000000000905       0x1d c:/st/stm32cubeide_1.11.0/stm32cubeide/plugins/com.st.stm32cube.ide.mcu.externaltools.gnu-tools-for-stm32.10.3-2021.10.win32_1.0.100.202210260954/tools/bin/../lib/gcc/arm-none-eabi/10.3.1/thumb/v7-m/nofp\libgcc.a(_arm_fixdfsi.o)
 .ARM.attributes
                0x0000000000000922       0x1d c:/st/stm32cubeide_1.11.0/stm32cubeide/plugins/com.st.stm32cube.ide.mcu.externaltools.gnu-tools-for-stm32.10.3-2021.10.win32_1.0.100.202210260954/tools/bin/../lib/gcc/arm-none-eabi/10.3.1/thumb/v7-m/nofp\libgcc.a(_arm_fixunsdfsi.o)
 .ARM.attributes
                0x000000000000093f       0x1d c:/st/stm32cubeide_1.11.0/stm32cubeide/plugins/com.st.stm32cube.ide.mcu.externaltools.gnu-tools-for-stm32.10.3-2021.10.win32_1.0.100.202210260954/tools/bin/../lib/gcc/arm-none-eabi/10.3.1/thumb/v7-m/nofp\libgcc.a(_arm_truncdfsf2.o)
 .ARM.attributes
                0x000000000000095c       0x1d c:/st/stm32cubeide_1.11.0/stm32cubeide/plugins/com.st.stm32cube.ide.mcu.externaltools.gnu-tools-for-stm32.10.3-2021.10.win32_1.0.100.202210260954/tools/bin/../lib/gcc/arm-none-eabi/10.3.1/thumb/v7-m/nofp\libgcc.a(_arm_addsubsf3.o)
 .ARM.attributes
                0x0000000000000979       0x1d c:/st/stm32cubeide_1.11.0/stm32cubeide/plugins/com.st.stm32cube.ide.mcu.externaltools.gnu-tools-for-stm32.10.3-2021.10.win32_1.0.100.202210260954/tools/bin/../lib/gcc/arm-none-eabi/10.3.1/thumb/v7-m/nofp\libgcc.a(_arm_muldivsf3.o)
 .ARM.attributes
                0x0000000000000996       0x1d c:/st/stm32cubeide_1.11.0/stm32cubeide/plugins/com.st.stm32cube.ide.mcu.externaltools.gnu-tools-for-stm32.10.3-2021.10.win32_1.0.100.202210260954/tools/bin/../lib/gcc/arm-none-eabi/10.3.1/thumb/v7-m/nofp\libgcc.a(_arm_fixsfsi.o)
 .ARM.attributes
                0x00000000000009b3       0x1d c:/st/stm32cubeide_1.11.0/stm32cubeide/plugins/com.st.stm32cube.ide.mcu.externaltools.gnu-tools-for-stm32.10.3-2021.10.win32_1.0.100.202210260954/tools/bin/../lib/gcc/arm-none-eabi/10.3.1/thumb/v7-m/nofp\libgcc.a(_arm_fixunssfsi.o)
 .ARM.attributes
                0x00000000000009d0       0x1d c:/st/stm32cubeide_1.11.0/stm32cubeide/plugins/com.st.stm32cube.ide.mcu.externaltools.gnu-tools-for-stm32.10.3-2021.10.win32_1.0.100.202210260954/tools/bin/../lib/gcc/arm-none-eabi/10.3.1/thumb/v7-m/nofp/crtn.o
OUTPUT(Version1.elf elf32-littlearm)
LOAD linker stubs
LOAD c:/st/stm32cubeide_1.11.0/stm32cubeide/plugins/com.st.stm32cube.ide.mcu.externaltools.gnu-tools-for-stm32.10.3-2021.10.win32_1.0.100.202210260954/tools/bin/../lib/gcc/arm-none-eabi/10.3.1/../../../../arm-none-eabi/lib/thumb/v7-m/nofp\libc.a
LOAD c:/st/stm32cubeide_1.11.0/stm32cubeide/plugins/com.st.stm32cube.ide.mcu.externaltools.gnu-tools-for-stm32.10.3-2021.10.win32_1.0.100.202210260954/tools/bin/../lib/gcc/arm-none-eabi/10.3.1/../../../../arm-none-eabi/lib/thumb/v7-m/nofp\libm.a
LOAD c:/st/stm32cubeide_1.11.0/stm32cubeide/plugins/com.st.stm32cube.ide.mcu.externaltools.gnu-tools-for-stm32.10.3-2021.10.win32_1.0.100.202210260954/tools/bin/../lib/gcc/arm-none-eabi/10.3.1/thumb/v7-m/nofp\libgcc.a

.comment        0x0000000000000000       0x50
 .comment       0x0000000000000000       0x50 ./Core/Src/ARGB.o
                                         0x51 (size before relaxing)
 .comment       0x0000000000000050       0x51 ./Core/Src/DFPLAYER_MINI.o
 .comment       0x0000000000000050       0x51 ./Core/Src/bitmap.o
 .comment       0x0000000000000050       0x51 ./Core/Src/button.o
 .comment       0x0000000000000050       0x51 ./Core/Src/dma.o
 .comment       0x0000000000000050       0x51 ./Core/Src/encoder.o
 .comment       0x0000000000000050       0x51 ./Core/Src/gpio.o
 .comment       0x0000000000000050       0x51 ./Core/Src/i2c.o
 .comment       0x0000000000000050       0x51 ./Core/Src/logic.o
 .comment       0x0000000000000050       0x51 ./Core/Src/main.o
 .comment       0x0000000000000050       0x51 ./Core/Src/ssd1306.o
 .comment       0x0000000000000050       0x51 ./Core/Src/ssd1306_fonts.o
 .comment       0x0000000000000050       0x51 ./Core/Src/stateMachine.o
 .comment       0x0000000000000050       0x51 ./Core/Src/stepperHandler.o
 .comment       0x0000000000000050       0x51 ./Core/Src/stm32f1xx_hal_msp.o
 .comment       0x0000000000000050       0x51 ./Core/Src/stm32f1xx_it.o
 .comment       0x0000000000000050       0x51 ./Core/Src/sysmem.o
 .comment       0x0000000000000050       0x51 ./Core/Src/system_stm32f1xx.o
 .comment       0x0000000000000050       0x51 ./Core/Src/tim.o
 .comment       0x0000000000000050       0x51 ./Core/Src/usart.o
 .comment       0x0000000000000050       0x51 ./Drivers/STM32F1xx_HAL_Driver/Src/stm32f1xx_hal.o
 .comment       0x0000000000000050       0x51 ./Drivers/STM32F1xx_HAL_Driver/Src/stm32f1xx_hal_cortex.o
 .comment       0x0000000000000050       0x51 ./Drivers/STM32F1xx_HAL_Driver/Src/stm32f1xx_hal_dma.o
 .comment       0x0000000000000050       0x51 ./Drivers/STM32F1xx_HAL_Driver/Src/stm32f1xx_hal_gpio.o
 .comment       0x0000000000000050       0x51 ./Drivers/STM32F1xx_HAL_Driver/Src/stm32f1xx_hal_i2c.o
 .comment       0x0000000000000050       0x51 ./Drivers/STM32F1xx_HAL_Driver/Src/stm32f1xx_hal_rcc.o
 .comment       0x0000000000000050       0x51 ./Drivers/STM32F1xx_HAL_Driver/Src/stm32f1xx_hal_tim.o
 .comment       0x0000000000000050       0x51 ./Drivers/STM32F1xx_HAL_Driver/Src/stm32f1xx_hal_tim_ex.o
 .comment       0x0000000000000050       0x51 ./Drivers/STM32F1xx_HAL_Driver/Src/stm32f1xx_hal_uart.o

.debug_frame    0x0000000000000000      0x780
 .debug_frame   0x0000000000000000       0x20 c:/st/stm32cubeide_1.11.0/stm32cubeide/plugins/com.st.stm32cube.ide.mcu.externaltools.gnu-tools-for-stm32.10.3-2021.10.win32_1.0.100.202210260954/tools/bin/../lib/gcc/arm-none-eabi/10.3.1/../../../../arm-none-eabi/lib/thumb/v7-m/nofp\libc_nano.a(lib_a-errno.o)
 .debug_frame   0x0000000000000020       0x2c c:/st/stm32cubeide_1.11.0/stm32cubeide/plugins/com.st.stm32cube.ide.mcu.externaltools.gnu-tools-for-stm32.10.3-2021.10.win32_1.0.100.202210260954/tools/bin/../lib/gcc/arm-none-eabi/10.3.1/../../../../arm-none-eabi/lib/thumb/v7-m/nofp\libc_nano.a(lib_a-init.o)
 .debug_frame   0x000000000000004c       0x28 c:/st/stm32cubeide_1.11.0/stm32cubeide/plugins/com.st.stm32cube.ide.mcu.externaltools.gnu-tools-for-stm32.10.3-2021.10.win32_1.0.100.202210260954/tools/bin/../lib/gcc/arm-none-eabi/10.3.1/../../../../arm-none-eabi/lib/thumb/v7-m/nofp\libc_nano.a(lib_a-memcpy-stub.o)
 .debug_frame   0x0000000000000074       0x20 c:/st/stm32cubeide_1.11.0/stm32cubeide/plugins/com.st.stm32cube.ide.mcu.externaltools.gnu-tools-for-stm32.10.3-2021.10.win32_1.0.100.202210260954/tools/bin/../lib/gcc/arm-none-eabi/10.3.1/../../../../arm-none-eabi/lib/thumb/v7-m/nofp\libc_nano.a(lib_a-memset.o)
 .debug_frame   0x0000000000000094       0x6c c:/st/stm32cubeide_1.11.0/stm32cubeide/plugins/com.st.stm32cube.ide.mcu.externaltools.gnu-tools-for-stm32.10.3-2021.10.win32_1.0.100.202210260954/tools/bin/../lib/gcc/arm-none-eabi/10.3.1/../../../../arm-none-eabi/lib/thumb/v7-m/nofp\libc_nano.a(lib_a-sprintf.o)
 .debug_frame   0x0000000000000100       0x90 c:/st/stm32cubeide_1.11.0/stm32cubeide/plugins/com.st.stm32cube.ide.mcu.externaltools.gnu-tools-for-stm32.10.3-2021.10.win32_1.0.100.202210260954/tools/bin/../lib/gcc/arm-none-eabi/10.3.1/../../../../arm-none-eabi/lib/thumb/v7-m/nofp\libc_nano.a(lib_a-nano-svfprintf.o)
 .debug_frame   0x0000000000000190       0x60 c:/st/stm32cubeide_1.11.0/stm32cubeide/plugins/com.st.stm32cube.ide.mcu.externaltools.gnu-tools-for-stm32.10.3-2021.10.win32_1.0.100.202210260954/tools/bin/../lib/gcc/arm-none-eabi/10.3.1/../../../../arm-none-eabi/lib/thumb/v7-m/nofp\libc_nano.a(lib_a-nano-vfprintf_i.o)
 .debug_frame   0x00000000000001f0       0x28 c:/st/stm32cubeide_1.11.0/stm32cubeide/plugins/com.st.stm32cube.ide.mcu.externaltools.gnu-tools-for-stm32.10.3-2021.10.win32_1.0.100.202210260954/tools/bin/../lib/gcc/arm-none-eabi/10.3.1/../../../../arm-none-eabi/lib/thumb/v7-m/nofp\libc_nano.a(lib_a-memchr-stub.o)
 .debug_frame   0x0000000000000218       0x28 c:/st/stm32cubeide_1.11.0/stm32cubeide/plugins/com.st.stm32cube.ide.mcu.externaltools.gnu-tools-for-stm32.10.3-2021.10.win32_1.0.100.202210260954/tools/bin/../lib/gcc/arm-none-eabi/10.3.1/../../../../arm-none-eabi/lib/thumb/v7-m/nofp\libc_nano.a(lib_a-memmove.o)
 .debug_frame   0x0000000000000240       0x38 c:/st/stm32cubeide_1.11.0/stm32cubeide/plugins/com.st.stm32cube.ide.mcu.externaltools.gnu-tools-for-stm32.10.3-2021.10.win32_1.0.100.202210260954/tools/bin/../lib/gcc/arm-none-eabi/10.3.1/../../../../arm-none-eabi/lib/thumb/v7-m/nofp\libc_nano.a(lib_a-nano-freer.o)